Component: ARM Compiler 5.06 update 7 (build 960) Tool: armlink [4d3601]

==============================================================================

Section Cross References

    user_task.o(i.Start_Task1) refers to bmi_drv.o(i.bmi270_get_data) for bmi270_get_data
    user_task.o(i.User_Task_Init) refers to rt_memcpy_w.o(.text) for __aeabi_memcpy4
    user_task.o(i.User_Task_Init) refers to cmsis_os.o(i.osThreadCreate) for osThreadCreate
    user_task.o(i.User_Task_Init) refers to user_task.o(.constdata) for .constdata
    user_task.o(i.User_Task_Init) refers to user_task.o(.data) for .data
    user_task.o(.constdata) refers to user_task.o(.conststring) for .conststring
    user_task.o(.constdata) refers to user_task.o(i.Start_Task1) for Start_Task1
    main.o(i.HAL_TIM_PeriodElapsedCallback) refers to stm32f4xx_hal.o(i.HAL_IncTick) for HAL_IncTick
    main.o(i.SystemClock_Config) refers to rt_memclr_w.o(.text) for __aeabi_memclr4
    main.o(i.SystemClock_Config) refers to stm32f4xx_hal_rcc.o(i.HAL_RCC_OscConfig) for HAL_RCC_OscConfig
    main.o(i.SystemClock_Config) refers to stm32f4xx_hal_rcc.o(i.HAL_RCC_ClockConfig) for HAL_RCC_ClockConfig
    main.o(i.main) refers to stm32f4xx_hal.o(i.HAL_Init) for HAL_Init
    main.o(i.main) refers to main.o(i.SystemClock_Config) for SystemClock_Config
    main.o(i.main) refers to gpio.o(i.MX_GPIO_Init) for MX_GPIO_Init
    main.o(i.main) refers to dma.o(i.MX_DMA_Init) for MX_DMA_Init
    main.o(i.main) refers to can.o(i.MX_CAN1_Init) for MX_CAN1_Init
    main.o(i.main) refers to can.o(i.MX_CAN2_Init) for MX_CAN2_Init
    main.o(i.main) refers to spi.o(i.MX_SPI1_Init) for MX_SPI1_Init
    main.o(i.main) refers to spi.o(i.MX_SPI2_Init) for MX_SPI2_Init
    main.o(i.main) refers to usart.o(i.MX_UART4_Init) for MX_UART4_Init
    main.o(i.main) refers to usart.o(i.MX_UART5_Init) for MX_UART5_Init
    main.o(i.main) refers to usart.o(i.MX_USART1_UART_Init) for MX_USART1_UART_Init
    main.o(i.main) refers to usart.o(i.MX_USART2_UART_Init) for MX_USART2_UART_Init
    main.o(i.main) refers to usart.o(i.MX_USART3_UART_Init) for MX_USART3_UART_Init
    main.o(i.main) refers to usart.o(i.MX_USART6_UART_Init) for MX_USART6_UART_Init
    main.o(i.main) refers to iwdg.o(i.MX_IWDG_Init) for MX_IWDG_Init
    main.o(i.main) refers to dev_drv.o(i.Device_init) for Device_init
    main.o(i.main) refers to freertos.o(i.MX_FREERTOS_Init) for MX_FREERTOS_Init
    main.o(i.main) refers to cmsis_os.o(i.osKernelStart) for osKernelStart
    gpio.o(i.MX_GPIO_Init) refers to rt_memclr_w.o(.text) for __aeabi_memclr4
    gpio.o(i.MX_GPIO_Init) refers to stm32f4xx_hal_gpio.o(i.HAL_GPIO_WritePin) for HAL_GPIO_WritePin
    gpio.o(i.MX_GPIO_Init) refers to stm32f4xx_hal_gpio.o(i.HAL_GPIO_Init) for HAL_GPIO_Init
    gpio.o(i.MX_GPIO_Init) refers to stm32f4xx_hal_cortex.o(i.HAL_NVIC_SetPriority) for HAL_NVIC_SetPriority
    gpio.o(i.MX_GPIO_Init) refers to stm32f4xx_hal_cortex.o(i.HAL_NVIC_EnableIRQ) for HAL_NVIC_EnableIRQ
    freertos.o(i.MX_FREERTOS_Init) refers to rt_memcpy_w.o(.text) for __aeabi_memcpy4
    freertos.o(i.MX_FREERTOS_Init) refers to cmsis_os.o(i.osThreadCreate) for osThreadCreate
    freertos.o(i.MX_FREERTOS_Init) refers to user_task.o(i.User_Task_Init) for User_Task_Init
    freertos.o(i.MX_FREERTOS_Init) refers to freertos.o(.constdata) for .constdata
    freertos.o(i.MX_FREERTOS_Init) refers to freertos.o(.data) for .data
    freertos.o(i.StartDefaultTask) refers to cmsis_os.o(i.osDelay) for osDelay
    freertos.o(i.vApplicationGetIdleTaskMemory) refers to freertos.o(.bss) for .bss
    freertos.o(.constdata) refers to freertos.o(.conststring) for .conststring
    freertos.o(.constdata) refers to freertos.o(i.StartDefaultTask) for StartDefaultTask
    can.o(i.HAL_CAN_MspDeInit) refers to stm32f4xx_hal_gpio.o(i.HAL_GPIO_DeInit) for HAL_GPIO_DeInit
    can.o(i.HAL_CAN_MspDeInit) refers to stm32f4xx_hal_cortex.o(i.HAL_NVIC_DisableIRQ) for HAL_NVIC_DisableIRQ
    can.o(i.HAL_CAN_MspDeInit) refers to can.o(.data) for .data
    can.o(i.HAL_CAN_MspInit) refers to rt_memclr_w.o(.text) for __aeabi_memclr4
    can.o(i.HAL_CAN_MspInit) refers to stm32f4xx_hal_gpio.o(i.HAL_GPIO_Init) for HAL_GPIO_Init
    can.o(i.HAL_CAN_MspInit) refers to stm32f4xx_hal_cortex.o(i.HAL_NVIC_SetPriority) for HAL_NVIC_SetPriority
    can.o(i.HAL_CAN_MspInit) refers to stm32f4xx_hal_cortex.o(i.HAL_NVIC_EnableIRQ) for HAL_NVIC_EnableIRQ
    can.o(i.HAL_CAN_MspInit) refers to can.o(.data) for .data
    can.o(i.MX_CAN1_Init) refers to stm32f4xx_hal_can.o(i.HAL_CAN_Init) for HAL_CAN_Init
    can.o(i.MX_CAN1_Init) refers to main.o(i.Error_Handler) for Error_Handler
    can.o(i.MX_CAN1_Init) refers to can.o(.bss) for .bss
    can.o(i.MX_CAN2_Init) refers to stm32f4xx_hal_can.o(i.HAL_CAN_Init) for HAL_CAN_Init
    can.o(i.MX_CAN2_Init) refers to main.o(i.Error_Handler) for Error_Handler
    can.o(i.MX_CAN2_Init) refers to can.o(.bss) for .bss
[...]
    static_list_lock                         0x20000a14   Data          12  armlib_lock_glue.o(.bss)
    static_lock                              0x20000a20   Data         128  armlib_lock_glue.o(.bss)
    .bss                                     0x20000aa0   Section      240  tasks.o(.bss)
    pxReadyTasksLists                        0x20000aa0   Data         140  tasks.o(.bss)
    xDelayedTaskList1                        0x20000b2c   Data          20  tasks.o(.bss)
    xDelayedTaskList2                        0x20000b40   Data          20  tasks.o(.bss)
    xPendingReadyList                        0x20000b54   Data          20  tasks.o(.bss)
    xTasksWaitingTermination                 0x20000b68   Data          20  tasks.o(.bss)
    xSuspendedTaskList                       0x20000b7c   Data          20  tasks.o(.bss)
    .bss                                     0x20000b90   Section    40960  heap_4.o(.bss)
    ucHeap                                   0x20000b90   Data       40960  heap_4.o(.bss)
    .bss                                     0x2000ab90   Section       28  bmi_drv.o(.bss)
    bmi270_raw_data                          0x2000ab90   Data          14  bmi_drv.o(.bss)
    .bss                                     0x2000abac   Section       36  can_drv.o(.bss)
    can_rx_frame                             0x2000abac   Data          36  can_drv.o(.bss)
    .bss                                     0x2000abd0   Section      768  dev_drv.o(.bss)
    uart1_rx_buf                             0x2000abd0   Data         128  dev_drv.o(.bss)
    uart2_rx_buf                             0x2000ac50   Data         128  dev_drv.o(.bss)
    uart3_rx_buf                             0x2000acd0   Data         128  dev_drv.o(.bss)
    uart4_rx_buf                             0x2000ad50   Data         128  dev_drv.o(.bss)
    uart5_rx_buf                             0x2000add0   Data         128  dev_drv.o(.bss)
    uart6_rx_buf                             0x2000ae50   Data         128  dev_drv.o(.bss)
    .bss                                     0x2000aed0   Section      768  uart_drv.o(.bss)
    uart1_rx_buf                             0x2000aed0   Data         128  uart_drv.o(.bss)
    uart2_rx_buf                             0x2000af50   Data         128  uart_drv.o(.bss)
    uart3_rx_buf                             0x2000afd0   Data         128  uart_drv.o(.bss)
    uart4_rx_buf                             0x2000b050   Data         128  uart_drv.o(.bss)
    uart5_rx_buf                             0x2000b0d0   Data         128  uart_drv.o(.bss)
    uart6_rx_buf                             0x2000b150   Data         128  uart_drv.o(.bss)
    .bss                                     0x2000b1d0   Section       96  libspace.o(.bss)
    HEAP                                     0x2000b230   Section      512  startup_stm32f407xx.o(HEAP)
    Heap_Mem                                 0x2000b230   Data         512  startup_stm32f407xx.o(HEAP)
    STACK                                    0x2000b430   Section     1024  startup_stm32f407xx.o(STACK)
    Stack_Mem                                0x2000b430   Data        1024  startup_stm32f407xx.o(STACK)
    __initial_sp                             0x2000b830   Data           0  startup_stm32f407xx.o(STACK)

    Global Symbols

    Symbol Name                              Value     Ov Type        Size  Object(Section)

    BuildAttributes$$THM_ISAv4$E$P$D$K$B$S$7EM$VFPi3$EXTD16$VFPS$VFMA$PE$A:L22UL41UL21$X:L11$S22US41US21$IEEE1$IW$USESV6$~STKCKD$USESV7$~SHL$OSPACE$ROPI$EBA8$UX$STANDARDLIB$REQ8$PRES8$EABIv2 0x00000000   Number         0  anon$$obj.o ABSOLUTE
    __ARM_use_no_argv                        0x00000000   Number         0  main.o ABSOLUTE
    __ARM_exceptions_init                     - Undefined Weak Reference
    __alloca_initialize                       - Undefined Weak Reference
    __arm_fini_                               - Undefined Weak Reference
    __arm_preinit_                            - Undefined Weak Reference
    __cxa_finalize                            - Undefined Weak Reference
    __rt_locale                               - Undefined Weak Reference
    __sigvec_lookup                           - Undefined Weak Reference
    _atexit_init                              - Undefined Weak Reference
    _call_atexit_fns                          - Undefined Weak Reference
    _clock_init                               - Undefined Weak Reference
    _fp_trap_init                             - Undefined Weak Reference
    _fp_trap_shutdown                         - Undefined Weak Reference
    _get_lc_collate                           - Undefined Weak Reference
    _get_lc_ctype                             - Undefined Weak Reference
    _get_lc_monetary                          - Undefined Weak Reference
    _get_lc_numeric                           - Undefined Weak Reference
    _get_lc_time                              - Undefined Weak Reference
    _getenv_init                              - Undefined Weak Reference
    _handle_redirection                       - Undefined Weak Reference
    _init_alloc                               - Undefined Weak Reference
    _init_user_alloc                          - Undefined Weak Reference
    _initio                                   - Undefined Weak Reference
    _rand_init                                - Undefined Weak Reference
    _signal_finish                            - Undefined Weak Reference
    _signal_init                              - Undefined Weak Reference
    _terminate_alloc                          - Undefined Weak Reference
    _terminate_user_alloc                     - Undefined Weak Reference
    _terminateio                              - Undefined Weak Reference
    __Vectors_Size                           0x00000188   Number         0  startup_stm32f407xx.o ABSOLUTE
    __Vectors                                0x08000000   Data           4  startup_stm32f407xx.o(RESET)
    __Vectors_End                            0x08000188   Data           0  startup_stm32f407xx.o(RESET)
    __main                                   0x08000189   Thumb Code     8  __main.o(!!!main)
    __scatterload                            0x08000191   Thumb Code     0  __scatter.o(!!!scatter)
    __scatterload_rt2                        0x08000191   Thumb Code    44  __scatter.o(!!!scatter)
    __scatterload_rt2_thumb_only             0x08000191   Thumb Code     0  __scatter.o(!!!scatter)
    __scatterload_null                       0x0800019f   Thumb Code     0  __scatter.o(!!!scatter)
    __scatterload_copy                       0x080001c5   Thumb Code    26  __scatter_copy.o(!!handler_copy)
    __scatterload_zeroinit                   0x080001e1   Thumb Code    28  __scatter_zi.o(!!handler_zi)
    __rt_lib_init                            0x080001fd   Thumb Code     0  libinit.o(.ARM.Collect$$libinit$$00000000)
    __rt_lib_init_fp_1                       0x080001ff   Thumb Code     0  libinit2.o(.ARM.Collect$$libinit$$00000001)
    __rt_lib_init_alloca_1                   0x08000203   Thumb Code     0  libinit2.o(.ARM.Collect$$libinit$$0000002E)
    __rt_lib_init_argv_1                     0x08000203   Thumb Code     0  libinit2.o(.ARM.Collect$$libinit$$0000002C)
    __rt_lib_init_atexit_1                   0x08000203   Thumb Code     0  libinit2.o(.ARM.Collect$$libinit$$0000001B)
    __rt_lib_init_clock_1                    0x08000203   Thumb Code     0  libinit2.o(.ARM.Collect$$libinit$$00000021)
    __rt_lib_init_cpp_2                      0x08000203   Thumb Code     0  libinit2.o(.ARM.Collect$$libinit$$00000031)
    __rt_lib_init_exceptions_1               0x08000203   Thumb Code     0  libinit2.o(.ARM.Collect$$libinit$$00000030)
    __rt_lib_init_fp_trap_1                  0x08000203   Thumb Code     0  libinit2.o(.ARM.Collect$$libinit$$0000001F)
    __rt_lib_init_getenv_1                   0x08000203   Thumb Code     0  libinit2.o(.ARM.Collect$$libinit$$00000023)
    __rt_lib_init_heap_1                     0x08000203   Thumb Code     0  libinit2.o(.ARM.Collect$$libinit$$0000000A)
    __rt_lib_init_lc_collate_1               0x08000203   Thumb Code     0  libinit2.o(.ARM.Collect$$libinit$$00000011)
    __rt_lib_init_lc_ctype_1                 0x08000203   Thumb Code     0  libinit2.o(.ARM.Collect$$libinit$$00000013)
    __rt_lib_init_lc_monetary_1              0x08000203   Thumb Code     0  libinit2.o(.ARM.Collect$$libinit$$00000015)
    __rt_lib_init_lc_numeric_1               0x08000203   Thumb Code     0  libinit2.o(.ARM.Collect$$libinit$$00000017)
    __rt_lib_init_lc_time_1                  0x08000203   Thumb Code     0  libinit2.o(.ARM.Collect$$libinit$$00000019)
    __rt_lib_init_preinit_1                  0x08000203   Thumb Code     0  libinit2.o(.ARM.Collect$$libinit$$00000004)
    __rt_lib_init_rand_1                     0x08000203   Thumb Code     0  libinit2.o(.ARM.Collect$$libinit$$0000000E)
    __rt_lib_init_signal_1                   0x08000203   Thumb Code     0  libinit2.o(.ARM.Collect$$libinit$$0000001D)
    __rt_lib_init_stdio_1                    0x08000203   Thumb Code     0  libinit2.o(.ARM.Collect$$libinit$$00000025)
    __rt_lib_init_user_alloc_1               0x08000203   Thumb Code     0  libinit2.o(.ARM.Collect$$libinit$$0000000C)
    __rt_lib_init_cpp_1                      0x08000207   Thumb Code     0  libinit2.o(.ARM.Collect$$libinit$$00000032)
    __rt_lib_init_return                     0x08000207   Thumb Code     0  libinit2.o(.ARM.Collect$$libinit$$00000033)
    __rt_lib_shutdown                        0x08000209   Thumb Code     0  libshutdown.o(.ARM.Collect$$libshutdown$$00000000)
    __rt_lib_shutdown_cpp_1                  0x0800020b   Thumb Code     0  libshutdown2.o(.ARM.Collect$$libshutdown$$00000004)
    __rt_lib_shutdown_fini_1                 0x0800020b   Thumb Code     0  libshutdown2.o(.ARM.Collect$$libshutdown$$00000002)
    __rt_lib_shutdown_fp_trap_1              0x0800020b   Thumb Code     0  libshutdown2.o(.ARM.Collect$$libshutdown$$00000009)
    __rt_lib_shutdown_heap_1                 0x0800020b   Thumb Code     0  libshutdown2.o(.ARM.Collect$$libshutdown$$00000011)
    __rt_lib_shutdown_return                 0x0800020b   Thumb Code     0  libshutdown2.o(.ARM.Collect$$libshutdown$$00000012)
    __rt_lib_shutdown_signal_1               0x0800020b   Thumb Code     0  libshutdown2.o(.ARM.Collect$$libshutdown$$0000000C)
    __rt_lib_shutdown_stdio_1                0x0800020b   Thumb Code     0  libshutdown2.o(.ARM.Collect$$libshutdown$$00000006)
    __rt_lib_shutdown_user_alloc_1           0x0800020b   Thumb Code     0  libshutdown2.o(.ARM.Collect$$libshutdown$$0000000E)
    __rt_entry                               0x0800020d   Thumb Code     0  __rtentry.o(.ARM.Collect$$rtentry$$00000000)
    __rt_entry_presh_1                       0x0800020d   Thumb Code     0  __rtentry2.o(.ARM.Collect$$rtentry$$00000002)
    __rt_entry_sh                            0x0800020d   Thumb Code     0  __rtentry4.o(.ARM.Collect$$rtentry$$00000004)
    __rt_entry_li                            0x08000213   Thumb Code     0  __rtentry2.o(.ARM.Collect$$rtentry$$0000000A)
    __rt_entry_postsh_1                      0x08000213   Thumb Code     0  __rtentry2.o(.ARM.Collect$$rtentry$$00000009)
    __rt_entry_main                          0x08000217   Thumb Code     0  __rtentry2.o(.ARM.Collect$$rtentry$$0000000D)
    __rt_entry_postli_1                      0x08000217   Thumb Code     0  __rtentry2.o(.ARM.Collect$$rtentry$$0000000C)
    __rt_exit                                0x0800021f   Thumb Code     0  rtexit.o(.ARM.Collect$$rtexit$$00000000)
    __rt_exit_ls                             0x08000221   Thumb Code     0  rtexit2.o(.ARM.Collect$$rtexit$$00000003)
    __rt_exit_prels_1                        0x08000221   Thumb Code     0  rtexit2.o(.ARM.Collect$$rtexit$$00000002)
    __rt_exit_exit                           0x08000225   Thumb Code     0  rtexit2.o(.ARM.Collect$$rtexit$$00000004)
    SVC_Handler                              0x0800022d   Thumb Code    28  port.o(.emb_text)
    __asm___6_port_c_39a90d8d__prvStartFirstTask 0x0800024d   Thumb Code    36  port.o(.emb_text)
    __asm___6_port_c_39a90d8d__prvEnableVFP  0x08000275   Thumb Code    16  port.o(.emb_text)
    PendSV_Handler                           0x08000289   Thumb Code    88  port.o(.emb_text)
    vPortGetIPSR                             0x080002e5   Thumb Code     6  port.o(.emb_text)
    Reset_Handler                            0x080002ed   Thumb Code     8  startup_stm32f407xx.o(.text)
    ADC_IRQHandler                           0x08000307   Thumb Code     0  startup_stm32f407xx.o(.text)
    CAN1_RX1_IRQHandler                      0x08000307   Thumb Code     0  startup_stm32f407xx.o(.text)
    CAN1_SCE_IRQHandler                      0x08000307   Thumb Code     0  startup_stm32f407xx.o(.text)
    CAN1_TX_IRQHandler                       0x08000307   Thumb Code     0  startup_stm32f407xx.o(.text)
    CAN2_RX1_IRQHandler                      0x08000307   Thumb Code     0  startup_stm32f407xx.o(.text)
    CAN2_SCE_IRQHandler                      0x08000307   Thumb Code     0  startup_stm32f407xx.o(.text)
    CAN2_TX_IRQHandler                       0x08000307   Thumb Code     0  startup_stm32f407xx.o(.text)
    DCMI_IRQHandler                          0x08000307   Thumb Code     0  startup_stm32f407xx.o(.text)
    DMA1_Stream6_IRQHandler                  0x08000307   Thumb Code     0  startup_stm32f407xx.o(.text)
    DMA2_Stream0_IRQHandler                  0x08000307   Thumb Code     0  startup_stm32f407xx.o(.text)
    DMA2_Stream3_IRQHandler                  0x08000307   Thumb Code     0  startup_stm32f407xx.o(.text)
    DMA2_Stream4_IRQHandler                  0x08000307   Thumb Code     0  startup_stm32f407xx.o(.text)
    DMA2_Stream5_IRQHandler                  0x08000307   Thumb Code     0  startup_stm32f407xx.o(.text)
    ETH_IRQHandler                           0x08000307   Thumb Code     0  startup_stm32f407xx.o(.text)
    ETH_WKUP_IRQHandler                      0x08000307   Thumb Code     0  startup_stm32f407xx.o(.text)
    EXTI0_IRQHandler                         0x08000307   Thumb Code     0  startup_stm32f407xx.o(.text)
    EXTI15_10_IRQHandler                     0x08000307   Thumb Code     0  startup_stm32f407xx.o(.text)
    EXTI1_IRQHandler                         0x08000307   Thumb Code     0  startup_stm32f407xx.o(.text)
    EXTI2_IRQHandler                         0x08000307   Thumb Code     0  startup_stm32f407xx.o(.text)
    EXTI3_IRQHandler                         0x08000307   Thumb Code     0  startup_stm32f407xx.o(.text)
    EXTI4_IRQHandler                         0x08000307   Thumb Code     0  startup_stm32f407xx.o(.text)
    FLASH_IRQHandler                         0x08000307   Thumb Code     0  startup_stm32f407xx.o(.text)
    FMC_IRQHandler                           0x08000307   Thumb Code     0  startup_stm32f407xx.o(.text)
    FPU_IRQHandler                           0x08000307   Thumb Code     0  startup_stm32f407xx.o(.text)
    HASH_RNG_IRQHandler                      0x08000307   Thumb Code     0  startup_stm32f407xx.o(.text)
    I2C1_ER_IRQHandler                       0x08000307   Thumb Code     0  startup_stm32f407xx.o(.text)
    I2C1_EV_IRQHandler                       0x08000307   Thumb Code     0  startup_stm32f407xx.o(.text)
    I2C2_ER_IRQHandler                       0x08000307   Thumb Code     0  startup_stm32f407xx.o(.text)
    I2C2_EV_IRQHandler                       0x08000307   Thumb Code     0  startup_stm32f407xx.o(.text)
    I2C3_ER_IRQHandler                       0x08000307   Thumb Code     0  startup_stm32f407xx.o(.text)
    I2C3_EV_IRQHandler                       0x08000307   Thumb Code     0  startup_stm32f407xx.o(.text)
    OTG_FS_IRQHandler                        0x08000307   Thumb Code     0  startup_stm32f407xx.o(.text)
    OTG_FS_WKUP_IRQHandler                   0x08000307   Thumb Code     0  startup_stm32f407xx.o(.text)
    OTG_HS_EP1_IN_IRQHandler                 0x08000307   Thumb Code     0  startup_stm32f407xx.o(.text)
    OTG_HS_EP1_OUT_IRQHandler                0x08000307   Thumb Code     0  startup_stm32f407xx.o(.text)
    OTG_HS_IRQHandler                        0x08000307   Thumb Code     0  startup_stm32f407xx.o(.text)
    OTG_HS_WKUP_IRQHandler                   0x08000307   Thumb Code     0  startup_stm32f407xx.o(.text)
    PVD_IRQHandler                           0x08000307   Thumb Code     0  startup_stm32f407xx.o(.text)
    RCC_IRQHandler                           0x08000307   Thumb Code     0  startup_stm32f407xx.o(.text)
    RTC_Alarm_IRQHandler                     0x08000307   Thumb Code     0  startup_stm32f407xx.o(.text)
    RTC_WKUP_IRQHandler                      0x08000307   Thumb Code     0  startup_stm32f407xx.o(.text)
    SDIO_IRQHandler                          0x08000307   Thumb Code     0  startup_stm32f407xx.o(.text)
    SPI1_IRQHandler                          0x08000307   Thumb Code     0  startup_stm32f407xx.o(.text)
    SPI2_IRQHandler                          0x08000307   Thumb Code     0  startup_stm32f407xx.o(.text)
    SPI3_IRQHandler                          0x08000307   Thumb Code     0  startup_stm32f407xx.o(.text)
    TAMP_STAMP_IRQHandler                    0x08000307   Thumb Code     0  startup_stm32f407xx.o(.text)
    TIM1_BRK_TIM9_IRQHandler                 0x08000307   Thumb Code     0  startup_stm32f407xx.o(.text)
    TIM1_CC_IRQHandler                       0x08000307   Thumb Code     0  startup_stm32f407xx.o(.text)
    TIM1_TRG_COM_TIM11_IRQHandler            0x08000307   Thumb Code     0  startup_stm32f407xx.o(.text)
    TIM1_UP_TIM10_IRQHandler                 0x08000307   Thumb Code     0  startup_stm32f407xx.o(.text)
    TIM3_IRQHandler                          0x08000307   Thumb Code     0  startup_stm32f407xx.o(.text)
    TIM4_IRQHandler                          0x08000307   Thumb Code     0  startup_stm32f407xx.o(.text)
    TIM5_IRQHandler                          0x08000307   Thumb Code     0  startup_stm32f407xx.o(.text)
    TIM6_DAC_IRQHandler                      0x08000307   Thumb Code     0  startup_stm32f407xx.o(.text)
    TIM7_IRQHandler                          0x08000307   Thumb Code     0  startup_stm32f407xx.o(.text)
    TIM8_BRK_TIM12_IRQHandler                0x08000307   Thumb Code     0  startup_stm32f407xx.o(.text)
    TIM8_CC_IRQHandler                       0x08000307   Thumb Code     0  startup_stm32f407xx.o(.text)
    TIM8_TRG_COM_TIM14_IRQHandler            0x08000307   Thumb Code     0  startup_stm32f407xx.o(.text)
    TIM8_UP_TIM13_IRQHandler                 0x08000307   Thumb Code     0  startup_stm32f407xx.o(.text)
    WWDG_IRQHandler                          0x08000307   Thumb Code     0  startup_stm32f407xx.o(.text)
    __user_initial_stackheap                 0x08000309   Thumb Code     0  startup_stm32f407xx.o(.text)
    __aeabi_uldivmod                         0x0800032d   Thumb Code     0  lludivv7m.o(.text)
    _ll_udiv                                 0x0800032d   Thumb Code   238  lludivv7m.o(.text)
    __aeabi_memcpy                           0x0800041b   Thumb Code     0  rt_memcpy_v6.o(.text)
    __rt_memcpy                              0x0800041b   Thumb Code   138  rt_memcpy_v6.o(.text)
    _memcpy_lastbytes                        0x08000481   Thumb Code     0  rt_memcpy_v6.o(.text)
    __aeabi_memcpy4                          0x080004a5   Thumb Code     0  rt_memcpy_w.o(.text)
    __aeabi_memcpy8                          0x080004a5   Thumb Code     0  rt_memcpy_w.o(.text)
    __rt_memcpy_w                            0x080004a5   Thumb Code   100  rt_memcpy_w.o(.text)
    _memcpy_lastbytes_aligned                0x080004ed   Thumb Code     0  rt_memcpy_w.o(.text)
    __aeabi_memclr                           0x08000509   Thumb Code     0  rt_memclr.o(.text)
    __rt_memclr                              0x08000509   Thumb Code    68  rt_memclr.o(.text)
    _memset                                  0x0800050d   Thumb Code     0  rt_memclr.o(.text)
    __aeabi_memclr4                          0x0800054d   Thumb Code     0  rt_memclr_w.o(.text)
    __aeabi_memclr8                          0x0800054d   Thumb Code     0  rt_memclr_w.o(.text)
    __rt_memclr_w                            0x0800054d   Thumb Code    78  rt_memclr_w.o(.text)
    _memset_w                                0x08000551   Thumb Code     0  rt_memclr_w.o(.text)
    __use_two_region_memory                  0x0800059b   Thumb Code     2  heapauxi.o(.text)
    __rt_heap_escrow$2region                 0x0800059d   Thumb Code     2  heapauxi.o(.text)
    __rt_heap_expand$2region                 0x0800059f   Thumb Code     2  heapauxi.o(.text)
    __cpp_initialize__aeabi_                 0x080005a1   Thumb Code    26  init_aeabi.o(.text)
    __user_setup_stackheap                   0x080005c5   Thumb Code    74  sys_stackheap_outer.o(.text)
    exit                                     0x0800060f   Thumb Code    18  exit.o(.text)
    __user_libspace                          0x08000621   Thumb Code     8  libspace.o(.text)
    __user_perproc_libspace                  0x08000621   Thumb Code     0  libspace.o(.text)
    __user_perthread_libspace                0x08000621   Thumb Code     0  libspace.o(.text)
    _sys_exit                                0x08000629   Thumb Code     8  sys_exit.o(.text)
    __I$use$semihosting                      0x08000635   Thumb Code     0  use_no_semi.o(.text)
    __use_no_semihosting_swi                 0x08000635   Thumb Code     2  use_no_semi.o(.text)
    BusFault_Handler                         0x08000637   Thumb Code     2  stm32f4xx_it.o(i.BusFault_Handler)
    __semihosting_library_function           0x08000637   Thumb Code     0  indicate_semi.o(.text)
    CAN1_RX0_IRQHandler                      0x08000639   Thumb Code     6  stm32f4xx_it.o(i.CAN1_RX0_IRQHandler)
    CAN2_RX0_IRQHandler                      0x08000645   Thumb Code     6  stm32f4xx_it.o(i.CAN2_RX0_IRQHandler)
    CAN_Enable                               0x08000651   Thumb Code    58  can_drv.o(i.CAN_Enable)
    DMA1_Stream0_IRQHandler                  0x0800068d   Thumb Code     6  stm32f4xx_it.o(i.DMA1_Stream0_IRQHandler)
    DMA1_Stream1_IRQHandler                  0x08000699   Thumb Code     6  stm32f4xx_it.o(i.DMA1_Stream1_IRQHandler)
    DMA1_Stream2_IRQHandler                  0x080006a5   Thumb Code     6  stm32f4xx_it.o(i.DMA1_Stream2_IRQHandler)
    DMA1_Stream3_IRQHandler                  0x080006b1   Thumb Code     6  stm32f4xx_it.o(i.DMA1_Stream3_IRQHandler)
    DMA1_Stream4_IRQHandler                  0x080006bd   Thumb Code     6  stm32f4xx_it.o(i.DMA1_Stream4_IRQHandler)
    DMA1_Stream5_IRQHandler                  0x080006c9   Thumb Code     6  stm32f4xx_it.o(i.DMA1_Stream5_IRQHandler)
    DMA1_Stream7_IRQHandler                  0x080006d5   Thumb Code     6  stm32f4xx_it.o(i.DMA1_Stream7_IRQHandler)
    DMA2_Stream1_IRQHandler                  0x080006e1   Thumb Code     6  stm32f4xx_it.o(i.DMA2_Stream1_IRQHandler)
    DMA2_Stream2_IRQHandler                  0x080006ed   Thumb Code     6  stm32f4xx_it.o(i.DMA2_Stream2_IRQHandler)
    DMA2_Stream6_IRQHandler                  0x080006f9   Thumb Code     6  stm32f4xx_it.o(i.DMA2_Stream6_IRQHandler)
    DMA2_Stream7_IRQHandler                  0x08000705   Thumb Code     6  stm32f4xx_it.o(i.DMA2_Stream7_IRQHandler)
    DebugMon_Handler                         0x080007b5   Thumb Code     2  stm32f4xx_it.o(i.DebugMon_Handler)
    Device_init                              0x080007b9   Thumb Code    92  dev_drv.o(i.Device_init)
    EXTI9_5_IRQHandler                       0x08000841   Thumb Code    22  stm32f4xx_it.o(i.EXTI9_5_IRQHandler)
    Error_Handler                            0x08000857   Thumb Code     4  main.o(i.Error_Handler)
    HAL_CAN_ActivateNotification             0x0800085b   Thumb Code    36  stm32f4xx_hal_can.o(i.HAL_CAN_ActivateNotification)
    HAL_CAN_ConfigFilter                     0x08000881   Thumb Code   262  stm32f4xx_hal_can.o(i.HAL_CAN_ConfigFilter)
    HAL_CAN_ErrorCallback                    0x0800098d   Thumb Code     2  stm32f4xx_hal_can.o(i.HAL_CAN_ErrorCallback)
    HAL_CAN_GetRxMessage                     0x0800098f   Thumb Code   244  stm32f4xx_hal_can.o(i.HAL_CAN_GetRxMessage)
    HAL_CAN_IRQHandler                       0x08000a83   Thumb Code   508  stm32f4xx_hal_can.o(i.HAL_CAN_IRQHandler)
    HAL_CAN_Init                             0x08000c7f   Thumb Code   282  stm32f4xx_hal_can.o(i.HAL_CAN_Init)
    HAL_CAN_MspInit                          0x08000d99   Thumb Code   238  can.o(i.HAL_CAN_MspInit)
    HAL_CAN_RxFifo0FullCallback              0x08000e9d   Thumb Code     2  stm32f4xx_hal_can.o(i.HAL_CAN_RxFifo0FullCallback)
    HAL_CAN_RxFifo0MsgPendingCallback        0x08000ea1   Thumb Code    52  can_drv.o(i.HAL_CAN_RxFifo0MsgPendingCallback)
    HAL_CAN_RxFifo1FullCallback              0x08000ee1   Thumb Code     2  stm32f4xx_hal_can.o(i.HAL_CAN_RxFifo1FullCallback)
    HAL_CAN_RxFifo1MsgPendingCallback        0x08000ee3   Thumb Code     2  stm32f4xx_hal_can.o(i.HAL_CAN_RxFifo1MsgPendingCallback)
    HAL_CAN_SleepCallback                    0x08000ee5   Thumb Code     2  stm32f4xx_hal_can.o(i.HAL_CAN_SleepCallback)
    HAL_CAN_Start                            0x08000ee9   Thumb Code    88  stm32f4xx_hal_can.o(i.HAL_CAN_Start)
    HAL_CAN_TxMailbox0AbortCallback          0x08000f41   Thumb Code     2  stm32f4xx_hal_can.o(i.HAL_CAN_TxMailbox0AbortCallback)
    HAL_CAN_TxMailbox0CompleteCallback       0x08000f43   Thumb Code     2  stm32f4xx_hal_can.o(i.HAL_CAN_TxMailbox0CompleteCallback)
    HAL_CAN_TxMailbox1AbortCallback          0x08000f45   Thumb Code     2  stm32f4xx_hal_can.o(i.HAL_CAN_TxMailbox1AbortCallback)
    HAL_CAN_TxMailbox1CompleteCallback       0x08000f47   Thumb Code     2  stm32f4xx_hal_can.o(i.HAL_CAN_TxMailbox1CompleteCallback)
    HAL_CAN_TxMailbox2AbortCallback          0x08000f49   Thumb Code     2  stm32f4xx_hal_can.o(i.HAL_CAN_TxMailbox2AbortCallback)
    HAL_CAN_TxMailbox2CompleteCallback       0x08000f4b   Thumb Code     2  stm32f4xx_hal_can.o(i.HAL_CAN_TxMailbox2CompleteCallback)
    HAL_CAN_WakeUpFromRxMsgCallback          0x08000f4d   Thumb Code     2  stm32f4xx_hal_can.o(i.HAL_CAN_WakeUpFromRxMsgCallback)
    HAL_DMA_Abort                            0x08000f4f   Thumb Code   146  stm32f4xx_hal_dma.o(i.HAL_DMA_Abort)
    HAL_DMA_Abort_IT                         0x08000fe1   Thumb Code    36  stm32f4xx_hal_dma.o(i.HAL_DMA_Abort_IT)
    HAL_DMA_IRQHandler                       0x08001005   Thumb Code   412  stm32f4xx_hal_dma.o(i.HAL_DMA_IRQHandler)
    HAL_DMA_Init                             0x080011a5   Thumb Code   206  stm32f4xx_hal_dma.o(i.HAL_DMA_Init)
    HAL_DMA_Start                            0x08001279   Thumb Code    70  stm32f4xx_hal_dma.o(i.HAL_DMA_Start)
    HAL_GPIO_EXTI_Callback                   0x080012bf   Thumb Code     2  user_handler.o(i.HAL_GPIO_EXTI_Callback)
    HAL_GPIO_EXTI_IRQHandler                 0x080012c1   Thumb Code    18  stm32f4xx_hal_gpio.o(i.HAL_GPIO_EXTI_IRQHandler)
    HAL_GPIO_Init                            0x080012d9   Thumb Code   450  stm32f4xx_hal_gpio.o(i.HAL_GPIO_Init)
    HAL_GPIO_WritePin                        0x080014c9   Thumb Code    10  stm32f4xx_hal_gpio.o(i.HAL_GPIO_WritePin)
    HAL_GetTick                              0x080014d5   Thumb Code     6  stm32f4xx_hal.o(i.HAL_GetTick)
    HAL_IWDG_Init                            0x080014e1   Thumb Code    90  stm32f4xx_hal_iwdg.o(i.HAL_IWDG_Init)
    HAL_IncTick                              0x0800153d   Thumb Code    12  stm32f4xx_hal.o(i.HAL_IncTick)
    HAL_Init                                 0x0800154d   Thumb Code    48  stm32f4xx_hal.o(i.HAL_Init)
    HAL_InitTick                             0x08001581   Thumb Code   134  stm32f4xx_hal_timebase_tim.o(i.HAL_InitTick)
    HAL_MspInit                              0x08001619   Thumb Code    52  stm32f4xx_hal_msp.o(i.HAL_MspInit)
    HAL_NVIC_EnableIRQ                       0x08001651   Thumb Code    26  stm32f4xx_hal_cortex.o(i.HAL_NVIC_EnableIRQ)
    HAL_NVIC_SetPriority                     0x0800166d   Thumb Code    60  stm32f4xx_hal_cortex.o(i.HAL_NVIC_SetPriority)
    HAL_NVIC_SetPriorityGrouping             0x080016ad   Thumb Code    26  stm32f4xx_hal_cortex.o(i.HAL_NVIC_SetPriorityGrouping)
    HAL_RCC_ClockConfig                      0x080016d1   Thumb Code   288  stm32f4xx_hal_rcc.o(i.HAL_RCC_ClockConfig)
    HAL_RCC_GetClockConfig                   0x08001805   Thumb Code    54  stm32f4xx_hal_rcc.o(i.HAL_RCC_GetClockConfig)
    HAL_RCC_GetPCLK1Freq                     0x08001845   Thumb Code    20  stm32f4xx_hal_rcc.o(i.HAL_RCC_GetPCLK1Freq)
    HAL_RCC_GetPCLK2Freq                     0x08001865   Thumb Code    20  stm32f4xx_hal_rcc.o(i.HAL_RCC_GetPCLK2Freq)
    HAL_RCC_GetSysClockFreq                  0x08001885   Thumb Code    88  stm32f4xx_hal_rcc.o(i.HAL_RCC_GetSysClockFreq)
    HAL_RCC_OscConfig                        0x080018e9   Thumb Code   856  stm32f4xx_hal_rcc.o(i.HAL_RCC_OscConfig)
    HAL_SPI_Init                             0x08001c55   Thumb Code   188  stm32f4xx_hal_spi.o(i.HAL_SPI_Init)
    HAL_SPI_MspInit                          0x08001d11   Thumb Code   154  spi.o(i.HAL_SPI_MspInit)
    HAL_SPI_Receive                          0x08001dc1   Thumb Code   342  stm32f4xx_hal_spi.o(i.HAL_SPI_Receive)
    HAL_SPI_Transmit                         0x08001f17   Thumb Code   366  stm32f4xx_hal_spi.o(i.HAL_SPI_Transmit)
    HAL_SPI_TransmitReceive                  0x08002085   Thumb Code   494  stm32f4xx_hal_spi.o(i.HAL_SPI_TransmitReceive)
    HAL_TIMEx_BreakCallback                  0x08002273   Thumb Code     2  stm32f4xx_hal_tim_ex.o(i.HAL_TIMEx_BreakCallback)
    HAL_TIMEx_CommutCallback                 0x08002275   Thumb Code     2  stm32f4xx_hal_tim_ex.o(i.HAL_TIMEx_CommutCallback)
    HAL_TIM_Base_Init                        0x08002277   Thumb Code    90  stm32f4xx_hal_tim.o(i.HAL_TIM_Base_Init)
    HAL_TIM_Base_MspInit                     0x080022d1   Thumb Code     2  stm32f4xx_hal_tim.o(i.HAL_TIM_Base_MspInit)
    HAL_TIM_Base_Start_IT                    0x080022d5   Thumb Code   100  stm32f4xx_hal_tim.o(i.HAL_TIM_Base_Start_IT)
    HAL_TIM_IC_CaptureCallback               0x08002355   Thumb Code     2  stm32f4xx_hal_tim.o(i.HAL_TIM_IC_CaptureCallback)
    HAL_TIM_IRQHandler                       0x08002357   Thumb Code   304  stm32f4xx_hal_tim.o(i.HAL_TIM_IRQHandler)
    HAL_TIM_OC_DelayElapsedCallback          0x08002487   Thumb Code     2  stm32f4xx_hal_tim.o(i.HAL_TIM_OC_DelayElapsedCallback)
    HAL_TIM_PWM_PulseFinishedCallback        0x08002489   Thumb Code     2  stm32f4xx_hal_tim.o(i.HAL_TIM_PWM_PulseFinishedCallback)
    HAL_TIM_PeriodElapsedCallback            0x0800248b   Thumb Code    14  main.o(i.HAL_TIM_PeriodElapsedCallback)
    HAL_TIM_TriggerCallback                  0x08002499   Thumb Code     2  stm32f4xx_hal_tim.o(i.HAL_TIM_TriggerCallback)
    HAL_UARTEx_RxEventCallback               0x0800249b   Thumb Code     2  stm32f4xx_hal_uart.o(i.HAL_UARTEx_RxEventCallback)
    HAL_UART_ErrorCallback                   0x0800249d   Thumb Code     2  stm32f4xx_hal_uart.o(i.HAL_UART_ErrorCallback)
    HAL_UART_IRQHandler                      0x080024a1   Thumb Code   618  stm32f4xx_hal_uart.o(i.HAL_UART_IRQHandler)
    HAL_UART_Init                            0x08002711   Thumb Code   100  stm32f4xx_hal_uart.o(i.HAL_UART_Init)
    HAL_UART_MspInit                         0x08002775   Thumb Code  1206  usart.o(i.HAL_UART_MspInit)
    HAL_UART_RxCpltCallback                  0x08002c35   Thumb Code     2  stm32f4xx_hal_uart.o(i.HAL_UART_RxCpltCallback)
    HAL_UART_TxCpltCallback                  0x08002c37   Thumb Code     2  stm32f4xx_hal_uart.o(i.HAL_UART_TxCpltCallback)
    HardFault_Handler                        0x08002c39   Thumb Code     2  stm32f4xx_it.o(i.HardFault_Handler)
    MX_CAN1_Init                             0x08002c3d   Thumb Code    62  can.o(i.MX_CAN1_Init)
    MX_CAN2_Init                             0x08002c85   Thumb Code    62  can.o(i.MX_CAN2_Init)
    MX_DMA_Init                              0x08002ccd   Thumb Code   216  dma.o(i.MX_DMA_Init)
    MX_FREERTOS_Init                         0x08002da9   Thumb Code    34  freertos.o(i.MX_FREERTOS_Init)
    MX_GPIO_Init                             0x08002dd5   Thumb Code   380  gpio.o(i.MX_GPIO_Init)
    MX_IWDG_Init                             0x08002f69   Thumb Code    36  iwdg.o(i.MX_IWDG_Init)
    MX_SPI1_Init                             0x08002f95   Thumb Code    60  spi.o(i.MX_SPI1_Init)
    MX_SPI2_Init                             0x08002fd9   Thumb Code    62  spi.o(i.MX_SPI2_Init)
    MX_UART4_Init                            0x08003021   Thumb Code    48  usart.o(i.MX_UART4_Init)
    MX_UART5_Init                            0x08003059   Thumb Code    48  usart.o(i.MX_UART5_Init)
    MX_USART1_UART_Init                      0x08003091   Thumb Code    48  usart.o(i.MX_USART1_UART_Init)
    MX_USART2_UART_Init                      0x080030c9   Thumb Code    46  usart.o(i.MX_USART2_UART_Init)
    MX_USART3_UART_Init                      0x08003105   Thumb Code    48  usart.o(i.MX_USART3_UART_Init)
    MX_USART6_UART_Init                      0x0800313d   Thumb Code    48  usart.o(i.MX_USART6_UART_Init)
    MemManage_Handler                        0x08003175   Thumb Code     2  stm32f4xx_it.o(i.MemManage_Handler)
    NMI_Handler                              0x08003177   Thumb Code     2  stm32f4xx_it.o(i.NMI_Handler)
    SPI2_CS                                  0x08003179   Thumb Code    12  gpio_drv.o(i.SPI2_CS)
    SPI2_RX                                  0x08003189   Thumb Code    14  spi_drv.o(i.SPI2_RX)
    SPI2_TX                                  0x0800319d   Thumb Code    14  spi_drv.o(i.SPI2_TX)
    StartDefaultTask                         0x08003331   Thumb Code     8  freertos.o(i.StartDefaultTask)
    Start_Task1                              0x08003339   Thumb Code     6  user_task.o(i.Start_Task1)
    SysTick_Handler                          0x08003341   Thumb Code    38  port.o(i.SysTick_Handler)
    SystemClock_Config                       0x0800336d   Thumb Code   144  main.o(i.SystemClock_Config)
    SystemInit                               0x08003405   Thumb Code    12  system_stm32f4xx.o(i.SystemInit)
    TIM2_IRQHandler                          0x08003415   Thumb Code     6  stm32f4xx_it.o(i.TIM2_IRQHandler)
    TIM_Base_SetConfig                       0x08003421   Thumb Code   170  stm32f4xx_hal_tim.o(i.TIM_Base_SetConfig)
    UART4_IRQHandler                         0x080034f9   Thumb Code    18  stm32f4xx_it.o(i.UART4_IRQHandler)
    UART5_IRQHandler                         0x08003511   Thumb Code    18  stm32f4xx_it.o(i.UART5_IRQHandler)
    UART_Enable                              0x08003539   Thumb Code    52  uart_drv.o(i.UART_Enable)
    UART_IRQHandler                          0x080035bd   Thumb Code   184  uart_drv.o(i.UART_IRQHandler)
    USART1_IRQHandler                        0x08003869   Thumb Code    18  stm32f4xx_it.o(i.USART1_IRQHandler)
    USART2_IRQHandler                        0x08003881   Thumb Code    18  stm32f4xx_it.o(i.USART2_IRQHandler)
    USART3_IRQHandler                        0x08003899   Thumb Code    18  stm32f4xx_it.o(i.USART3_IRQHandler)
    USART6_IRQHandler                        0x080038b1   Thumb Code    18  stm32f4xx_it.o(i.USART6_IRQHandler)
    UsageFault_Handler                       0x080038c9   Thumb Code     2  stm32f4xx_it.o(i.UsageFault_Handler)
    User_Task_Init                           0x080038cd   Thumb Code    30  user_task.o(i.User_Task_Init)
    __armlib_thread_safety_init              0x08003915   Thumb Code    38  armlib_lock_glue.o(i.__armlib_thread_safety_init)
    _mutex_acquire                           0x08003941   Thumb Code    52  armlib_lock_glue.o(i._mutex_acquire)
    _mutex_free                              0x08003979   Thumb Code    50  armlib_lock_glue.o(i._mutex_free)
    _mutex_initialize                        0x080039b1   Thumb Code    94  armlib_lock_glue.o(i._mutex_initialize)
    _mutex_release                           0x08003a15   Thumb Code    52  armlib_lock_glue.o(i._mutex_release)
    bmi270_get_data                          0x08003a4d   Thumb Code   166  bmi_drv.o(i.bmi270_get_data)
    bmi270_get_sensor_config                 0x08003af9   Thumb Code   130  bmi270.o(i.bmi270_get_sensor_config)
    bmi270_init                              0x08003b7d   Thumb Code   102  bmi270.o(i.bmi270_init)
    bmi270_sensor_enable                     0x08003bf1   Thumb Code   126  bmi270.o(i.bmi270_sensor_enable)
    bmi270_set_sensor_config                 0x08003c6f   Thumb Code   126  bmi270.o(i.bmi270_set_sensor_config)
    bmi2_1us                                 0x08003ced   Thumb Code    30  bmi_drv.o(i.bmi2_1us)
    bmi2_delay_us                            0x08003d11   Thumb Code    24  bmi_drv.o(i.bmi2_delay_us)
    bmi2_extract_input_feat_config           0x08003d29   Thumb Code    54  bmi2.o(i.bmi2_extract_input_feat_config)
    bmi2_get_feat_config                     0x08003d5f   Thumb Code   160  bmi2.o(i.bmi2_get_feat_config)
    bmi2_get_feature_data                    0x08003dff   Thumb Code   132  bmi2.o(i.bmi2_get_feature_data)
    bmi2_get_gyro_cross_sense                0x08003e83   Thumb Code    64  bmi2.o(i.bmi2_get_gyro_cross_sense)
    bmi2_get_internal_status                 0x08003ec3   Thumb Code    48  bmi2.o(i.bmi2_get_internal_status)
    bmi2_get_regs                            0x08003ef3   Thumb Code   126  bmi2.o(i.bmi2_get_regs)
    bmi2_get_sensor_config                   0x08003f71   Thumb Code   276  bmi2.o(i.bmi2_get_sensor_config)
    bmi2_get_status                          0x08004085   Thumb Code    38  bmi2.o(i.bmi2_get_status)
    bmi2_map_data_int                        0x080040ab   Thumb Code   118  bmi2.o(i.bmi2_map_data_int)
    bmi2_sec_init                            0x08004121   Thumb Code   114  bmi2.o(i.bmi2_sec_init)
    bmi2_set_adv_power_save                  0x08004199   Thumb Code    84  bmi2.o(i.bmi2_set_adv_power_save)
    bmi2_set_regs                            0x080041ed   Thumb Code   156  bmi2.o(i.bmi2_set_regs)
    bmi2_set_sensor_config                   0x08004289   Thumb Code   166  bmi2.o(i.bmi2_set_sensor_config)
    bmi2_soft_reset                          0x0800432f   Thumb Code    96  bmi2.o(i.bmi2_soft_reset)
    bmi2_spi_read                            0x0800438f   Thumb Code    58  bmi_drv.o(i.bmi2_spi_read)
    bmi2_spi_write                           0x080043c9   Thumb Code    58  bmi_drv.o(i.bmi2_spi_write)
    bmi2_write_config_file                   0x08004403   Thumb Code   106  bmi2.o(i.bmi2_write_config_file)
    imu_init                                 0x08004d19   Thumb Code    84  bmi_drv.o(i.imu_init)
    main                                     0x08004d81   Thumb Code    74  main.o(i.main)
    osDelay                                  0x08004e07   Thumb Code    14  cmsis_os.o(i.osDelay)
    osKernelStart                            0x08004e15   Thumb Code    10  cmsis_os.o(i.osKernelStart)
    osThreadCreate                           0x08004e1f   Thumb Code    84  cmsis_os.o(i.osThreadCreate)
    pvPortMalloc                             0x080051c1   Thumb Code   216  heap_4.o(i.pvPortMalloc)
    pxPortInitialiseStack                    0x0800529d   Thumb Code    40  port.o(i.pxPortInitialiseStack)
    set_accel_gyro_config                    0x08005421   Thumb Code    94  bmi_drv.o(i.set_accel_gyro_config)
    uxListRemove                             0x08006083   Thumb Code    38  list.o(i.uxListRemove)
    vApplicationGetIdleTaskMemory            0x080060a9   Thumb Code    16  freertos.o(i.vApplicationGetIdleTaskMemory)
    vListInitialise                          0x080060bd   Thumb Code    22  list.o(i.vListInitialise)
    vListInitialiseItem                      0x080060d3   Thumb Code     6  list.o(i.vListInitialiseItem)
    vListInsert                              0x080060d9   Thumb Code    48  list.o(i.vListInsert)
    vListInsertEnd                           0x08006109   Thumb Code    24  list.o(i.vListInsertEnd)
    vPortEnterCritical                       0x08006121   Thumb Code    54  port.o(i.vPortEnterCritical)
    vPortExitCritical                        0x08006161   Thumb Code    34  port.o(i.vPortExitCritical)
    vPortFree                                0x08006189   Thumb Code    94  heap_4.o(i.vPortFree)
    vPortSetupTimerInterrupt                 0x080061ed   Thumb Code    32  port.o(i.vPortSetupTimerInterrupt)
    vTaskDelay                               0x08006211   Thumb Code    66  tasks.o(i.vTaskDelay)
    vTaskStartScheduler                      0x0800625d   Thumb Code    90  tasks.o(i.vTaskStartScheduler)
    vTaskSuspendAll                          0x080062c9   Thumb Code    10  tasks.o(i.vTaskSuspendAll)
    vTaskSwitchContext                       0x080062d9   Thumb Code    82  tasks.o(i.vTaskSwitchContext)
    xPortStartScheduler                      0x080063f1   Thumb Code   222  port.o(i.xPortStartScheduler)
    xTaskCreate                              0x080064e5   Thumb Code    90  tasks.o(i.xTaskCreate)
    xTaskCreateStatic                        0x0800653f   Thumb Code    86  tasks.o(i.xTaskCreateStatic)
    xTaskIncrementTick                       0x08006595   Thumb Code   194  tasks.o(i.xTaskIncrementTick)
    xTaskResumeAll                           0x08006661   Thumb Code   182  tasks.o(i.xTaskResumeAll)
    _fp_init                                 0x08006725   Thumb Code    10  fpinit.o(x$fpl$fpinit)
    __fplib_config_fpu_vfp                   0x0800672d   Thumb Code     0  fpinit.o(x$fpl$fpinit)
    __fplib_config_pureend_doubles           0x0800672d   Thumb Code     0  fpinit.o(x$fpl$fpinit)
    bmi270_config_file                       0x0800676e   Data        8192  bmi270.o(.constdata)
    bmi270_feat_in                           0x0800876e   Data          51  bmi270.o(.constdata)
    bmi270_feat_out                          0x080087a1   Data          21  bmi270.o(.constdata)
    AHBPrescTable                            0x080087be   Data          16  system_stm32f4xx.o(.constdata)
    APBPrescTable                            0x080087ce   Data           8  system_stm32f4xx.o(.constdata)
    Region$$Table$$Base                      0x080087ec   Number         0  anon$$obj.o(Region$$Table)
    Region$$Table$$Limit                     0x0800880c   Number         0  anon$$obj.o(Region$$Table)
    SHT$$INIT_ARRAY$$Base                    0x0800880c   Number         0  armlib_lock_glue.o(.init_array)
    SHT$$INIT_ARRAY$$Limit                   0x08008810   Number         0  init_aeabi.o(.init_array)
    Task1_Handler                            0x20000000   Data           4  user_task.o(.data)
    defaultTaskHandle                        0x20000004   Data           4  freertos.o(.data)
    pxCurrentTCB                             0x2000000c   Data           4  tasks.o(.data)
    rslt                                     0x20000074   Data           1  bmi_drv.o(.data)
    btick                                    0x20000078   Data           4  bmi_drv.o(.data)
    bmi270_map_int                           0x2000007c   Data          16  bmi270.o(.data)
    uwTickFreq                               0x2000008c   Data           1  stm32f4xx_hal.o(.data)
    uwTickPrio                               0x20000090   Data           4  stm32f4xx_hal.o(.data)
    uwTick                                   0x20000094   Data           4  stm32f4xx_hal.o(.data)
    SystemCoreClock                          0x20000098   Data           4  system_stm32f4xx.o(.data)
    hcan1                                    0x200002f0   Data          40  can.o(.bss)
    hcan2                                    0x20000318   Data          40  can.o(.bss)
    hiwdg                                    0x20000340   Data          12  iwdg.o(.bss)
    hspi1                                    0x2000034c   Data          88  spi.o(.bss)
    hspi2                                    0x200003a4   Data          88  spi.o(.bss)
    huart4                                   0x200003fc   Data          72  usart.o(.bss)
    huart5                                   0x20000444   Data          72  usart.o(.bss)
    huart1                                   0x2000048c   Data          72  usart.o(.bss)
    huart2                                   0x200004d4   Data          72  usart.o(.bss)
    huart3                                   0x2000051c   Data          72  usart.o(.bss)
    huart6                                   0x20000564   Data          72  usart.o(.bss)
    hdma_uart4_rx                            0x200005ac   Data          96  usart.o(.bss)
    hdma_uart4_tx                            0x2000060c   Data          96  usart.o(.bss)
    hdma_uart5_rx                            0x2000066c   Data          96  usart.o(.bss)
    hdma_uart5_tx                            0x200006cc   Data          96  usart.o(.bss)
    hdma_usart1_rx                           0x2000072c   Data          96  usart.o(.bss)
    hdma_usart1_tx                           0x2000078c   Data          96  usart.o(.bss)
    hdma_usart2_rx                           0x200007ec   Data          96  usart.o(.bss)
    hdma_usart3_rx                           0x2000084c   Data          96  usart.o(.bss)
    hdma_usart3_tx                           0x200008ac   Data          96  usart.o(.bss)
    hdma_usart6_rx                           0x2000090c   Data          96  usart.o(.bss)
    hdma_usart6_tx                           0x2000096c   Data          96  usart.o(.bss)
    htim2                                    0x200009cc   Data          72  stm32f4xx_hal_timebase_tim.o(.bss)
    test                                     0x2000ab9e   Data          14  bmi_drv.o(.bss)
    __libspace_start                         0x2000b1d0   Data          96  libspace.o(.bss)
    __temporary_stack_top$libspace           0x2000b230   Data           0  libspace.o(.bss)



==============================================================================

Memory Map of the image

  Image Entry point : 0x08000189

  Load Region LR_IROM1 (Base: 0x08000000, Size: 0x000088ac, Max: 0x00080000, ABSOLUTE)

    Execution Region ER_IROM1 (Exec base: 0x08000000, Load base: 0x08000000, Size: 0x00008810, Max: 0x00080000, ABSOLUTE)

    Exec Addr    Load Addr    Size         Type   Attr      Idx    E Section Name        Object

    0x08000000   0x08000000   0x00000188   Data   RO          926    RESET               startup_stm32f407xx.o
    0x08000188   0x08000188   0x00000008   Code   RO         6855  * !!!main             c_w.l(__main.o)
    0x08000190   0x08000190   0x00000034   Code   RO         7030    !!!scatter          c_w.l(__scatter.o)
    0x080001c4   0x080001c4   0x0000001a   Code   RO         7032    !!handler_copy      c_w.l(__scatter_copy.o)
    0x080001de   0x080001de   0x00000002   PAD
    0x080001e0   0x080001e0   0x0000001c   Code   RO         7034    !!handler_zi        c_w.l(__scatter_zi.o)
    0x080001fc   0x080001fc   0x00000002   Code   RO         6951    .ARM.Collect$$libinit$$00000000  c_w.l(libinit.o)
    0x080001fe   0x080001fe   0x00000004   Code   RO         6868    .ARM.Collect$$libinit$$00000001  c_w.l(libinit2.o)
    0x08000202   0x08000202   0x00000000   Code   RO         6871    .ARM.Collect$$libinit$$00000004  c_w.l(libinit2.o)
    0x08000202   0x08000202   0x00000000   Code   RO         6874    .ARM.Collect$$libinit$$0000000A  c_w.l(libinit2.o)
    0x08000202   0x08000202   0x00000000   Code   RO         6876    .ARM.Collect$$libinit$$0000000C  c_w.l(libinit2.o)
    0x08000202   0x08000202   0x00000000   Code   RO         6878    .ARM.Collect$$libinit$$0000000E  c_w.l(libinit2.o)
    0x08000202   0x08000202   0x00000000   Code   RO         6881    .ARM.Collect$$libinit$$00000011  c_w.l(libinit2.o)
    0x08000202   0x08000202   0x00000000   Code   RO         6883    .ARM.Collect$$libinit$$00000013  c_w.l(libinit2.o)
    0x08000202   0x08000202   0x00000000   Code   RO         6885    .ARM.Collect$$libinit$$00000015  c_w.l(libinit2.o)
    0x08000202   0x08000202   0x00000000   Code   RO         6887    .ARM.Collect$$libinit$$00000017  c_w.l(libinit2.o)
    0x08000202   0x08000202   0x00000000   Code   RO         6889    .ARM.Collect$$libinit$$00000019  c_w.l(libinit2.o)
    0x08000202   0x08000202   0x00000000   Code   RO         6891    .ARM.Collect$$libinit$$0000001B  c_w.l(libinit2.o)
    0x08000202   0x08000202   0x00000000   Code   RO         6893    .ARM.Collect$$libinit$$0000001D  c_w.l(libinit2.o)
    0x08000202   0x08000202   0x00000000   Code   RO         6895    .ARM.Collect$$libinit$$0000001F  c_w.l(libinit2.o)
    0x08000202   0x08000202   0x00000000   Code   RO         6897    .ARM.Collect$$libinit$$00000021  c_w.l(libinit2.o)
    0x08000202   0x08000202   0x00000000   Code   RO         6899    .ARM.Collect$$libinit$$00000023  c_w.l(libinit2.o)
    0x08000202   0x08000202   0x00000000   Code   RO         6901    .ARM.Collect$$libinit$$00000025  c_w.l(libinit2.o)
    0x08000202   0x08000202   0x00000000   Code   RO         6905    .ARM.Collect$$libinit$$0000002C  c_w.l(libinit2.o)
    0x08000202   0x08000202   0x00000000   Code   RO         6907    .ARM.Collect$$libinit$$0000002E  c_w.l(libinit2.o)
    0x08000202   0x08000202   0x00000000   Code   RO         6909    .ARM.Collect$$libinit$$00000030  c_w.l(libinit2.o)
    0x08000202   0x08000202   0x00000004   Code   RO         6910    .ARM.Collect$$libinit$$00000031  c_w.l(libinit2.o)
    0x08000206   0x08000206   0x00000000   Code   RO         6911    .ARM.Collect$$libinit$$00000032  c_w.l(libinit2.o)
    0x08000206   0x08000206   0x00000002   Code   RO         6912    .ARM.Collect$$libinit$$00000033  c_w.l(libinit2.o)
    0x08000208   0x08000208   0x00000002   Code   RO         6995    .ARM.Collect$$libshutdown$$00000000  c_w.l(libshutdown.o)
    0x0800020a   0x0800020a   0x00000000   Code   RO         7011    .ARM.Collect$$libshutdown$$00000002  c_w.l(libshutdown2.o)
    0x0800020a   0x0800020a   0x00000000   Code   RO         7013    .ARM.Collect$$libshutdown$$00000004  c_w.l(libshutdown2.o)
    0x0800020a   0x0800020a   0x00000000   Code   RO         7015    .ARM.Collect$$libshutdown$$00000006  c_w.l(libshutdown2.o)
    0x0800020a   0x0800020a   0x00000000   Code   RO         7018    .ARM.Collect$$libshutdown$$00000009  c_w.l(libshutdown2.o)
    0x0800020a   0x0800020a   0x00000000   Code   RO         7021    .ARM.Collect$$libshutdown$$0000000C  c_w.l(libshutdown2.o)
    0x0800020a   0x0800020a   0x00000000   Code   RO         7023    .ARM.Collect$$libshutdown$$0000000E  c_w.l(libshutdown2.o)
    0x0800020a   0x0800020a   0x00000000   Code   RO         7026    .ARM.Collect$$libshutdown$$00000011  c_w.l(libshutdown2.o)
    0x0800020a   0x0800020a   0x00000002   Code   RO         7027    .ARM.Collect$$libshutdown$$00000012  c_w.l(libshutdown2.o)
    0x0800020c   0x0800020c   0x00000000   Code   RO         6863    .ARM.Collect$$rtentry$$00000000  c_w.l(__rtentry.o)
    0x0800020c   0x0800020c   0x00000000   Code   RO         6914    .ARM.Collect$$rtentry$$00000002  c_w.l(__rtentry2.o)
    0x0800020c   0x0800020c   0x00000006   Code   RO         6926    .ARM.Collect$$rtentry$$00000004  c_w.l(__rtentry4.o)
    0x08000212   0x08000212   0x00000000   Code   RO         6916    .ARM.Collect$$rtentry$$00000009  c_w.l(__rtentry2.o)
    0x08000212   0x08000212   0x00000004   Code   RO         6917    .ARM.Collect$$rtentry$$0000000A  c_w.l(__rtentry2.o)
    0x08000216   0x08000216   0x00000000   Code   RO         6919    .ARM.Collect$$rtentry$$0000000C  c_w.l(__rtentry2.o)
    0x08000216   0x08000216   0x00000008   Code   RO         6920    .ARM.Collect$$rtentry$$0000000D  c_w.l(__rtentry2.o)
    0x0800021e   0x0800021e   0x00000002   Code   RO         6957    .ARM.Collect$$rtexit$$00000000  c_w.l(rtexit.o)
    0x08000220   0x08000220   0x00000000   Code   RO         6977    .ARM.Collect$$rtexit$$00000002  c_w.l(rtexit2.o)
    0x08000220   0x08000220   0x00000004   Code   RO         6978    .ARM.Collect$$rtexit$$00000003  c_w.l(rtexit2.o)
    0x08000224   0x08000224   0x00000006   Code   RO         6979    .ARM.Collect$$rtexit$$00000004  c_w.l(rtexit2.o)
    0x0800022a   0x0800022a   0x00000002   PAD
    0x0800022c   0x0800022c   0x000000be   Code   RO         2227    .emb_text           port.o
    0x080002ea   0x080002ea   0x00000002   PAD
    0x080002ec   0x080002ec   0x00000040   Code   RO          927    .text               startup_stm32f407xx.o
    0x0800032c   0x0800032c   0x000000ee   Code   RO         6841    .text               c_w.l(lludivv7m.o)
    0x0800041a   0x0800041a   0x0000008a   Code   RO         6843    .text               c_w.l(rt_memcpy_v6.o)
    0x080004a4   0x080004a4   0x00000064   Code   RO         6845    .text               c_w.l(rt_memcpy_w.o)
    0x08000508   0x08000508   0x00000044   Code   RO         6849    .text               c_w.l(rt_memclr.o)
    0x0800054c   0x0800054c   0x0000004e   Code   RO         6851    .text               c_w.l(rt_memclr_w.o)
    0x0800059a   0x0800059a   0x00000006   Code   RO         6853    .text               c_w.l(heapauxi.o)
    0x080005a0   0x080005a0   0x00000024   Code   RO         6860    .text               c_w.l(init_aeabi.o)
    0x080005c4   0x080005c4   0x0000004a   Code   RO         6934    .text               c_w.l(sys_stackheap_outer.o)
    0x0800060e   0x0800060e   0x00000012   Code   RO         6936    .text               c_w.l(exit.o)
    0x08000620   0x08000620   0x00000008   Code   RO         6954    .text               c_w.l(libspace.o)
    0x08000628   0x08000628   0x0000000c   Code   RO         6971    .text               c_w.l(sys_exit.o)
    0x08000634   0x08000634   0x00000002   Code   RO         6973    .text               c_w.l(use_no_semi.o)
    0x08000636   0x08000636   0x00000000   Code   RO         6975    .text               c_w.l(indicate_semi.o)
    0x08000636   0x08000636   0x00000002   Code   RO          560    i.BusFault_Handler  stm32f4xx_it.o
    0x08000638   0x08000638   0x0000000c   Code   RO          561    i.CAN1_RX0_IRQHandler  stm32f4xx_it.o
    0x08000644   0x08000644   0x0000000c   Code   RO          562    i.CAN2_RX0_IRQHandler  stm32f4xx_it.o
    0x08000650   0x08000650   0x0000003a   Code   RO         2379    i.CAN_Enable        can_drv.o
    0x0800068a   0x0800068a   0x00000002   PAD
    0x0800068c   0x0800068c   0x0000000c   Code   RO          563    i.DMA1_Stream0_IRQHandler  stm32f4xx_it.o
    0x08000698   0x08000698   0x0000000c   Code   RO          564    i.DMA1_Stream1_IRQHandler  stm32f4xx_it.o
    0x080006a4   0x080006a4   0x0000000c   Code   RO          565    i.DMA1_Stream2_IRQHandler  stm32f4xx_it.o
    0x080006b0   0x080006b0   0x0000000c   Code   RO          566    i.DMA1_Stream3_IRQHandler  stm32f4xx_it.o
    0x080006bc   0x080006bc   0x0000000c   Code   RO          567    i.DMA1_Stream4_IRQHandler  stm32f4xx_it.o
    0x080006c8   0x080006c8   0x0000000c   Code   RO          568    i.DMA1_Stream5_IRQHandler  stm32f4xx_it.o
    0x080006d4   0x080006d4   0x0000000c   Code   RO          569    i.DMA1_Stream7_IRQHandler  stm32f4xx_it.o
    0x080006e0   0x080006e0   0x0000000c   Code   RO          570    i.DMA2_Stream1_IRQHandler  stm32f4xx_it.o
    0x080006ec   0x080006ec   0x0000000c   Code   RO          571    i.DMA2_Stream2_IRQHandler  stm32f4xx_it.o
    0x080006f8   0x080006f8   0x0000000c   Code   RO          572    i.DMA2_Stream6_IRQHandler  stm32f4xx_it.o
    0x08000704   0x08000704   0x0000000c   Code   RO          573    i.DMA2_Stream7_IRQHandler  stm32f4xx_it.o
    0x08000710   0x08000710   0x00000028   Code   RO         4437    i.DMA_CalcBaseAndBitshift  stm32f4xx_hal_dma.o
    0x08000738   0x08000738   0x00000054   Code   RO         4438    i.DMA_CheckFifoParam  stm32f4xx_hal_dma.o
    0x0800078c   0x0800078c   0x00000028   Code   RO         4439    i.DMA_SetConfig     stm32f4xx_hal_dma.o
    0x080007b4   0x080007b4   0x00000002   Code   RO          574    i.DebugMon_Handler  stm32f4xx_it.o
    0x080007b6   0x080007b6   0x00000002   PAD
    0x080007b8   0x080007b8   0x00000088   Code   RO         2422    i.Device_init       dev_drv.o
    0x08000840   0x08000840   0x00000016   Code   RO          575    i.EXTI9_5_IRQHandler  stm32f4xx_it.o
    0x08000856   0x08000856   0x00000004   Code   RO          314    i.Error_Handler     main.o
    0x0800085a   0x0800085a   0x00000024   Code   RO         3745    i.HAL_CAN_ActivateNotification  stm32f4xx_hal_can.o
    0x0800087e   0x0800087e   0x00000002   PAD
    0x08000880   0x08000880   0x0000010c   Code   RO         3747    i.HAL_CAN_ConfigFilter  stm32f4xx_hal_can.o
    0x0800098c   0x0800098c   0x00000002   Code   RO         3750    i.HAL_CAN_ErrorCallback  stm32f4xx_hal_can.o
    0x0800098e   0x0800098e   0x000000f4   Code   RO         3753    i.HAL_CAN_GetRxMessage  stm32f4xx_hal_can.o
    0x08000a82   0x08000a82   0x000001fc   Code   RO         3757    i.HAL_CAN_IRQHandler  stm32f4xx_hal_can.o
    0x08000c7e   0x08000c7e   0x0000011a   Code   RO         3758    i.HAL_CAN_Init      stm32f4xx_hal_can.o
    0x08000d98   0x08000d98   0x00000104   Code   RO          458    i.HAL_CAN_MspInit   can.o
    0x08000e9c   0x08000e9c   0x00000002   Code   RO         3765    i.HAL_CAN_RxFifo0FullCallback  stm32f4xx_hal_can.o
    0x08000e9e   0x08000e9e   0x00000002   PAD
    0x08000ea0   0x08000ea0   0x00000040   Code   RO         2380    i.HAL_CAN_RxFifo0MsgPendingCallback  can_drv.o
    0x08000ee0   0x08000ee0   0x00000002   Code   RO         3767    i.HAL_CAN_RxFifo1FullCallback  stm32f4xx_hal_can.o
    0x08000ee2   0x08000ee2   0x00000002   Code   RO         3768    i.HAL_CAN_RxFifo1MsgPendingCallback  stm32f4xx_hal_can.o
    0x08000ee4   0x08000ee4   0x00000002   Code   RO         3769    i.HAL_CAN_SleepCallback  stm32f4xx_hal_can.o
    0x08000ee6   0x08000ee6   0x00000002   PAD
    0x08000ee8   0x08000ee8   0x00000058   Code   RO         3770    i.HAL_CAN_Start     stm32f4xx_hal_can.o
    0x08000f40   0x08000f40   0x00000002   Code   RO         3772    i.HAL_CAN_TxMailbox0AbortCallback  stm32f4xx_hal_can.o
    0x08000f42   0x08000f42   0x00000002   Code   RO         3773    i.HAL_CAN_TxMailbox0CompleteCallback  stm32f4xx_hal_can.o
    0x08000f44   0x08000f44   0x00000002   Code   RO         3774    i.HAL_CAN_TxMailbox1AbortCallback  stm32f4xx_hal_can.o
    0x08000f46   0x08000f46   0x00000002   Code   RO         3775    i.HAL_CAN_TxMailbox1CompleteCallback  stm32f4xx_hal_can.o
    0x08000f48   0x08000f48   0x00000002   Code   RO         3776    i.HAL_CAN_TxMailbox2AbortCallback  stm32f4xx_hal_can.o
    0x08000f4a   0x08000f4a   0x00000002   Code   RO         3777    i.HAL_CAN_TxMailbox2CompleteCallback  stm32f4xx_hal_can.o
    0x08000f4c   0x08000f4c   0x00000002   Code   RO         3779    i.HAL_CAN_WakeUpFromRxMsgCallback  stm32f4xx_hal_can.o
    0x08000f4e   0x08000f4e   0x00000092   Code   RO         4440    i.HAL_DMA_Abort     stm32f4xx_hal_dma.o
    0x08000fe0   0x08000fe0   0x00000024   Code   RO         4441    i.HAL_DMA_Abort_IT  stm32f4xx_hal_dma.o
    0x08001004   0x08001004   0x000001a0   Code   RO         4445    i.HAL_DMA_IRQHandler  stm32f4xx_hal_dma.o
    0x080011a4   0x080011a4   0x000000d4   Code   RO         4446    i.HAL_DMA_Init      stm32f4xx_hal_dma.o
    0x08001278   0x08001278   0x00000046   Code   RO         4449    i.HAL_DMA_Start     stm32f4xx_hal_dma.o
    0x080012be   0x080012be   0x00000002   Code   RO            6    i.HAL_GPIO_EXTI_Callback  user_handler.o
    0x080012c0   0x080012c0   0x00000018   Code   RO         4332    i.HAL_GPIO_EXTI_IRQHandler  stm32f4xx_hal_gpio.o
    0x080012d8   0x080012d8   0x000001f0   Code   RO         4333    i.HAL_GPIO_Init     stm32f4xx_hal_gpio.o
    0x080014c8   0x080014c8   0x0000000a   Code   RO         4337    i.HAL_GPIO_WritePin  stm32f4xx_hal_gpio.o
    0x080014d2   0x080014d2   0x00000002   PAD
    0x080014d4   0x080014d4   0x0000000c   Code   RO         4871    i.HAL_GetTick       stm32f4xx_hal.o
    0x080014e0   0x080014e0   0x0000005a   Code   RO         5116    i.HAL_IWDG_Init     stm32f4xx_hal_iwdg.o
    0x0800153a   0x0800153a   0x00000002   PAD
    0x0800153c   0x0800153c   0x00000010   Code   RO         4877    i.HAL_IncTick       stm32f4xx_hal.o
    0x0800154c   0x0800154c   0x00000034   Code   RO         4878    i.HAL_Init          stm32f4xx_hal.o
    0x08001580   0x08001580   0x00000098   Code   RO          888    i.HAL_InitTick      stm32f4xx_hal_timebase_tim.o
    0x08001618   0x08001618   0x00000038   Code   RO          864    i.HAL_MspInit       stm32f4xx_hal_msp.o
    0x08001650   0x08001650   0x0000001a   Code   RO         4723    i.HAL_NVIC_EnableIRQ  stm32f4xx_hal_cortex.o
    0x0800166a   0x0800166a   0x00000002   PAD
    0x0800166c   0x0800166c   0x00000040   Code   RO         4729    i.HAL_NVIC_SetPriority  stm32f4xx_hal_cortex.o
    0x080016ac   0x080016ac   0x00000024   Code   RO         4730    i.HAL_NVIC_SetPriorityGrouping  stm32f4xx_hal_cortex.o
    0x080016d0   0x080016d0   0x00000134   Code   RO         3979    i.HAL_RCC_ClockConfig  stm32f4xx_hal_rcc.o
    0x08001804   0x08001804   0x00000040   Code   RO         3983    i.HAL_RCC_GetClockConfig  stm32f4xx_hal_rcc.o
    0x08001844   0x08001844   0x00000020   Code   RO         3986    i.HAL_RCC_GetPCLK1Freq  stm32f4xx_hal_rcc.o
    0x08001864   0x08001864   0x00000020   Code   RO         3987    i.HAL_RCC_GetPCLK2Freq  stm32f4xx_hal_rcc.o
    0x08001884   0x08001884   0x00000064   Code   RO         3988    i.HAL_RCC_GetSysClockFreq  stm32f4xx_hal_rcc.o
    0x080018e8   0x080018e8   0x0000036c   Code   RO         3991    i.HAL_RCC_OscConfig  stm32f4xx_hal_rcc.o
    0x08001c54   0x08001c54   0x000000bc   Code   RO         5157    i.HAL_SPI_Init      stm32f4xx_hal_spi.o
    0x08001d10   0x08001d10   0x000000b0   Code   RO          745    i.HAL_SPI_MspInit   spi.o
    0x08001dc0   0x08001dc0   0x00000156   Code   RO         5160    i.HAL_SPI_Receive   stm32f4xx_hal_spi.o
    0x08001f16   0x08001f16   0x0000016e   Code   RO         5165    i.HAL_SPI_Transmit  stm32f4xx_hal_spi.o
    0x08002084   0x08002084   0x000001ee   Code   RO         5166    i.HAL_SPI_TransmitReceive  stm32f4xx_hal_spi.o
    0x08002272   0x08002272   0x00000002   Code   RO         6174    i.HAL_TIMEx_BreakCallback  stm32f4xx_hal_tim_ex.o
    0x08002274   0x08002274   0x00000002   Code   RO         6175    i.HAL_TIMEx_CommutCallback  stm32f4xx_hal_tim_ex.o
    0x08002276   0x08002276   0x0000005a   Code   RO         5470    i.HAL_TIM_Base_Init  stm32f4xx_hal_tim.o
    0x080022d0   0x080022d0   0x00000002   Code   RO         5472    i.HAL_TIM_Base_MspInit  stm32f4xx_hal_tim.o
    0x080022d2   0x080022d2   0x00000002   PAD
    0x080022d4   0x080022d4   0x00000080   Code   RO         5475    i.HAL_TIM_Base_Start_IT  stm32f4xx_hal_tim.o
    0x08002354   0x08002354   0x00000002   Code   RO         5504    i.HAL_TIM_IC_CaptureCallback  stm32f4xx_hal_tim.o
    0x08002356   0x08002356   0x00000130   Code   RO         5518    i.HAL_TIM_IRQHandler  stm32f4xx_hal_tim.o
    0x08002486   0x08002486   0x00000002   Code   RO         5521    i.HAL_TIM_OC_DelayElapsedCallback  stm32f4xx_hal_tim.o
    0x08002488   0x08002488   0x00000002   Code   RO         5548    i.HAL_TIM_PWM_PulseFinishedCallback  stm32f4xx_hal_tim.o
    0x0800248a   0x0800248a   0x0000000e   Code   RO          315    i.HAL_TIM_PeriodElapsedCallback  main.o
    0x08002498   0x08002498   0x00000002   Code   RO         5561    i.HAL_TIM_TriggerCallback  stm32f4xx_hal_tim.o
    0x0800249a   0x0800249a   0x00000002   Code   RO         6453    i.HAL_UARTEx_RxEventCallback  stm32f4xx_hal_uart.o
    0x0800249c   0x0800249c   0x00000002   Code   RO         6467    i.HAL_UART_ErrorCallback  stm32f4xx_hal_uart.o
    0x0800249e   0x0800249e   0x00000002   PAD
    0x080024a0   0x080024a0   0x00000270   Code   RO         6470    i.HAL_UART_IRQHandler  stm32f4xx_hal_uart.o
    0x08002710   0x08002710   0x00000064   Code   RO         6471    i.HAL_UART_Init     stm32f4xx_hal_uart.o
    0x08002774   0x08002774   0x000004c0   Code   RO          793    i.HAL_UART_MspInit  usart.o
    0x08002c34   0x08002c34   0x00000002   Code   RO         6477    i.HAL_UART_RxCpltCallback  stm32f4xx_hal_uart.o
    0x08002c36   0x08002c36   0x00000002   Code   RO         6482    i.HAL_UART_TxCpltCallback  stm32f4xx_hal_uart.o
    0x08002c38   0x08002c38   0x00000002   Code   RO          576    i.HardFault_Handler  stm32f4xx_it.o
    0x08002c3a   0x08002c3a   0x00000002   PAD
    0x08002c3c   0x08002c3c   0x00000048   Code   RO          459    i.MX_CAN1_Init      can.o
    0x08002c84   0x08002c84   0x00000048   Code   RO          460    i.MX_CAN2_Init      can.o
    0x08002ccc   0x08002ccc   0x000000dc   Code   RO          506    i.MX_DMA_Init       dma.o
    0x08002da8   0x08002da8   0x0000002c   Code   RO          404    i.MX_FREERTOS_Init  freertos.o
    0x08002dd4   0x08002dd4   0x00000194   Code   RO          380    i.MX_GPIO_Init      gpio.o
    0x08002f68   0x08002f68   0x0000002c   Code   RO          530    i.MX_IWDG_Init      iwdg.o
    0x08002f94   0x08002f94   0x00000044   Code   RO          746    i.MX_SPI1_Init      spi.o
    0x08002fd8   0x08002fd8   0x00000048   Code   RO          747    i.MX_SPI2_Init      spi.o
    0x08003020   0x08003020   0x00000038   Code   RO          794    i.MX_UART4_Init     usart.o
    0x08003058   0x08003058   0x00000038   Code   RO          795    i.MX_UART5_Init     usart.o
    0x08003090   0x08003090   0x00000038   Code   RO          796    i.MX_USART1_UART_Init  usart.o
    0x080030c8   0x080030c8   0x0000003c   Code   RO          797    i.MX_USART2_UART_Init  usart.o
    0x08003104   0x08003104   0x00000038   Code   RO          798    i.MX_USART3_UART_Init  usart.o
    0x0800313c   0x0800313c   0x00000038   Code   RO          799    i.MX_USART6_UART_Init  usart.o
    0x08003174   0x08003174   0x00000002   Code   RO          577    i.MemManage_Handler  stm32f4xx_it.o
    0x08003176   0x08003176   0x00000002   Code   RO          578    i.NMI_Handler       stm32f4xx_it.o
    0x08003178   0x08003178   0x00000010   Code   RO         2456    i.SPI2_CS           gpio_drv.o
    0x08003188   0x08003188   0x00000014   Code   RO         2502    i.SPI2_RX           spi_drv.o
    0x0800319c   0x0800319c   0x00000014   Code   RO         2503    i.SPI2_TX           spi_drv.o
    0x080031b0   0x080031b0   0x0000005c   Code   RO         5194    i.SPI_EndRxTransaction  stm32f4xx_hal_spi.o
    0x0800320c   0x0800320c   0x0000006c   Code   RO         5195    i.SPI_EndRxTxTransaction  stm32f4xx_hal_spi.o
    0x08003278   0x08003278   0x000000b8   Code   RO         5200    i.SPI_WaitFlagStateUntilTimeout  stm32f4xx_hal_spi.o
    0x08003330   0x08003330   0x00000008   Code   RO          405    i.StartDefaultTask  freertos.o
    0x08003338   0x08003338   0x00000006   Code   RO          184    i.Start_Task1       user_task.o
    0x0800333e   0x0800333e   0x00000002   PAD
    0x08003340   0x08003340   0x0000002c   Code   RO         2228    i.SysTick_Handler   port.o
    0x0800336c   0x0800336c   0x00000098   Code   RO          316    i.SystemClock_Config  main.o
    0x08003404   0x08003404   0x00000010   Code   RO         6805    i.SystemInit        system_stm32f4xx.o
    0x08003414   0x08003414   0x0000000c   Code   RO          579    i.TIM2_IRQHandler   stm32f4xx_it.o
    0x08003420   0x08003420   0x000000d8   Code   RO         5563    i.TIM_Base_SetConfig  stm32f4xx_hal_tim.o
    0x080034f8   0x080034f8   0x00000018   Code   RO          580    i.UART4_IRQHandler  stm32f4xx_it.o
    0x08003510   0x08003510   0x00000018   Code   RO          581    i.UART5_IRQHandler  stm32f4xx_it.o
    0x08003528   0x08003528   0x00000010   Code   RO         6484    i.UART_DMAAbortOnError  stm32f4xx_hal_uart.o
    0x08003538   0x08003538   0x00000034   Code   RO         2572    i.UART_Enable       uart_drv.o
    0x0800356c   0x0800356c   0x0000004e   Code   RO         6494    i.UART_EndRxTransfer  stm32f4xx_hal_uart.o
    0x080035ba   0x080035ba   0x00000002   PAD
    0x080035bc   0x080035bc   0x000000dc   Code   RO         2573    i.UART_IRQHandler   uart_drv.o
    0x08003698   0x08003698   0x000000c2   Code   RO         6496    i.UART_Receive_IT   stm32f4xx_hal_uart.o
    0x0800375a   0x0800375a   0x00000002   PAD
    0x0800375c   0x0800375c   0x0000010c   Code   RO         6497    i.UART_SetConfig    stm32f4xx_hal_uart.o
    0x08003868   0x08003868   0x00000018   Code   RO          582    i.USART1_IRQHandler  stm32f4xx_it.o
    0x08003880   0x08003880   0x00000018   Code   RO          583    i.USART2_IRQHandler  stm32f4xx_it.o
    0x08003898   0x08003898   0x00000018   Code   RO          584    i.USART3_IRQHandler  stm32f4xx_it.o
    0x080038b0   0x080038b0   0x00000018   Code   RO          585    i.USART6_IRQHandler  stm32f4xx_it.o
    0x080038c8   0x080038c8   0x00000002   Code   RO          586    i.UsageFault_Handler  stm32f4xx_it.o
    0x080038ca   0x080038ca   0x00000002   PAD
    0x080038cc   0x080038cc   0x00000028   Code   RO          185    i.User_Task_Init    user_task.o
    0x080038f4   0x080038f4   0x00000020   Code   RO         4736    i.__NVIC_SetPriority  stm32f4xx_hal_cortex.o
    0x08003914   0x08003914   0x0000002c   Code   RO          935    i.__armlib_thread_safety_init  armlib_lock_glue.o
    0x08003940   0x08003940   0x00000038   Code   RO          936    i._mutex_acquire    armlib_lock_glue.o
    0x08003978   0x08003978   0x00000038   Code   RO          937    i._mutex_free       armlib_lock_glue.o
    0x080039b0   0x080039b0   0x00000064   Code   RO          938    i._mutex_initialize  armlib_lock_glue.o
    0x08003a14   0x08003a14   0x00000038   Code   RO          939    i._mutex_release    armlib_lock_glue.o
    0x08003a4c   0x08003a4c   0x000000ac   Code   RO         2307    i.bmi270_get_data   bmi_drv.o
    0x08003af8   0x08003af8   0x00000082   Code   RO         3503    i.bmi270_get_sensor_config  bmi270.o
    0x08003b7a   0x08003b7a   0x00000002   PAD
    0x08003b7c   0x08003b7c   0x00000074   Code   RO         3504    i.bmi270_init       bmi270.o
    0x08003bf0   0x08003bf0   0x0000007e   Code   RO         3508    i.bmi270_sensor_enable  bmi270.o
    0x08003c6e   0x08003c6e   0x0000007e   Code   RO         3509    i.bmi270_set_sensor_config  bmi270.o
    0x08003cec   0x08003cec   0x00000024   Code   RO         2308    i.bmi2_1us          bmi_drv.o
    0x08003d10   0x08003d10   0x00000018   Code   RO         2310    i.bmi2_delay_us     bmi_drv.o
    0x08003d28   0x08003d28   0x00000036   Code   RO         2611    i.bmi2_extract_input_feat_config  bmi2.o
    0x08003d5e   0x08003d5e   0x000000a0   Code   RO         2618    i.bmi2_get_feat_config  bmi2.o
    0x08003dfe   0x08003dfe   0x00000084   Code   RO         2619    i.bmi2_get_feature_data  bmi2.o
    0x08003e82   0x08003e82   0x00000040   Code   RO         2626    i.bmi2_get_gyro_cross_sense  bmi2.o
    0x08003ec2   0x08003ec2   0x00000030   Code   RO         2634    i.bmi2_get_internal_status  bmi2.o
    0x08003ef2   0x08003ef2   0x0000007e   Code   RO         2635    i.bmi2_get_regs     bmi2.o
    0x08003f70   0x08003f70   0x00000114   Code   RO         2638    i.bmi2_get_sensor_config  bmi2.o
    0x08004084   0x08004084   0x00000026   Code   RO         2643    i.bmi2_get_status   bmi2.o
    0x080040aa   0x080040aa   0x00000076   Code   RO         2645    i.bmi2_map_data_int  bmi2.o
    0x08004120   0x08004120   0x00000078   Code   RO         2655    i.bmi2_sec_init     bmi2.o
    0x08004198   0x08004198   0x00000054   Code   RO         2659    i.bmi2_set_adv_power_save  bmi2.o
    0x080041ec   0x080041ec   0x0000009c   Code   RO         2675    i.bmi2_set_regs     bmi2.o
    0x08004288   0x08004288   0x000000a6   Code   RO         2677    i.bmi2_set_sensor_config  bmi2.o
    0x0800432e   0x0800432e   0x00000060   Code   RO         2681    i.bmi2_soft_reset   bmi2.o
    0x0800438e   0x0800438e   0x0000003a   Code   RO         2311    i.bmi2_spi_read     bmi_drv.o
    0x080043c8   0x080043c8   0x0000003a   Code   RO         2312    i.bmi2_spi_write    bmi_drv.o
    0x08004402   0x08004402   0x0000006a   Code   RO         2683    i.bmi2_write_config_file  bmi2.o
    0x0800446c   0x0800446c   0x0000003e   Code   RO         2686    i.cfg_error_status  bmi2.o
    0x080044aa   0x080044aa   0x00000030   Code   RO         2687    i.check_boundary_val  bmi2.o
    0x080044da   0x080044da   0x000000dc   Code   RO         2691    i.config_aux_interface  bmi2.o
    0x080045b6   0x080045b6   0x00000076   Code   RO         3513    i.enable_main_sensors  bmi270.o
    0x0800462c   0x0800462c   0x0000008c   Code   RO         3514    i.enable_sensor_features  bmi270.o
    0x080046b8   0x080046b8   0x00000036   Code   RO         2701    i.extract_output_feat_config  bmi2.o
    0x080046ee   0x080046ee   0x0000004e   Code   RO         2703    i.get_accel_config  bmi2.o
    0x0800473c   0x0800473c   0x0000007e   Code   RO         3516    i.get_any_motion_config  bmi270.o
    0x080047ba   0x080047ba   0x0000005a   Code   RO         2704    i.get_aux_interface_config  bmi2.o
    0x08004814   0x08004814   0x000000da   Code   RO         3517    i.get_feat_config   bmi270.o
    0x080048ee   0x080048ee   0x0000005e   Code   RO         2706    i.get_gyro_config   bmi2.o
    0x0800494c   0x0800494c   0x00000072   Code   RO         2707    i.get_gyro_cross_sense  bmi2.o
    0x080049be   0x080049be   0x0000008a   Code   RO         2708    i.get_gyro_gain_update_config  bmi2.o
    0x08004a48   0x08004a48   0x00000068   Code   RO         2709    i.get_gyro_gain_update_status  bmi2.o
    0x08004ab0   0x08004ab0   0x0000007e   Code   RO         3518    i.get_no_motion_config  bmi270.o
    0x08004b2e   0x08004b2e   0x0000005a   Code   RO         3520    i.get_step_config   bmi270.o
    0x08004b88   0x08004b88   0x000000aa   Code   RO         3521    i.get_step_count_params_config  bmi270.o
    0x08004c32   0x08004c32   0x00000068   Code   RO         3524    i.get_wrist_gest_config  bmi270.o
    0x08004c9a   0x08004c9a   0x0000007c   Code   RO         3525    i.get_wrist_wear_wake_up_config  bmi270.o
    0x08004d16   0x08004d16   0x00000002   PAD
    0x08004d18   0x08004d18   0x00000068   Code   RO         2313    i.imu_init          bmi_drv.o
    0x08004d80   0x08004d80   0x0000004a   Code   RO          317    i.main              main.o
    0x08004dca   0x08004dca   0x0000000c   Code   RO         1802    i.makeFreeRtosPriority  cmsis_os.o
    0x08004dd6   0x08004dd6   0x00000018   Code   RO         2717    i.null_ptr_check    bmi2.o
    0x08004dee   0x08004dee   0x00000018   Code   RO         3526    i.null_ptr_check    bmi270.o
    0x08004e06   0x08004e06   0x0000000e   Code   RO         1804    i.osDelay           cmsis_os.o
    0x08004e14   0x08004e14   0x0000000a   Code   RO         1807    i.osKernelStart     cmsis_os.o
    0x08004e1e   0x08004e1e   0x00000054   Code   RO         1841    i.osThreadCreate    cmsis_os.o
    0x08004e72   0x08004e72   0x00000002   PAD
    0x08004e74   0x08004e74   0x00000070   Code   RO         1484    i.prvAddCurrentTaskToDelayedList  tasks.o
    0x08004ee4   0x08004ee4   0x000000d0   Code   RO         1485    i.prvAddNewTaskToReadyList  tasks.o
    0x08004fb4   0x08004fb4   0x00000034   Code   RO         1486    i.prvDeleteTCB      tasks.o
    0x08004fe8   0x08004fe8   0x0000004c   Code   RO         2160    i.prvHeapInit       heap_4.o
    0x08005034   0x08005034   0x00000060   Code   RO         1487    i.prvIdleTask       tasks.o
    0x08005094   0x08005094   0x00000098   Code   RO         1488    i.prvInitialiseNewTask  tasks.o
    0x0800512c   0x0800512c   0x0000004c   Code   RO         2161    i.prvInsertBlockIntoFreeList  heap_4.o
    0x08005178   0x08005178   0x00000020   Code   RO         1489    i.prvResetNextTaskUnblockTime  tasks.o
    0x08005198   0x08005198   0x00000028   Code   RO         2229    i.prvTaskExitError  port.o
    0x080051c0   0x080051c0   0x000000dc   Code   RO         2162    i.pvPortMalloc      heap_4.o
    0x0800529c   0x0800529c   0x0000002c   Code   RO         2230    i.pxPortInitialiseStack  port.o
    0x080052c8   0x080052c8   0x000000c0   Code   RO         3527    i.select_sensor     bmi270.o
    0x08005388   0x08005388   0x00000098   Code   RO         2735    i.set_accel_config  bmi2.o
    0x08005420   0x08005420   0x0000005e   Code   RO         2314    i.set_accel_gyro_config  bmi_drv.o
    0x0800547e   0x0800547e   0x00000070   Code   RO         3528    i.set_any_motion    bmi270.o
    0x080054ee   0x080054ee   0x000000ae   Code   RO         3529    i.set_any_motion_config  bmi270.o
    0x0800559c   0x0800559c   0x00000090   Code   RO         2736    i.set_aux_config    bmi2.o
    0x0800562c   0x0800562c   0x00000036   Code   RO         2737    i.set_config_load   bmi2.o
    0x08005662   0x08005662   0x00000084   Code   RO         3530    i.set_feat_config   bmi270.o
    0x080056e6   0x080056e6   0x000000ac   Code   RO         2738    i.set_gyro_config   bmi2.o
    0x08005792   0x08005792   0x0000006c   Code   RO         3531    i.set_gyro_self_offset_corr  bmi270.o
    0x080057fe   0x080057fe   0x00000070   Code   RO         3532    i.set_gyro_user_gain  bmi270.o
    0x0800586e   0x0800586e   0x000000a2   Code   RO         2739    i.set_gyro_user_gain_config  bmi2.o
    0x08005910   0x08005910   0x00000070   Code   RO         3533    i.set_no_motion     bmi270.o
    0x08005980   0x08005980   0x000000ae   Code   RO         3534    i.set_no_motion_config  bmi270.o
    0x08005a2e   0x08005a2e   0x00000070   Code   RO         3535    i.set_sig_motion    bmi270.o
    0x08005a9e   0x08005a9e   0x00000076   Code   RO         3536    i.set_sig_motion_config  bmi270.o
    0x08005b14   0x08005b14   0x00000070   Code   RO         3537    i.set_step_activity  bmi270.o
    0x08005b84   0x08005b84   0x0000008a   Code   RO         3538    i.set_step_config   bmi270.o
    0x08005c0e   0x08005c0e   0x000000d4   Code   RO         3539    i.set_step_count_params_config  bmi270.o
    0x08005ce2   0x08005ce2   0x00000070   Code   RO         3540    i.set_step_counter  bmi270.o
    0x08005d52   0x08005d52   0x00000070   Code   RO         3541    i.set_step_detector  bmi270.o
    0x08005dc2   0x08005dc2   0x0000009c   Code   RO         3542    i.set_wrist_gest_config  bmi270.o
    0x08005e5e   0x08005e5e   0x0000006c   Code   RO         3543    i.set_wrist_gesture  bmi270.o
    0x08005eca   0x08005eca   0x0000006c   Code   RO         3544    i.set_wrist_wear_wake_up  bmi270.o
    0x08005f36   0x08005f36   0x000000ac   Code   RO         3545    i.set_wrist_wear_wake_up_config  bmi270.o
    0x08005fe2   0x08005fe2   0x00000036   Code   RO          940    i.stm32_lock_acquire  armlib_lock_glue.o
    0x08006018   0x08006018   0x0000002a   Code   RO          941    i.stm32_lock_release  armlib_lock_glue.o
    0x08006042   0x08006042   0x00000040   Code   RO         2756    i.upload_file       bmi2.o
    0x08006082   0x08006082   0x00000026   Code   RO         1120    i.uxListRemove      list.o
    0x080060a8   0x080060a8   0x00000014   Code   RO          406    i.vApplicationGetIdleTaskMemory  freertos.o
    0x080060bc   0x080060bc   0x00000016   Code   RO         1121    i.vListInitialise   list.o
    0x080060d2   0x080060d2   0x00000006   Code   RO         1122    i.vListInitialiseItem  list.o
    0x080060d8   0x080060d8   0x00000030   Code   RO         1123    i.vListInsert       list.o
    0x08006108   0x08006108   0x00000018   Code   RO         1124    i.vListInsertEnd    list.o
    0x08006120   0x08006120   0x00000040   Code   RO         2232    i.vPortEnterCritical  port.o
    0x08006160   0x08006160   0x00000028   Code   RO         2233    i.vPortExitCritical  port.o
    0x08006188   0x08006188   0x00000064   Code   RO         2163    i.vPortFree         heap_4.o
    0x080061ec   0x080061ec   0x00000024   Code   RO         2234    i.vPortSetupTimerInterrupt  port.o
    0x08006210   0x08006210   0x0000004c   Code   RO         1498    i.vTaskDelay        tasks.o
    0x0800625c   0x0800625c   0x0000006c   Code   RO         1511    i.vTaskStartScheduler  tasks.o
    0x080062c8   0x080062c8   0x00000010   Code   RO         1513    i.vTaskSuspendAll   tasks.o
    0x080062d8   0x080062d8   0x0000005c   Code   RO         1514    i.vTaskSwitchContext  tasks.o
    0x08006334   0x08006334   0x000000ba   Code   RO         2761    i.write_config_file  bmi2.o
    0x080063ee   0x080063ee   0x00000002   PAD
    0x080063f0   0x080063f0   0x000000f4   Code   RO         2236    i.xPortStartScheduler  port.o
    0x080064e4   0x080064e4   0x0000005a   Code   RO         1517    i.xTaskCreate       tasks.o
    0x0800653e   0x0800653e   0x00000056   Code   RO         1518    i.xTaskCreateStatic  tasks.o
    0x08006594   0x08006594   0x000000cc   Code   RO         1525    i.xTaskIncrementTick  tasks.o
    0x08006660   0x08006660   0x000000c4   Code   RO         1531    i.xTaskResumeAll    tasks.o
    0x08006724   0x08006724   0x0000000a   Code   RO         6932    x$fpl$fpinit        fz_wm.l(fpinit.o)
    0x0800672e   0x0800672e   0x00000002   PAD
    0x08006730   0x08006730   0x0000001c   Data   RO          186    .constdata          user_task.o
    0x0800674c   0x0800674c   0x0000001c   Data   RO          408    .constdata          freertos.o
    0x08006768   0x08006768   0x00000006   Data   RO         2763    .constdata          bmi2.o
    0x0800676e   0x0800676e   0x00002048   Data   RO         3546    .constdata          bmi270.o
    0x080087b6   0x080087b6   0x00000008   Data   RO         4452    .constdata          stm32f4xx_hal_dma.o
    0x080087be   0x080087be   0x00000010   Data   RO         6806    .constdata          system_stm32f4xx.o
    0x080087ce   0x080087ce   0x00000008   Data   RO         6807    .constdata          system_stm32f4xx.o
    0x080087d6   0x080087d6   0x00000002   PAD
    0x080087d8   0x080087d8   0x00000006   Data   RO          187    .conststring        user_task.o
    0x080087de   0x080087de   0x00000002   PAD
    0x080087e0   0x080087e0   0x0000000c   Data   RO          409    .conststring        freertos.o
    0x080087ec   0x080087ec   0x00000020   Data   RO         7028    Region$$Table       anon$$obj.o
    0x0800880c   0x0800880c   0x00000004   Data   RO          943    .init_array         armlib_lock_glue.o
    0x08008810   0x0800880c   0x00000000   Data   RO         6858    .init_array         c_w.l(init_aeabi.o)


    Execution Region RW_IRAM1 (Exec base: 0x20000000, Load base: 0x08008810, Size: 0x0000b830, Max: 0x0001c000, ABSOLUTE)

    Exec Addr    Load Addr    Size         Type   Attr      Idx    E Section Name        Object

    0x20000000   0x08008810   0x00000004   Data   RW          188    .data               user_task.o
    0x20000004   0x08008814   0x00000004   Data   RW          410    .data               freertos.o
    0x20000008   0x08008818   0x00000004   Data   RW          462    .data               can.o
    0x2000000c   0x0800881c   0x0000003c   Data   RW         1534    .data               tasks.o
    0x20000048   0x08008858   0x00000020   Data   RW         2169    .data               heap_4.o
    0x20000068   0x08008878   0x0000000c   Data   RW         2237    .data               port.o
    0x20000074   0x08008884   0x00000008   Data   RW         2316    .data               bmi_drv.o
    0x2000007c   0x0800888c   0x00000010   Data   RW         3547    .data               bmi270.o
    0x2000008c   0x0800889c   0x0000000c   Data   RW         4885    .data               stm32f4xx_hal.o
    0x20000098   0x080088a8   0x00000004   Data   RW         6808    .data               system_stm32f4xx.o
    0x2000009c        -       0x00000254   Zero   RW          407    .bss                freertos.o
    0x200002f0        -       0x00000050   Zero   RW          461    .bss                can.o
    0x20000340        -       0x0000000c   Zero   RW          531    .bss                iwdg.o
    0x2000034c        -       0x000000b0   Zero   RW          748    .bss                spi.o
    0x200003fc        -       0x000005d0   Zero   RW          800    .bss                usart.o
    0x200009cc        -       0x00000048   Zero   RW          891    .bss                stm32f4xx_hal_timebase_tim.o
    0x20000a14        -       0x0000008c   Zero   RW          942    .bss                armlib_lock_glue.o
    0x20000aa0        -       0x000000f0   Zero   RW         1533    .bss                tasks.o
    0x20000b90        -       0x0000a000   Zero   RW         2168    .bss                heap_4.o
    0x2000ab90        -       0x0000001c   Zero   RW         2315    .bss                bmi_drv.o
    0x2000abac        -       0x00000024   Zero   RW         2382    .bss                can_drv.o
    0x2000abd0        -       0x00000300   Zero   RW         2423    .bss                dev_drv.o
    0x2000aed0        -       0x00000300   Zero   RW         2574    .bss                uart_drv.o
    0x2000b1d0        -       0x00000060   Zero   RW         6955    .bss                c_w.l(libspace.o)
    0x2000b230        -       0x00000200   Zero   RW          925    HEAP                startup_stm32f407xx.o
    0x2000b430        -       0x00000400   Zero   RW          924    STACK               startup_stm32f407xx.o


    Execution Region RW_IRAM2 (Exec base: 0x2001c000, Load base: 0x080088ac, Size: 0x00000000, Max: 0x00004000, ABSOLUTE)

    **** No section assigned to this execution region ****


==============================================================================

Image component sizes


      Code (inc. data)   RO Data    RW Data    ZI Data      Debug   Object Name

       408         26          4          0        140      13198   armlib_lock_glue.o
      3704          6          6          0          0      39065   bmi2.o
      4314         22       8264         16          0      37502   bmi270.o
       546         32          0          8         28       6913   bmi_drv.o
       404         42          0          4         80       2934   can.o
       122         12          0          0         36       2583   can_drv.o
       120          0          0          0          0      18289   cmsis_os.o
       136         44          0          0        768       1846   dev_drv.o
       220          4          0          0          0       1066   dma.o
         0          0          0          0          0      17280   event_groups.o
        72         14         40          4        596       7522   freertos.o
       404         24          0          0          0       1319   gpio.o
        16          4          0          0          0        578   gpio_drv.o
       472         24          0         32      40960       8035   heap_4.o
        44          8          0          0         12        899   iwdg.o
       138          0          0          0          0       4074   list.o
       244          8          0          0          0       3184   main.o
       702         72          0         12          0      11944   port.o
       316         40          0          0        176       2830   spi.o
        40         12          0          0          0       1644   spi_drv.o
        64         26        392          0       1536        900   startup_stm32f407xx.o
        80         14          0         12          0       8602   stm32f4xx_hal.o
      1450          6          0          0          0      14856   stm32f4xx_hal_can.o
       158         14          0          0          0      33474   stm32f4xx_hal_cortex.o
      1044         16          8          0          0       7971   stm32f4xx_hal_dma.o
       530         52          0          0          0       3171   stm32f4xx_hal_gpio.o
        90          0          0          0          0       1468   stm32f4xx_hal_iwdg.o
        56          4          0          0          0       1042   stm32f4xx_hal_msp.o
      1412         86          0          0          0       6505   stm32f4xx_hal_rcc.o
      1774         14          0          0          0       9250   stm32f4xx_hal_spi.o
       748         74          0          0          0       8380   stm32f4xx_hal_tim.o
         4          0          0          0          0       1893   stm32f4xx_hal_tim_ex.o
       152         18          0          0         72       1739   stm32f4xx_hal_timebase_tim.o
      1288         16          0          0          0       9320   stm32f4xx_hal_uart.o
       346        120          0          0          0      15412   stm32f4xx_it.o
         0          0          0          0          0        416   stream_buffer.o
        16          4         24          4          0       1391   system_stm32f4xx.o
      1520        112          0         60        240      20970   tasks.o
       272         36          0          0        768       2316   uart_drv.o
      1556        134          0          0       1488       7032   usart.o
         2          0          0          0          0     711913   user_handler.o
        46         10         34          4          0      79291   user_task.o

    ----------------------------------------------------------------------
     25070       1150       8808        156      46900    1130017   Object Totals
         0          0         32          0          0          0   (incl. Generated)
        40          0          4          0          0          0   (incl. Padding)

    ----------------------------------------------------------------------

      Code (inc. data)   RO Data    RW Data    ZI Data      Debug   Library Member Name

         8          0          0          0          0         68   __main.o
         0          0          0          0          0          0   __rtentry.o
        12          0          0          0          0          0   __rtentry2.o
         6          0          0          0          0          0   __rtentry4.o
        52          8          0          0          0          0   __scatter.o
        26          0          0          0          0          0   __scatter_copy.o
        28          0          0          0          0          0   __scatter_zi.o
        18          0          0          0          0         80   exit.o
         6          0          0          0          0        152   heapauxi.o
         0          0          0          0          0          0   indicate_semi.o
        36         10          0          0          0         80   init_aeabi.o
         2          0          0          0          0          0   libinit.o
        10          0          0          0          0          0   libinit2.o
         2          0          0          0          0          0   libshutdown.o
         2          0          0          0          0          0   libshutdown2.o
         8          4          0          0         96         68   libspace.o
       238          0          0          0          0        100   lludivv7m.o
        68          0          0          0          0         68   rt_memclr.o
        78          0          0          0          0         80   rt_memclr_w.o
       138          0          0          0          0         68   rt_memcpy_v6.o
       100          0          0          0          0         80   rt_memcpy_w.o
         2          0          0          0          0          0   rtexit.o
        10          0          0          0          0          0   rtexit2.o
        12          4          0          0          0         68   sys_exit.o
        74          0          0          0          0         80   sys_stackheap_outer.o
         2          0          0          0          0         68   use_no_semi.o
        10          0          0          0          0        116   fpinit.o

    ----------------------------------------------------------------------
       954         26          0          0         96       1176   Library Totals
         6          0          0          0          0          0   (incl. Padding)

    ----------------------------------------------------------------------

      Code (inc. data)   RO Data    RW Data    ZI Data      Debug   Library Name

       938         26          0          0         96       1060   c_w.l
        10          0          0          0          0        116   fz_wm.l

    ----------------------------------------------------------------------
       954         26          0          0         96       1176   Library Totals

    ----------------------------------------------------------------------

==============================================================================


      Code (inc. data)   RO Data    RW Data    ZI Data      Debug   

     26024       1176       8808        156      46996    1106425   Grand Totals
     26024       1176       8808        156      46996    1106425   ELF Image Totals
     26024       1176       8808        156          0          0   ROM Totals

==============================================================================

    Total RO  Size (Code + RO Data)                34832 (  34.02kB)
    Total RW  Size (RW Data + ZI Data)             47152 (  46.05kB)
    Total ROM Size (Code + RO Data + RW Data)      34988 (  34.17kB)

==============================================================================

