Component: ARM Compiler 5.06 update 7 (build 960) Tool: armlink [4d3601]

==============================================================================

Section Cross References

    user_handler.o(i.CAN1_RX_Handler) refers to user_handler.o(.data) for .data
    user_handler.o(i.CAN2_RX_Handler) refers to user_handler.o(.data) for .data
    user_task.o(i.Test_Task) refers to gpio_drv.o(i.LED_R) for LED_R
    user_task.o(i.Test_Task) refers to can_drv.o(i.Set_tx_ID) for Set_tx_ID
    user_task.o(i.Test_Task) refers to stm32f4xx_hal_can.o(i.HAL_CAN_AddTxMessage) for HAL_CAN_AddTxMessage
    user_task.o(i.Test_Task) refers to stm32f4xx_hal_iwdg.o(i.HAL_IWDG_Refresh) for HAL_IWDG_Refresh
    user_task.o(i.Test_Task) refers to cmsis_os.o(i.osDelay) for osDelay
    user_task.o(i.Test_Task) refers to gpio_drv.o(i.LED_G) for LED_G
    user_task.o(i.Test_Task) refers to stm32f4xx_hal_uart.o(i.HAL_UART_Transmit_DMA) for HAL_UART_Transmit_DMA
    user_task.o(i.Test_Task) refers to gpio_drv.o(i.LED_B) for LED_B
    user_task.o(i.Test_Task) refers to bmi_drv.o(i.bmi270_get_data) for bmi270_get_data
    user_task.o(i.Test_Task) refers to user_task.o(.data) for .data
    user_task.o(i.Test_Task) refers to can.o(.bss) for hcan1
    user_task.o(i.Test_Task) refers to iwdg.o(.bss) for hiwdg
    user_task.o(i.Test_Task) refers to usart.o(.bss) for huart1
    user_task.o(i.Train_Task) refers to stm32f4xx_hal_uart.o(i.HAL_UART_Transmit_DMA) for HAL_UART_Transmit_DMA
    user_task.o(i.Train_Task) refers to user_task.o(.bss) for .bss
    user_task.o(i.Train_Task) refers to usart.o(.bss) for huart1
    user_task.o(i.User_Task_Init) refers to rt_memcpy_w.o(.text) for __aeabi_memcpy4
    user_task.o(i.User_Task_Init) refers to cmsis_os.o(i.osThreadCreate) for osThreadCreate
    user_task.o(i.User_Task_Init) refers to user_task.o(.constdata) for .constdata
    user_task.o(i.User_Task_Init) refers to user_task.o(.data) for .data
    user_task.o(.constdata) refers to user_task.o(.conststring) for .conststring
    user_task.o(.constdata) refers to user_task.o(i.Test_Task) for Test_Task
    main.o(i.HAL_TIM_PeriodElapsedCallback) refers to stm32f4xx_hal.o(i.HAL_IncTick) for HAL_IncTick
    main.o(i.SystemClock_Config) refers to rt_memclr_w.o(.text) for __aeabi_memclr4
    main.o(i.SystemClock_Config) refers to stm32f4xx_hal_rcc.o(i.HAL_RCC_OscConfig) for HAL_RCC_OscConfig
    main.o(i.SystemClock_Config) refers to stm32f4xx_hal_rcc.o(i.HAL_RCC_ClockConfig) for HAL_RCC_ClockConfig
    main.o(i.main) refers to stm32f4xx_hal.o(i.HAL_Init) for HAL_Init
    main.o(i.main) refers to main.o(i.SystemClock_Config) for SystemClock_Config
    main.o(i.main) refers to gpio.o(i.MX_GPIO_Init) for MX_GPIO_Init
    main.o(i.main) refers to dma.o(i.MX_DMA_Init) for MX_DMA_Init
    main.o(i.main) refers to can.o(i.MX_CAN1_Init) for MX_CAN1_Init
    main.o(i.main) refers to can.o(i.MX_CAN2_Init) for MX_CAN2_Init
    main.o(i.main) refers to spi.o(i.MX_SPI1_Init) for MX_SPI1_Init
    main.o(i.main) refers to spi.o(i.MX_SPI2_Init) for MX_SPI2_Init
    main.o(i.main) refers to usart.o(i.MX_UART4_Init) for MX_UART4_Init
    main.o(i.main) refers to usart.o(i.MX_UART5_Init) for MX_UART5_Init
    main.o(i.main) refers to usart.o(i.MX_USART1_UART_Init) for MX_USART1_UART_Init
    main.o(i.main) refers to usart.o(i.MX_USART2_UART_Init) for MX_USART2_UART_Init
    main.o(i.main) refers to usart.o(i.MX_USART3_UART_Init) for MX_USART3_UART_Init
    main.o(i.main) refers to usart.o(i.MX_USART6_UART_Init) for MX_USART6_UART_Init
    main.o(i.main) refers to iwdg.o(i.MX_IWDG_Init) for MX_IWDG_Init
    main.o(i.main) refers to dev_drv.o(i.Device_init) for Device_init
    main.o(i.main) refers to freertos.o(i.MX_FREERTOS_Init) for MX_FREERTOS_Init
    main.o(i.main) refers to cmsis_os.o(i.osKernelStart) for osKernelStart
    gpio.o(i.MX_GPIO_Init) refers to rt_memclr_w.o(.text) for __aeabi_memclr4
    gpio.o(i.MX_GPIO_Init) refers to stm32f4xx_hal_gpio.o(i.HAL_GPIO_WritePin) for HAL_GPIO_WritePin
    gpio.o(i.MX_GPIO_Init) refers to stm32f4xx_hal_gpio.o(i.HAL_GPIO_Init) for HAL_GPIO_Init
    gpio.o(i.MX_GPIO_Init) refers to stm32f4xx_hal_cortex.o(i.HAL_NVIC_SetPriority) for HAL_NVIC_SetPriority
    gpio.o(i.MX_GPIO_Init) refers to stm32f4xx_hal_cortex.o(i.HAL_NVIC_EnableIRQ) for HAL_NVIC_EnableIRQ
    freertos.o(i.MX_FREERTOS_Init) refers to rt_memcpy_w.o(.text) for __aeabi_memcpy4
    freertos.o(i.MX_FREERTOS_Init) refers to cmsis_os.o(i.osThreadCreate) for osThreadCreate
    freertos.o(i.MX_FREERTOS_Init) refers to user_task.o(i.User_Task_Init) for User_Task_Init
    freertos.o(i.MX_FREERTOS_Init) refers to freertos.o(.constdata) for .constdata
    freertos.o(i.MX_FREERTOS_Init) refers to freertos.o(.data) for .data
    freertos.o(i.StartDefaultTask) refers to cmsis_os.o(i.osDelay) for osDelay
    freertos.o(i.vApplicationGetIdleTaskMemory) refers to freertos.o(.bss) for .bss
[...]
    .bss                                     0x2000aef4   Section      768  uart_drv.o(.bss)
    uart1_rx_buf                             0x2000aef4   Data         128  uart_drv.o(.bss)
    uart2_rx_buf                             0x2000af74   Data         128  uart_drv.o(.bss)
    uart3_rx_buf                             0x2000aff4   Data         128  uart_drv.o(.bss)
    uart4_rx_buf                             0x2000b074   Data         128  uart_drv.o(.bss)
    uart5_rx_buf                             0x2000b0f4   Data         128  uart_drv.o(.bss)
    uart6_rx_buf                             0x2000b174   Data         128  uart_drv.o(.bss)
    .bss                                     0x2000b1f4   Section       96  libspace.o(.bss)
    HEAP                                     0x2000b258   Section      512  startup_stm32f407xx.o(HEAP)
    Heap_Mem                                 0x2000b258   Data         512  startup_stm32f407xx.o(HEAP)
    STACK                                    0x2000b458   Section     1024  startup_stm32f407xx.o(STACK)
    Stack_Mem                                0x2000b458   Data        1024  startup_stm32f407xx.o(STACK)
    __initial_sp                             0x2000b858   Data           0  startup_stm32f407xx.o(STACK)

    Global Symbols

    Symbol Name                              Value     Ov Type        Size  Object(Section)

    BuildAttributes$$THM_ISAv4$E$P$D$K$B$S$7EM$VFPi3$EXTD16$VFPS$VFMA$PE$A:L22UL41UL21$X:L11$S22US41US21$IEEE1$IW$USESV6$~STKCKD$USESV7$~SHL$OSPACE$ROPI$EBA8$UX$STANDARDLIB$REQ8$PRES8$EABIv2 0x00000000   Number         0  anon$$obj.o ABSOLUTE
    __ARM_use_no_argv                        0x00000000   Number         0  main.o ABSOLUTE
    __ARM_exceptions_init                     - Undefined Weak Reference
    __alloca_initialize                       - Undefined Weak Reference
    __arm_fini_                               - Undefined Weak Reference
    __arm_preinit_                            - Undefined Weak Reference
    __cxa_finalize                            - Undefined Weak Reference
    __rt_locale                               - Undefined Weak Reference
    __sigvec_lookup                           - Undefined Weak Reference
    _atexit_init                              - Undefined Weak Reference
    _call_atexit_fns                          - Undefined Weak Reference
    _clock_init                               - Undefined Weak Reference
    _fp_trap_init                             - Undefined Weak Reference
    _fp_trap_shutdown                         - Undefined Weak Reference
    _get_lc_collate                           - Undefined Weak Reference
    _get_lc_ctype                             - Undefined Weak Reference
    _get_lc_monetary                          - Undefined Weak Reference
    _get_lc_numeric                           - Undefined Weak Reference
    _get_lc_time                              - Undefined Weak Reference
    _getenv_init                              - Undefined Weak Reference
    _handle_redirection                       - Undefined Weak Reference
    _init_alloc                               - Undefined Weak Reference
    _init_user_alloc                          - Undefined Weak Reference
    _initio                                   - Undefined Weak Reference
    _rand_init                                - Undefined Weak Reference
    _signal_finish                            - Undefined Weak Reference
    _signal_init                              - Undefined Weak Reference
    _terminate_alloc                          - Undefined Weak Reference
    _terminate_user_alloc                     - Undefined Weak Reference
    _terminateio                              - Undefined Weak Reference
    __Vectors_Size                           0x00000188   Number         0  startup_stm32f407xx.o ABSOLUTE
    __Vectors                                0x08000000   Data           4  startup_stm32f407xx.o(RESET)
    __Vectors_End                            0x08000188   Data           0  startup_stm32f407xx.o(RESET)
    __main                                   0x08000189   Thumb Code     8  __main.o(!!!main)
    __scatterload                            0x08000191   Thumb Code     0  __scatter.o(!!!scatter)
    __scatterload_rt2                        0x08000191   Thumb Code    44  __scatter.o(!!!scatter)
    __scatterload_rt2_thumb_only             0x08000191   Thumb Code     0  __scatter.o(!!!scatter)
    __scatterload_null                       0x0800019f   Thumb Code     0  __scatter.o(!!!scatter)
    __scatterload_copy                       0x080001c5   Thumb Code    26  __scatter_copy.o(!!handler_copy)
    __scatterload_zeroinit                   0x080001e1   Thumb Code    28  __scatter_zi.o(!!handler_zi)
    __rt_lib_init                            0x080001fd   Thumb Code     0  libinit.o(.ARM.Collect$$libinit$$00000000)
    __rt_lib_init_fp_1                       0x080001ff   Thumb Code     0  libinit2.o(.ARM.Collect$$libinit$$00000001)
    __rt_lib_init_alloca_1                   0x08000203   Thumb Code     0  libinit2.o(.ARM.Collect$$libinit$$0000002E)
    __rt_lib_init_argv_1                     0x08000203   Thumb Code     0  libinit2.o(.ARM.Collect$$libinit$$0000002C)
    __rt_lib_init_atexit_1                   0x08000203   Thumb Code     0  libinit2.o(.ARM.Collect$$libinit$$0000001B)
    __rt_lib_init_clock_1                    0x08000203   Thumb Code     0  libinit2.o(.ARM.Collect$$libinit$$00000021)
    __rt_lib_init_cpp_2                      0x08000203   Thumb Code     0  libinit2.o(.ARM.Collect$$libinit$$00000031)
    __rt_lib_init_exceptions_1               0x08000203   Thumb Code     0  libinit2.o(.ARM.Collect$$libinit$$00000030)
    __rt_lib_init_fp_trap_1                  0x08000203   Thumb Code     0  libinit2.o(.ARM.Collect$$libinit$$0000001F)
    __rt_lib_init_getenv_1                   0x08000203   Thumb Code     0  libinit2.o(.ARM.Collect$$libinit$$00000023)
    __rt_lib_init_heap_1                     0x08000203   Thumb Code     0  libinit2.o(.ARM.Collect$$libinit$$0000000A)
    __rt_lib_init_lc_collate_1               0x08000203   Thumb Code     0  libinit2.o(.ARM.Collect$$libinit$$00000011)
    __rt_lib_init_lc_ctype_1                 0x08000203   Thumb Code     0  libinit2.o(.ARM.Collect$$libinit$$00000013)
    __rt_lib_init_lc_monetary_1              0x08000203   Thumb Code     0  libinit2.o(.ARM.Collect$$libinit$$00000015)
    __rt_lib_init_lc_numeric_1               0x08000203   Thumb Code     0  libinit2.o(.ARM.Collect$$libinit$$00000017)
    __rt_lib_init_lc_time_1                  0x08000203   Thumb Code     0  libinit2.o(.ARM.Collect$$libinit$$00000019)
    __rt_lib_init_preinit_1                  0x08000203   Thumb Code     0  libinit2.o(.ARM.Collect$$libinit$$00000004)
    __rt_lib_init_rand_1                     0x08000203   Thumb Code     0  libinit2.o(.ARM.Collect$$libinit$$0000000E)
    __rt_lib_init_signal_1                   0x08000203   Thumb Code     0  libinit2.o(.ARM.Collect$$libinit$$0000001D)
    __rt_lib_init_stdio_1                    0x08000203   Thumb Code     0  libinit2.o(.ARM.Collect$$libinit$$00000025)
    __rt_lib_init_user_alloc_1               0x08000203   Thumb Code     0  libinit2.o(.ARM.Collect$$libinit$$0000000C)
    __rt_lib_init_cpp_1                      0x08000207   Thumb Code     0  libinit2.o(.ARM.Collect$$libinit$$00000032)
    __rt_lib_init_return                     0x08000207   Thumb Code     0  libinit2.o(.ARM.Collect$$libinit$$00000033)
    __rt_lib_shutdown                        0x08000209   Thumb Code     0  libshutdown.o(.ARM.Collect$$libshutdown$$00000000)
    __rt_lib_shutdown_cpp_1                  0x0800020b   Thumb Code     0  libshutdown2.o(.ARM.Collect$$libshutdown$$00000004)
    __rt_lib_shutdown_fini_1                 0x0800020b   Thumb Code     0  libshutdown2.o(.ARM.Collect$$libshutdown$$00000002)
    __rt_lib_shutdown_fp_trap_1              0x0800020b   Thumb Code     0  libshutdown2.o(.ARM.Collect$$libshutdown$$00000009)
    __rt_lib_shutdown_heap_1                 0x0800020b   Thumb Code     0  libshutdown2.o(.ARM.Collect$$libshutdown$$00000011)
    __rt_lib_shutdown_return                 0x0800020b   Thumb Code     0  libshutdown2.o(.ARM.Collect$$libshutdown$$00000012)
    __rt_lib_shutdown_signal_1               0x0800020b   Thumb Code     0  libshutdown2.o(.ARM.Collect$$libshutdown$$0000000C)
    __rt_lib_shutdown_stdio_1                0x0800020b   Thumb Code     0  libshutdown2.o(.ARM.Collect$$libshutdown$$00000006)
    __rt_lib_shutdown_user_alloc_1           0x0800020b   Thumb Code     0  libshutdown2.o(.ARM.Collect$$libshutdown$$0000000E)
    __rt_entry                               0x0800020d   Thumb Code     0  __rtentry.o(.ARM.Collect$$rtentry$$00000000)
    __rt_entry_presh_1                       0x0800020d   Thumb Code     0  __rtentry2.o(.ARM.Collect$$rtentry$$00000002)
    __rt_entry_sh                            0x0800020d   Thumb Code     0  __rtentry4.o(.ARM.Collect$$rtentry$$00000004)
    __rt_entry_li                            0x08000213   Thumb Code     0  __rtentry2.o(.ARM.Collect$$rtentry$$0000000A)
    __rt_entry_postsh_1                      0x08000213   Thumb Code     0  __rtentry2.o(.ARM.Collect$$rtentry$$00000009)
    __rt_entry_main                          0x08000217   Thumb Code     0  __rtentry2.o(.ARM.Collect$$rtentry$$0000000D)
    __rt_entry_postli_1                      0x08000217   Thumb Code     0  __rtentry2.o(.ARM.Collect$$rtentry$$0000000C)
    __rt_exit                                0x0800021f   Thumb Code     0  rtexit.o(.ARM.Collect$$rtexit$$00000000)
    __rt_exit_ls                             0x08000221   Thumb Code     0  rtexit2.o(.ARM.Collect$$rtexit$$00000003)
    __rt_exit_prels_1                        0x08000221   Thumb Code     0  rtexit2.o(.ARM.Collect$$rtexit$$00000002)
    __rt_exit_exit                           0x08000225   Thumb Code     0  rtexit2.o(.ARM.Collect$$rtexit$$00000004)
    SVC_Handler                              0x0800022d   Thumb Code    28  port.o(.emb_text)
    __asm___6_port_c_39a90d8d__prvStartFirstTask 0x0800024d   Thumb Code    36  port.o(.emb_text)
    __asm___6_port_c_39a90d8d__prvEnableVFP  0x08000275   Thumb Code    16  port.o(.emb_text)
    PendSV_Handler                           0x08000289   Thumb Code    88  port.o(.emb_text)
    vPortGetIPSR                             0x080002e5   Thumb Code     6  port.o(.emb_text)
    Reset_Handler                            0x080002ed   Thumb Code     8  startup_stm32f407xx.o(.text)
    ADC_IRQHandler                           0x08000307   Thumb Code     0  startup_stm32f407xx.o(.text)
    CAN1_RX1_IRQHandler                      0x08000307   Thumb Code     0  startup_stm32f407xx.o(.text)
    CAN1_SCE_IRQHandler                      0x08000307   Thumb Code     0  startup_stm32f407xx.o(.text)
    CAN1_TX_IRQHandler                       0x08000307   Thumb Code     0  startup_stm32f407xx.o(.text)
    CAN2_RX1_IRQHandler                      0x08000307   Thumb Code     0  startup_stm32f407xx.o(.text)
    CAN2_SCE_IRQHandler                      0x08000307   Thumb Code     0  startup_stm32f407xx.o(.text)
    CAN2_TX_IRQHandler                       0x08000307   Thumb Code     0  startup_stm32f407xx.o(.text)
    DCMI_IRQHandler                          0x08000307   Thumb Code     0  startup_stm32f407xx.o(.text)
    DMA1_Stream6_IRQHandler                  0x08000307   Thumb Code     0  startup_stm32f407xx.o(.text)
    DMA2_Stream0_IRQHandler                  0x08000307   Thumb Code     0  startup_stm32f407xx.o(.text)
    DMA2_Stream3_IRQHandler                  0x08000307   Thumb Code     0  startup_stm32f407xx.o(.text)
    DMA2_Stream4_IRQHandler                  0x08000307   Thumb Code     0  startup_stm32f407xx.o(.text)
    DMA2_Stream5_IRQHandler                  0x08000307   Thumb Code     0  startup_stm32f407xx.o(.text)
    ETH_IRQHandler                           0x08000307   Thumb Code     0  startup_stm32f407xx.o(.text)
    ETH_WKUP_IRQHandler                      0x08000307   Thumb Code     0  startup_stm32f407xx.o(.text)
    EXTI0_IRQHandler                         0x08000307   Thumb Code     0  startup_stm32f407xx.o(.text)
    EXTI15_10_IRQHandler                     0x08000307   Thumb Code     0  startup_stm32f407xx.o(.text)
    EXTI1_IRQHandler                         0x08000307   Thumb Code     0  startup_stm32f407xx.o(.text)
    EXTI2_IRQHandler                         0x08000307   Thumb Code     0  startup_stm32f407xx.o(.text)
    EXTI3_IRQHandler                         0x08000307   Thumb Code     0  startup_stm32f407xx.o(.text)
    EXTI4_IRQHandler                         0x08000307   Thumb Code     0  startup_stm32f407xx.o(.text)
    FLASH_IRQHandler                         0x08000307   Thumb Code     0  startup_stm32f407xx.o(.text)
    FMC_IRQHandler                           0x08000307   Thumb Code     0  startup_stm32f407xx.o(.text)
    FPU_IRQHandler                           0x08000307   Thumb Code     0  startup_stm32f407xx.o(.text)
    HASH_RNG_IRQHandler                      0x08000307   Thumb Code     0  startup_stm32f407xx.o(.text)
    I2C1_ER_IRQHandler                       0x08000307   Thumb Code     0  startup_stm32f407xx.o(.text)
    I2C1_EV_IRQHandler                       0x08000307   Thumb Code     0  startup_stm32f407xx.o(.text)
    I2C2_ER_IRQHandler                       0x08000307   Thumb Code     0  startup_stm32f407xx.o(.text)
    I2C2_EV_IRQHandler                       0x08000307   Thumb Code     0  startup_stm32f407xx.o(.text)
    I2C3_ER_IRQHandler                       0x08000307   Thumb Code     0  startup_stm32f407xx.o(.text)
    I2C3_EV_IRQHandler                       0x08000307   Thumb Code     0  startup_stm32f407xx.o(.text)
    OTG_FS_IRQHandler                        0x08000307   Thumb Code     0  startup_stm32f407xx.o(.text)
    OTG_FS_WKUP_IRQHandler                   0x08000307   Thumb Code     0  startup_stm32f407xx.o(.text)
    OTG_HS_EP1_IN_IRQHandler                 0x08000307   Thumb Code     0  startup_stm32f407xx.o(.text)
    OTG_HS_EP1_OUT_IRQHandler                0x08000307   Thumb Code     0  startup_stm32f407xx.o(.text)
    OTG_HS_IRQHandler                        0x08000307   Thumb Code     0  startup_stm32f407xx.o(.text)
    OTG_HS_WKUP_IRQHandler                   0x08000307   Thumb Code     0  startup_stm32f407xx.o(.text)
    PVD_IRQHandler                           0x08000307   Thumb Code     0  startup_stm32f407xx.o(.text)
    RCC_IRQHandler                           0x08000307   Thumb Code     0  startup_stm32f407xx.o(.text)
    RTC_Alarm_IRQHandler                     0x08000307   Thumb Code     0  startup_stm32f407xx.o(.text)
    RTC_WKUP_IRQHandler                      0x08000307   Thumb Code     0  startup_stm32f407xx.o(.text)
    SDIO_IRQHandler                          0x08000307   Thumb Code     0  startup_stm32f407xx.o(.text)
    SPI1_IRQHandler                          0x08000307   Thumb Code     0  startup_stm32f407xx.o(.text)
    SPI2_IRQHandler                          0x08000307   Thumb Code     0  startup_stm32f407xx.o(.text)
    SPI3_IRQHandler                          0x08000307   Thumb Code     0  startup_stm32f407xx.o(.text)
    TAMP_STAMP_IRQHandler                    0x08000307   Thumb Code     0  startup_stm32f407xx.o(.text)
    TIM1_BRK_TIM9_IRQHandler                 0x08000307   Thumb Code     0  startup_stm32f407xx.o(.text)
    TIM1_CC_IRQHandler                       0x08000307   Thumb Code     0  startup_stm32f407xx.o(.text)
    TIM1_TRG_COM_TIM11_IRQHandler            0x08000307   Thumb Code     0  startup_stm32f407xx.o(.text)
    TIM1_UP_TIM10_IRQHandler                 0x08000307   Thumb Code     0  startup_stm32f407xx.o(.text)
    TIM3_IRQHandler                          0x08000307   Thumb Code     0  startup_stm32f407xx.o(.text)
    TIM4_IRQHandler                          0x08000307   Thumb Code     0  startup_stm32f407xx.o(.text)
    TIM5_IRQHandler                          0x08000307   Thumb Code     0  startup_stm32f407xx.o(.text)
    TIM6_DAC_IRQHandler                      0x08000307   Thumb Code     0  startup_stm32f407xx.o(.text)
    TIM7_IRQHandler                          0x08000307   Thumb Code     0  startup_stm32f407xx.o(.text)
    TIM8_BRK_TIM12_IRQHandler                0x08000307   Thumb Code     0  startup_stm32f407xx.o(.text)
    TIM8_CC_IRQHandler                       0x08000307   Thumb Code     0  startup_stm32f407xx.o(.text)
    TIM8_TRG_COM_TIM14_IRQHandler            0x08000307   Thumb Code     0  startup_stm32f407xx.o(.text)
    TIM8_UP_TIM13_IRQHandler                 0x08000307   Thumb Code     0  startup_stm32f407xx.o(.text)
    WWDG_IRQHandler                          0x08000307   Thumb Code     0  startup_stm32f407xx.o(.text)
    __user_initial_stackheap                 0x08000309   Thumb Code     0  startup_stm32f407xx.o(.text)
    __aeabi_uldivmod                         0x0800032d   Thumb Code     0  lludivv7m.o(.text)
    _ll_udiv                                 0x0800032d   Thumb Code   238  lludivv7m.o(.text)
    __aeabi_memcpy4                          0x0800041b   Thumb Code     0  rt_memcpy_w.o(.text)
    __aeabi_memcpy8                          0x0800041b   Thumb Code     0  rt_memcpy_w.o(.text)
    __rt_memcpy_w                            0x0800041b   Thumb Code   100  rt_memcpy_w.o(.text)
    _memcpy_lastbytes_aligned                0x08000463   Thumb Code     0  rt_memcpy_w.o(.text)
    __aeabi_memclr                           0x0800047f   Thumb Code     0  rt_memclr.o(.text)
    __rt_memclr                              0x0800047f   Thumb Code    68  rt_memclr.o(.text)
    _memset                                  0x08000483   Thumb Code     0  rt_memclr.o(.text)
    __aeabi_memclr4                          0x080004c3   Thumb Code     0  rt_memclr_w.o(.text)
    __aeabi_memclr8                          0x080004c3   Thumb Code     0  rt_memclr_w.o(.text)
    __rt_memclr_w                            0x080004c3   Thumb Code    78  rt_memclr_w.o(.text)
    _memset_w                                0x080004c7   Thumb Code     0  rt_memclr_w.o(.text)
    __use_two_region_memory                  0x08000511   Thumb Code     2  heapauxi.o(.text)
    __rt_heap_escrow$2region                 0x08000513   Thumb Code     2  heapauxi.o(.text)
    __rt_heap_expand$2region                 0x08000515   Thumb Code     2  heapauxi.o(.text)
    __cpp_initialize__aeabi_                 0x08000519   Thumb Code    26  init_aeabi.o(.text)
    __user_setup_stackheap                   0x0800053d   Thumb Code    74  sys_stackheap_outer.o(.text)
    exit                                     0x08000587   Thumb Code    18  exit.o(.text)
    __user_libspace                          0x08000599   Thumb Code     8  libspace.o(.text)
    __user_perproc_libspace                  0x08000599   Thumb Code     0  libspace.o(.text)
    __user_perthread_libspace                0x08000599   Thumb Code     0  libspace.o(.text)
    _sys_exit                                0x080005a1   Thumb Code     8  sys_exit.o(.text)
    __I$use$semihosting                      0x080005ad   Thumb Code     0  use_no_semi.o(.text)
    __use_no_semihosting_swi                 0x080005ad   Thumb Code     2  use_no_semi.o(.text)
    BusFault_Handler                         0x080005af   Thumb Code     2  stm32f4xx_it.o(i.BusFault_Handler)
    __semihosting_library_function           0x080005af   Thumb Code     0  indicate_semi.o(.text)
    CAN1_RX0_IRQHandler                      0x080005b1   Thumb Code     6  stm32f4xx_it.o(i.CAN1_RX0_IRQHandler)
    CAN2_RX0_IRQHandler                      0x080005bd   Thumb Code     6  stm32f4xx_it.o(i.CAN2_RX0_IRQHandler)
    CAN_Enable                               0x080005c9   Thumb Code    58  can_drv.o(i.CAN_Enable)
    DMA1_Stream0_IRQHandler                  0x08000605   Thumb Code     6  stm32f4xx_it.o(i.DMA1_Stream0_IRQHandler)
    DMA1_Stream1_IRQHandler                  0x08000611   Thumb Code     6  stm32f4xx_it.o(i.DMA1_Stream1_IRQHandler)
    DMA1_Stream2_IRQHandler                  0x0800061d   Thumb Code     6  stm32f4xx_it.o(i.DMA1_Stream2_IRQHandler)
    DMA1_Stream3_IRQHandler                  0x08000629   Thumb Code     6  stm32f4xx_it.o(i.DMA1_Stream3_IRQHandler)
    DMA1_Stream4_IRQHandler                  0x08000635   Thumb Code     6  stm32f4xx_it.o(i.DMA1_Stream4_IRQHandler)
    DMA1_Stream5_IRQHandler                  0x08000641   Thumb Code     6  stm32f4xx_it.o(i.DMA1_Stream5_IRQHandler)
    DMA1_Stream7_IRQHandler                  0x0800064d   Thumb Code     6  stm32f4xx_it.o(i.DMA1_Stream7_IRQHandler)
    DMA2_Stream1_IRQHandler                  0x08000659   Thumb Code     6  stm32f4xx_it.o(i.DMA2_Stream1_IRQHandler)
    DMA2_Stream2_IRQHandler                  0x08000665   Thumb Code     6  stm32f4xx_it.o(i.DMA2_Stream2_IRQHandler)
    DMA2_Stream6_IRQHandler                  0x08000671   Thumb Code     6  stm32f4xx_it.o(i.DMA2_Stream6_IRQHandler)
    DMA2_Stream7_IRQHandler                  0x0800067d   Thumb Code     6  stm32f4xx_it.o(i.DMA2_Stream7_IRQHandler)
    DebugMon_Handler                         0x0800072d   Thumb Code     2  stm32f4xx_it.o(i.DebugMon_Handler)
    Device_init                              0x08000731   Thumb Code    92  dev_drv.o(i.Device_init)
    EXTI9_5_IRQHandler                       0x080007b9   Thumb Code    22  stm32f4xx_it.o(i.EXTI9_5_IRQHandler)
    Error_Handler                            0x080007cf   Thumb Code     4  main.o(i.Error_Handler)
    HAL_CAN_ActivateNotification             0x080007d3   Thumb Code    36  stm32f4xx_hal_can.o(i.HAL_CAN_ActivateNotification)
    HAL_CAN_AddTxMessage                     0x080007f7   Thumb Code   208  stm32f4xx_hal_can.o(i.HAL_CAN_AddTxMessage)
    HAL_CAN_ConfigFilter                     0x080008c9   Thumb Code   262  stm32f4xx_hal_can.o(i.HAL_CAN_ConfigFilter)
    HAL_CAN_ErrorCallback                    0x080009d5   Thumb Code     2  stm32f4xx_hal_can.o(i.HAL_CAN_ErrorCallback)
    HAL_CAN_GetRxMessage                     0x080009d7   Thumb Code   244  stm32f4xx_hal_can.o(i.HAL_CAN_GetRxMessage)
    HAL_CAN_IRQHandler                       0x08000acb   Thumb Code   508  stm32f4xx_hal_can.o(i.HAL_CAN_IRQHandler)
    HAL_CAN_Init                             0x08000cc7   Thumb Code   282  stm32f4xx_hal_can.o(i.HAL_CAN_Init)
    HAL_CAN_MspInit                          0x08000de1   Thumb Code   238  can.o(i.HAL_CAN_MspInit)
    HAL_CAN_RxFifo0FullCallback              0x08000ee5   Thumb Code     2  stm32f4xx_hal_can.o(i.HAL_CAN_RxFifo0FullCallback)
    HAL_CAN_RxFifo0MsgPendingCallback        0x08000ee9   Thumb Code    52  can_drv.o(i.HAL_CAN_RxFifo0MsgPendingCallback)
    HAL_CAN_RxFifo1FullCallback              0x08000f29   Thumb Code     2  stm32f4xx_hal_can.o(i.HAL_CAN_RxFifo1FullCallback)
    HAL_CAN_RxFifo1MsgPendingCallback        0x08000f2b   Thumb Code     2  stm32f4xx_hal_can.o(i.HAL_CAN_RxFifo1MsgPendingCallback)
    HAL_CAN_SleepCallback                    0x08000f2d   Thumb Code     2  stm32f4xx_hal_can.o(i.HAL_CAN_SleepCallback)
    HAL_CAN_Start                            0x08000f31   Thumb Code    88  stm32f4xx_hal_can.o(i.HAL_CAN_Start)
    HAL_CAN_TxMailbox0AbortCallback          0x08000f89   Thumb Code     2  stm32f4xx_hal_can.o(i.HAL_CAN_TxMailbox0AbortCallback)
    HAL_CAN_TxMailbox0CompleteCallback       0x08000f8b   Thumb Code     2  stm32f4xx_hal_can.o(i.HAL_CAN_TxMailbox0CompleteCallback)
    HAL_CAN_TxMailbox1AbortCallback          0x08000f8d   Thumb Code     2  stm32f4xx_hal_can.o(i.HAL_CAN_TxMailbox1AbortCallback)
    HAL_CAN_TxMailbox1CompleteCallback       0x08000f8f   Thumb Code     2  stm32f4xx_hal_can.o(i.HAL_CAN_TxMailbox1CompleteCallback)
    HAL_CAN_TxMailbox2AbortCallback          0x08000f91   Thumb Code     2  stm32f4xx_hal_can.o(i.HAL_CAN_TxMailbox2AbortCallback)
    HAL_CAN_TxMailbox2CompleteCallback       0x08000f93   Thumb Code     2  stm32f4xx_hal_can.o(i.HAL_CAN_TxMailbox2CompleteCallback)
    HAL_CAN_WakeUpFromRxMsgCallback          0x08000f95   Thumb Code     2  stm32f4xx_hal_can.o(i.HAL_CAN_WakeUpFromRxMsgCallback)
    HAL_DMA_Abort                            0x08000f97   Thumb Code   146  stm32f4xx_hal_dma.o(i.HAL_DMA_Abort)
    HAL_DMA_Abort_IT                         0x08001029   Thumb Code    36  stm32f4xx_hal_dma.o(i.HAL_DMA_Abort_IT)
    HAL_DMA_IRQHandler                       0x0800104d   Thumb Code   412  stm32f4xx_hal_dma.o(i.HAL_DMA_IRQHandler)
    HAL_DMA_Init                             0x080011ed   Thumb Code   206  stm32f4xx_hal_dma.o(i.HAL_DMA_Init)
    HAL_DMA_Start                            0x080012c1   Thumb Code    70  stm32f4xx_hal_dma.o(i.HAL_DMA_Start)
    HAL_DMA_Start_IT                         0x08001307   Thumb Code   110  stm32f4xx_hal_dma.o(i.HAL_DMA_Start_IT)
    HAL_GPIO_EXTI_Callback                   0x08001375   Thumb Code     2  user_handler.o(i.HAL_GPIO_EXTI_Callback)
    HAL_GPIO_EXTI_IRQHandler                 0x08001379   Thumb Code    18  stm32f4xx_hal_gpio.o(i.HAL_GPIO_EXTI_IRQHandler)
    HAL_GPIO_Init                            0x08001391   Thumb Code   450  stm32f4xx_hal_gpio.o(i.HAL_GPIO_Init)
    HAL_GPIO_WritePin                        0x08001581   Thumb Code    10  stm32f4xx_hal_gpio.o(i.HAL_GPIO_WritePin)
    HAL_GetTick                              0x0800158d   Thumb Code     6  stm32f4xx_hal.o(i.HAL_GetTick)
    HAL_IWDG_Init                            0x08001599   Thumb Code    90  stm32f4xx_hal_iwdg.o(i.HAL_IWDG_Init)
    HAL_IWDG_Refresh                         0x080015f3   Thumb Code    12  stm32f4xx_hal_iwdg.o(i.HAL_IWDG_Refresh)
    HAL_IncTick                              0x08001601   Thumb Code    12  stm32f4xx_hal.o(i.HAL_IncTick)
    HAL_Init                                 0x08001611   Thumb Code    48  stm32f4xx_hal.o(i.HAL_Init)
    HAL_InitTick                             0x08001645   Thumb Code   134  stm32f4xx_hal_timebase_tim.o(i.HAL_InitTick)
    HAL_MspInit                              0x080016dd   Thumb Code    52  stm32f4xx_hal_msp.o(i.HAL_MspInit)
    HAL_NVIC_EnableIRQ                       0x08001715   Thumb Code    26  stm32f4xx_hal_cortex.o(i.HAL_NVIC_EnableIRQ)
    HAL_NVIC_SetPriority                     0x08001731   Thumb Code    60  stm32f4xx_hal_cortex.o(i.HAL_NVIC_SetPriority)
    HAL_NVIC_SetPriorityGrouping             0x08001771   Thumb Code    26  stm32f4xx_hal_cortex.o(i.HAL_NVIC_SetPriorityGrouping)
    HAL_RCC_ClockConfig                      0x08001795   Thumb Code   288  stm32f4xx_hal_rcc.o(i.HAL_RCC_ClockConfig)
    HAL_RCC_GetClockConfig                   0x080018c9   Thumb Code    54  stm32f4xx_hal_rcc.o(i.HAL_RCC_GetClockConfig)
    HAL_RCC_GetPCLK1Freq                     0x08001909   Thumb Code    20  stm32f4xx_hal_rcc.o(i.HAL_RCC_GetPCLK1Freq)
    HAL_RCC_GetPCLK2Freq                     0x08001929   Thumb Code    20  stm32f4xx_hal_rcc.o(i.HAL_RCC_GetPCLK2Freq)
    HAL_RCC_GetSysClockFreq                  0x08001949   Thumb Code    88  stm32f4xx_hal_rcc.o(i.HAL_RCC_GetSysClockFreq)
    HAL_RCC_OscConfig                        0x080019ad   Thumb Code   856  stm32f4xx_hal_rcc.o(i.HAL_RCC_OscConfig)
    HAL_SPI_Init                             0x08001d19   Thumb Code   188  stm32f4xx_hal_spi.o(i.HAL_SPI_Init)
    HAL_SPI_MspInit                          0x08001dd5   Thumb Code   154  spi.o(i.HAL_SPI_MspInit)
    HAL_SPI_Receive                          0x08001e85   Thumb Code   342  stm32f4xx_hal_spi.o(i.HAL_SPI_Receive)
    HAL_SPI_Transmit                         0x08001fdb   Thumb Code   366  stm32f4xx_hal_spi.o(i.HAL_SPI_Transmit)
    HAL_SPI_TransmitReceive                  0x08002149   Thumb Code   494  stm32f4xx_hal_spi.o(i.HAL_SPI_TransmitReceive)
    HAL_TIMEx_BreakCallback                  0x08002337   Thumb Code     2  stm32f4xx_hal_tim_ex.o(i.HAL_TIMEx_BreakCallback)
    HAL_TIMEx_CommutCallback                 0x08002339   Thumb Code     2  stm32f4xx_hal_tim_ex.o(i.HAL_TIMEx_CommutCallback)
    HAL_TIM_Base_Init                        0x0800233b   Thumb Code    90  stm32f4xx_hal_tim.o(i.HAL_TIM_Base_Init)
    HAL_TIM_Base_MspInit                     0x08002395   Thumb Code     2  stm32f4xx_hal_tim.o(i.HAL_TIM_Base_MspInit)
    HAL_TIM_Base_Start_IT                    0x08002399   Thumb Code   100  stm32f4xx_hal_tim.o(i.HAL_TIM_Base_Start_IT)
    HAL_TIM_IC_CaptureCallback               0x08002419   Thumb Code     2  stm32f4xx_hal_tim.o(i.HAL_TIM_IC_CaptureCallback)
    HAL_TIM_IRQHandler                       0x0800241b   Thumb Code   304  stm32f4xx_hal_tim.o(i.HAL_TIM_IRQHandler)
    HAL_TIM_OC_DelayElapsedCallback          0x0800254b   Thumb Code     2  stm32f4xx_hal_tim.o(i.HAL_TIM_OC_DelayElapsedCallback)
    HAL_TIM_PWM_PulseFinishedCallback        0x0800254d   Thumb Code     2  stm32f4xx_hal_tim.o(i.HAL_TIM_PWM_PulseFinishedCallback)
    HAL_TIM_PeriodElapsedCallback            0x0800254f   Thumb Code    14  main.o(i.HAL_TIM_PeriodElapsedCallback)
    HAL_TIM_TriggerCallback                  0x0800255d   Thumb Code     2  stm32f4xx_hal_tim.o(i.HAL_TIM_TriggerCallback)
    HAL_UARTEx_RxEventCallback               0x0800255f   Thumb Code     2  stm32f4xx_hal_uart.o(i.HAL_UARTEx_RxEventCallback)
    HAL_UART_ErrorCallback                   0x08002561   Thumb Code     2  stm32f4xx_hal_uart.o(i.HAL_UART_ErrorCallback)
    HAL_UART_IRQHandler                      0x08002565   Thumb Code   618  stm32f4xx_hal_uart.o(i.HAL_UART_IRQHandler)
    HAL_UART_Init                            0x080027d5   Thumb Code   100  stm32f4xx_hal_uart.o(i.HAL_UART_Init)
    HAL_UART_MspInit                         0x08002839   Thumb Code  1206  usart.o(i.HAL_UART_MspInit)
    HAL_UART_RxCpltCallback                  0x08002cf9   Thumb Code     2  stm32f4xx_hal_uart.o(i.HAL_UART_RxCpltCallback)
    HAL_UART_Transmit_DMA                    0x08002cfd   Thumb Code   106  stm32f4xx_hal_uart.o(i.HAL_UART_Transmit_DMA)
    HAL_UART_TxCpltCallback                  0x08002d75   Thumb Code     2  stm32f4xx_hal_uart.o(i.HAL_UART_TxCpltCallback)
    HAL_UART_TxHalfCpltCallback              0x08002d77   Thumb Code     2  stm32f4xx_hal_uart.o(i.HAL_UART_TxHalfCpltCallback)
    HardFault_Handler                        0x08002d79   Thumb Code     2  stm32f4xx_it.o(i.HardFault_Handler)
    LED_B                                    0x08002d7d   Thumb Code    12  gpio_drv.o(i.LED_B)
    LED_G                                    0x08002d8d   Thumb Code    12  gpio_drv.o(i.LED_G)
    LED_R                                    0x08002d9d   Thumb Code    12  gpio_drv.o(i.LED_R)
    MX_CAN1_Init                             0x08002dad   Thumb Code    62  can.o(i.MX_CAN1_Init)
    MX_CAN2_Init                             0x08002df5   Thumb Code    62  can.o(i.MX_CAN2_Init)
    MX_DMA_Init                              0x08002e3d   Thumb Code   216  dma.o(i.MX_DMA_Init)
    MX_FREERTOS_Init                         0x08002f19   Thumb Code    34  freertos.o(i.MX_FREERTOS_Init)
    MX_GPIO_Init                             0x08002f45   Thumb Code   380  gpio.o(i.MX_GPIO_Init)
    MX_IWDG_Init                             0x080030d9   Thumb Code    36  iwdg.o(i.MX_IWDG_Init)
    MX_SPI1_Init                             0x08003105   Thumb Code    60  spi.o(i.MX_SPI1_Init)
    MX_SPI2_Init                             0x08003149   Thumb Code    62  spi.o(i.MX_SPI2_Init)
    MX_UART4_Init                            0x08003191   Thumb Code    48  usart.o(i.MX_UART4_Init)
    MX_UART5_Init                            0x080031c9   Thumb Code    48  usart.o(i.MX_UART5_Init)
    MX_USART1_UART_Init                      0x08003201   Thumb Code    48  usart.o(i.MX_USART1_UART_Init)
    MX_USART2_UART_Init                      0x08003239   Thumb Code    46  usart.o(i.MX_USART2_UART_Init)
    MX_USART3_UART_Init                      0x08003275   Thumb Code    48  usart.o(i.MX_USART3_UART_Init)
    MX_USART6_UART_Init                      0x080032ad   Thumb Code    48  usart.o(i.MX_USART6_UART_Init)
    MemManage_Handler                        0x080032e5   Thumb Code     2  stm32f4xx_it.o(i.MemManage_Handler)
    NMI_Handler                              0x080032e7   Thumb Code     2  stm32f4xx_it.o(i.NMI_Handler)
    SPI2_CS                                  0x080032e9   Thumb Code    12  gpio_drv.o(i.SPI2_CS)
    SPI2_RX                                  0x080032f9   Thumb Code    14  spi_drv.o(i.SPI2_RX)
    SPI2_TX                                  0x0800330d   Thumb Code    14  spi_drv.o(i.SPI2_TX)
    Set_tx_ID                                0x080034a1   Thumb Code     6  can_drv.o(i.Set_tx_ID)
    StartDefaultTask                         0x080034ad   Thumb Code     8  freertos.o(i.StartDefaultTask)
    SysTick_Handler                          0x080034b5   Thumb Code    38  port.o(i.SysTick_Handler)
    SystemClock_Config                       0x080034e1   Thumb Code   144  main.o(i.SystemClock_Config)
    SystemInit                               0x08003579   Thumb Code    12  system_stm32f4xx.o(i.SystemInit)
    TIM2_IRQHandler                          0x08003589   Thumb Code     6  stm32f4xx_it.o(i.TIM2_IRQHandler)
    TIM_Base_SetConfig                       0x08003595   Thumb Code   170  stm32f4xx_hal_tim.o(i.TIM_Base_SetConfig)
    Test_Task                                0x0800366d   Thumb Code   210  user_task.o(i.Test_Task)
    UART4_IRQHandler                         0x0800376d   Thumb Code    18  stm32f4xx_it.o(i.UART4_IRQHandler)
    UART5_IRQHandler                         0x08003785   Thumb Code    18  stm32f4xx_it.o(i.UART5_IRQHandler)
    UART_Enable                              0x08003843   Thumb Code    52  uart_drv.o(i.UART_Enable)
    UART_IRQHandler                          0x080038e1   Thumb Code   184  uart_drv.o(i.UART_IRQHandler)
    USART1_IRQHandler                        0x08003b8d   Thumb Code    18  stm32f4xx_it.o(i.USART1_IRQHandler)
    USART2_IRQHandler                        0x08003ba5   Thumb Code    18  stm32f4xx_it.o(i.USART2_IRQHandler)
    USART3_IRQHandler                        0x08003bbd   Thumb Code    18  stm32f4xx_it.o(i.USART3_IRQHandler)
    USART6_IRQHandler                        0x08003bd5   Thumb Code    18  stm32f4xx_it.o(i.USART6_IRQHandler)
    UsageFault_Handler                       0x08003bed   Thumb Code     2  stm32f4xx_it.o(i.UsageFault_Handler)
    User_Task_Init                           0x08003bf1   Thumb Code    30  user_task.o(i.User_Task_Init)
    __armlib_thread_safety_init              0x08003c39   Thumb Code    38  armlib_lock_glue.o(i.__armlib_thread_safety_init)
    _mutex_acquire                           0x08003c65   Thumb Code    52  armlib_lock_glue.o(i._mutex_acquire)
    _mutex_free                              0x08003c9d   Thumb Code    50  armlib_lock_glue.o(i._mutex_free)
    _mutex_initialize                        0x08003cd5   Thumb Code    94  armlib_lock_glue.o(i._mutex_initialize)
    _mutex_release                           0x08003d39   Thumb Code    52  armlib_lock_glue.o(i._mutex_release)
    bmi270_get_data                          0x08003d71   Thumb Code   154  bmi_drv.o(i.bmi270_get_data)
    bmi270_get_sensor_config                 0x08003e11   Thumb Code   130  bmi270.o(i.bmi270_get_sensor_config)
    bmi270_init                              0x08003e95   Thumb Code   102  bmi270.o(i.bmi270_init)
    bmi270_sensor_enable                     0x08003f09   Thumb Code   126  bmi270.o(i.bmi270_sensor_enable)
    bmi270_set_sensor_config                 0x08003f87   Thumb Code   126  bmi270.o(i.bmi270_set_sensor_config)
    bmi2_1us                                 0x08004005   Thumb Code    30  bmi_drv.o(i.bmi2_1us)
    bmi2_delay_us                            0x08004029   Thumb Code    24  bmi_drv.o(i.bmi2_delay_us)
    bmi2_extract_input_feat_config           0x08004041   Thumb Code    54  bmi2.o(i.bmi2_extract_input_feat_config)
    bmi2_get_feat_config                     0x08004077   Thumb Code   160  bmi2.o(i.bmi2_get_feat_config)
    bmi2_get_feature_data                    0x08004117   Thumb Code   132  bmi2.o(i.bmi2_get_feature_data)
    bmi2_get_gyro_cross_sense                0x0800419b   Thumb Code    64  bmi2.o(i.bmi2_get_gyro_cross_sense)
    bmi2_get_internal_status                 0x080041db   Thumb Code    48  bmi2.o(i.bmi2_get_internal_status)
    bmi2_get_regs                            0x0800420b   Thumb Code   126  bmi2.o(i.bmi2_get_regs)
    bmi2_get_sensor_config                   0x08004289   Thumb Code   276  bmi2.o(i.bmi2_get_sensor_config)
    bmi2_get_status                          0x0800439d   Thumb Code    38  bmi2.o(i.bmi2_get_status)
    bmi2_map_data_int                        0x080043c3   Thumb Code   118  bmi2.o(i.bmi2_map_data_int)
    bmi2_sec_init                            0x08004439   Thumb Code   114  bmi2.o(i.bmi2_sec_init)
    bmi2_set_adv_power_save                  0x080044b1   Thumb Code    84  bmi2.o(i.bmi2_set_adv_power_save)
    bmi2_set_regs                            0x08004505   Thumb Code   156  bmi2.o(i.bmi2_set_regs)
    bmi2_set_sensor_config                   0x080045a1   Thumb Code   166  bmi2.o(i.bmi2_set_sensor_config)
    bmi2_soft_reset                          0x08004647   Thumb Code    96  bmi2.o(i.bmi2_soft_reset)
    bmi2_spi_read                            0x080046a7   Thumb Code    58  bmi_drv.o(i.bmi2_spi_read)
    bmi2_spi_write                           0x080046e1   Thumb Code    58  bmi_drv.o(i.bmi2_spi_write)
    bmi2_write_config_file                   0x0800471b   Thumb Code   106  bmi2.o(i.bmi2_write_config_file)
    imu_init                                 0x08005031   Thumb Code    84  bmi_drv.o(i.imu_init)
    main                                     0x08005099   Thumb Code    74  main.o(i.main)
    osDelay                                  0x0800511f   Thumb Code    14  cmsis_os.o(i.osDelay)
    osKernelStart                            0x0800512d   Thumb Code    10  cmsis_os.o(i.osKernelStart)
    osThreadCreate                           0x08005137   Thumb Code    84  cmsis_os.o(i.osThreadCreate)
    pvPortMalloc                             0x080054d9   Thumb Code   216  heap_4.o(i.pvPortMalloc)
    pxPortInitialiseStack                    0x080055b5   Thumb Code    40  port.o(i.pxPortInitialiseStack)
    set_accel_gyro_config                    0x08005739   Thumb Code    94  bmi_drv.o(i.set_accel_gyro_config)
    uxListRemove                             0x0800639b   Thumb Code    38  list.o(i.uxListRemove)
    vApplicationGetIdleTaskMemory            0x080063c1   Thumb Code    16  freertos.o(i.vApplicationGetIdleTaskMemory)
    vListInitialise                          0x080063d5   Thumb Code    22  list.o(i.vListInitialise)
    vListInitialiseItem                      0x080063eb   Thumb Code     6  list.o(i.vListInitialiseItem)
    vListInsert                              0x080063f1   Thumb Code    48  list.o(i.vListInsert)
    vListInsertEnd                           0x08006421   Thumb Code    24  list.o(i.vListInsertEnd)
    vPortEnterCritical                       0x08006439   Thumb Code    54  port.o(i.vPortEnterCritical)
    vPortExitCritical                        0x08006479   Thumb Code    34  port.o(i.vPortExitCritical)
    vPortFree                                0x080064a1   Thumb Code    94  heap_4.o(i.vPortFree)
    vPortSetupTimerInterrupt                 0x08006505   Thumb Code    32  port.o(i.vPortSetupTimerInterrupt)
    vTaskDelay                               0x08006529   Thumb Code    66  tasks.o(i.vTaskDelay)
    vTaskStartScheduler                      0x08006575   Thumb Code    90  tasks.o(i.vTaskStartScheduler)
    vTaskSuspendAll                          0x080065e1   Thumb Code    10  tasks.o(i.vTaskSuspendAll)
    vTaskSwitchContext                       0x080065f1   Thumb Code    82  tasks.o(i.vTaskSwitchContext)
    xPortStartScheduler                      0x08006709   Thumb Code   222  port.o(i.xPortStartScheduler)
    xTaskCreate                              0x080067fd   Thumb Code    90  tasks.o(i.xTaskCreate)
    xTaskCreateStatic                        0x08006857   Thumb Code    86  tasks.o(i.xTaskCreateStatic)
    xTaskIncrementTick                       0x080068ad   Thumb Code   194  tasks.o(i.xTaskIncrementTick)
    xTaskResumeAll                           0x08006979   Thumb Code   182  tasks.o(i.xTaskResumeAll)
    _fp_init                                 0x08006a3d   Thumb Code    10  fpinit.o(x$fpl$fpinit)
    __fplib_config_fpu_vfp                   0x08006a45   Thumb Code     0  fpinit.o(x$fpl$fpinit)
    __fplib_config_pureend_doubles           0x08006a45   Thumb Code     0  fpinit.o(x$fpl$fpinit)
    bmi270_config_file                       0x08006a86   Data        8192  bmi270.o(.constdata)
    bmi270_feat_in                           0x08008a86   Data          51  bmi270.o(.constdata)
    bmi270_feat_out                          0x08008ab9   Data          21  bmi270.o(.constdata)
    AHBPrescTable                            0x08008ad6   Data          16  system_stm32f4xx.o(.constdata)
    APBPrescTable                            0x08008ae6   Data           8  system_stm32f4xx.o(.constdata)
    Region$$Table$$Base                      0x08008b04   Number         0  anon$$obj.o(Region$$Table)
    Region$$Table$$Limit                     0x08008b24   Number         0  anon$$obj.o(Region$$Table)
    SHT$$INIT_ARRAY$$Base                    0x08008b24   Number         0  armlib_lock_glue.o(.init_array)
    SHT$$INIT_ARRAY$$Limit                   0x08008b28   Number         0  init_aeabi.o(.init_array)
    Task1_Handler                            0x20000000   Data           4  user_task.o(.data)
    defaultTaskHandle                        0x2000001c   Data           4  freertos.o(.data)
    pxCurrentTCB                             0x20000024   Data           4  tasks.o(.data)
    rslt                                     0x2000008c   Data           1  bmi_drv.o(.data)
    btick                                    0x20000090   Data           4  bmi_drv.o(.data)
    bmi270_map_int                           0x200000ac   Data          16  bmi270.o(.data)
    uwTickFreq                               0x200000bc   Data           1  stm32f4xx_hal.o(.data)
    uwTickPrio                               0x200000c0   Data           4  stm32f4xx_hal.o(.data)
    uwTick                                   0x200000c4   Data           4  stm32f4xx_hal.o(.data)
    SystemCoreClock                          0x200000c8   Data           4  system_stm32f4xx.o(.data)
    hcan1                                    0x20000320   Data          40  can.o(.bss)
    hcan2                                    0x20000348   Data          40  can.o(.bss)
    hiwdg                                    0x20000370   Data          12  iwdg.o(.bss)
    hspi1                                    0x2000037c   Data          88  spi.o(.bss)
    hspi2                                    0x200003d4   Data          88  spi.o(.bss)
    huart4                                   0x2000042c   Data          72  usart.o(.bss)
    huart5                                   0x20000474   Data          72  usart.o(.bss)
    huart1                                   0x200004bc   Data          72  usart.o(.bss)
    huart2                                   0x20000504   Data          72  usart.o(.bss)
    huart3                                   0x2000054c   Data          72  usart.o(.bss)
    huart6                                   0x20000594   Data          72  usart.o(.bss)
    hdma_uart4_rx                            0x200005dc   Data          96  usart.o(.bss)
    hdma_uart4_tx                            0x2000063c   Data          96  usart.o(.bss)
    hdma_uart5_rx                            0x2000069c   Data          96  usart.o(.bss)
    hdma_uart5_tx                            0x200006fc   Data          96  usart.o(.bss)
    hdma_usart1_rx                           0x2000075c   Data          96  usart.o(.bss)
    hdma_usart1_tx                           0x200007bc   Data          96  usart.o(.bss)
    hdma_usart2_rx                           0x2000081c   Data          96  usart.o(.bss)
    hdma_usart3_rx                           0x2000087c   Data          96  usart.o(.bss)
    hdma_usart3_tx                           0x200008dc   Data          96  usart.o(.bss)
    hdma_usart6_rx                           0x2000093c   Data          96  usart.o(.bss)
    hdma_usart6_tx                           0x2000099c   Data          96  usart.o(.bss)
    htim2                                    0x200009fc   Data          72  stm32f4xx_hal_timebase_tim.o(.bss)
    __libspace_start                         0x2000b1f4   Data          96  libspace.o(.bss)
    __temporary_stack_top$libspace           0x2000b254   Data           0  libspace.o(.bss)



==============================================================================

Memory Map of the image

  Image Entry point : 0x08000189

  Load Region LR_IROM1 (Base: 0x08000000, Size: 0x00008bf4, Max: 0x00080000, ABSOLUTE)

    Execution Region ER_IROM1 (Exec base: 0x08000000, Load base: 0x08000000, Size: 0x00008b28, Max: 0x00080000, ABSOLUTE)

    Exec Addr    Load Addr    Size         Type   Attr      Idx    E Section Name        Object

    0x08000000   0x08000000   0x00000188   Data   RO          946    RESET               startup_stm32f407xx.o
    0x08000188   0x08000188   0x00000008   Code   RO         6872  * !!!main             c_w.l(__main.o)
    0x08000190   0x08000190   0x00000034   Code   RO         7047    !!!scatter          c_w.l(__scatter.o)
    0x080001c4   0x080001c4   0x0000001a   Code   RO         7049    !!handler_copy      c_w.l(__scatter_copy.o)
    0x080001de   0x080001de   0x00000002   PAD
    0x080001e0   0x080001e0   0x0000001c   Code   RO         7051    !!handler_zi        c_w.l(__scatter_zi.o)
    0x080001fc   0x080001fc   0x00000002   Code   RO         6968    .ARM.Collect$$libinit$$00000000  c_w.l(libinit.o)
    0x080001fe   0x080001fe   0x00000004   Code   RO         6885    .ARM.Collect$$libinit$$00000001  c_w.l(libinit2.o)
    0x08000202   0x08000202   0x00000000   Code   RO         6888    .ARM.Collect$$libinit$$00000004  c_w.l(libinit2.o)
    0x08000202   0x08000202   0x00000000   Code   RO         6891    .ARM.Collect$$libinit$$0000000A  c_w.l(libinit2.o)
    0x08000202   0x08000202   0x00000000   Code   RO         6893    .ARM.Collect$$libinit$$0000000C  c_w.l(libinit2.o)
    0x08000202   0x08000202   0x00000000   Code   RO         6895    .ARM.Collect$$libinit$$0000000E  c_w.l(libinit2.o)
    0x08000202   0x08000202   0x00000000   Code   RO         6898    .ARM.Collect$$libinit$$00000011  c_w.l(libinit2.o)
    0x08000202   0x08000202   0x00000000   Code   RO         6900    .ARM.Collect$$libinit$$00000013  c_w.l(libinit2.o)
    0x08000202   0x08000202   0x00000000   Code   RO         6902    .ARM.Collect$$libinit$$00000015  c_w.l(libinit2.o)
    0x08000202   0x08000202   0x00000000   Code   RO         6904    .ARM.Collect$$libinit$$00000017  c_w.l(libinit2.o)
    0x08000202   0x08000202   0x00000000   Code   RO         6906    .ARM.Collect$$libinit$$00000019  c_w.l(libinit2.o)
    0x08000202   0x08000202   0x00000000   Code   RO         6908    .ARM.Collect$$libinit$$0000001B  c_w.l(libinit2.o)
    0x08000202   0x08000202   0x00000000   Code   RO         6910    .ARM.Collect$$libinit$$0000001D  c_w.l(libinit2.o)
    0x08000202   0x08000202   0x00000000   Code   RO         6912    .ARM.Collect$$libinit$$0000001F  c_w.l(libinit2.o)
    0x08000202   0x08000202   0x00000000   Code   RO         6914    .ARM.Collect$$libinit$$00000021  c_w.l(libinit2.o)
    0x08000202   0x08000202   0x00000000   Code   RO         6916    .ARM.Collect$$libinit$$00000023  c_w.l(libinit2.o)
    0x08000202   0x08000202   0x00000000   Code   RO         6918    .ARM.Collect$$libinit$$00000025  c_w.l(libinit2.o)
    0x08000202   0x08000202   0x00000000   Code   RO         6922    .ARM.Collect$$libinit$$0000002C  c_w.l(libinit2.o)
    0x08000202   0x08000202   0x00000000   Code   RO         6924    .ARM.Collect$$libinit$$0000002E  c_w.l(libinit2.o)
    0x08000202   0x08000202   0x00000000   Code   RO         6926    .ARM.Collect$$libinit$$00000030  c_w.l(libinit2.o)
    0x08000202   0x08000202   0x00000004   Code   RO         6927    .ARM.Collect$$libinit$$00000031  c_w.l(libinit2.o)
    0x08000206   0x08000206   0x00000000   Code   RO         6928    .ARM.Collect$$libinit$$00000032  c_w.l(libinit2.o)
    0x08000206   0x08000206   0x00000002   Code   RO         6929    .ARM.Collect$$libinit$$00000033  c_w.l(libinit2.o)
    0x08000208   0x08000208   0x00000002   Code   RO         7012    .ARM.Collect$$libshutdown$$00000000  c_w.l(libshutdown.o)
    0x0800020a   0x0800020a   0x00000000   Code   RO         7028    .ARM.Collect$$libshutdown$$00000002  c_w.l(libshutdown2.o)
    0x0800020a   0x0800020a   0x00000000   Code   RO         7030    .ARM.Collect$$libshutdown$$00000004  c_w.l(libshutdown2.o)
    0x0800020a   0x0800020a   0x00000000   Code   RO         7032    .ARM.Collect$$libshutdown$$00000006  c_w.l(libshutdown2.o)
    0x0800020a   0x0800020a   0x00000000   Code   RO         7035    .ARM.Collect$$libshutdown$$00000009  c_w.l(libshutdown2.o)
    0x0800020a   0x0800020a   0x00000000   Code   RO         7038    .ARM.Collect$$libshutdown$$0000000C  c_w.l(libshutdown2.o)
    0x0800020a   0x0800020a   0x00000000   Code   RO         7040    .ARM.Collect$$libshutdown$$0000000E  c_w.l(libshutdown2.o)
    0x0800020a   0x0800020a   0x00000000   Code   RO         7043    .ARM.Collect$$libshutdown$$00000011  c_w.l(libshutdown2.o)
    0x0800020a   0x0800020a   0x00000002   Code   RO         7044    .ARM.Collect$$libshutdown$$00000012  c_w.l(libshutdown2.o)
    0x0800020c   0x0800020c   0x00000000   Code   RO         6880    .ARM.Collect$$rtentry$$00000000  c_w.l(__rtentry.o)
    0x0800020c   0x0800020c   0x00000000   Code   RO         6931    .ARM.Collect$$rtentry$$00000002  c_w.l(__rtentry2.o)
    0x0800020c   0x0800020c   0x00000006   Code   RO         6943    .ARM.Collect$$rtentry$$00000004  c_w.l(__rtentry4.o)
    0x08000212   0x08000212   0x00000000   Code   RO         6933    .ARM.Collect$$rtentry$$00000009  c_w.l(__rtentry2.o)
    0x08000212   0x08000212   0x00000004   Code   RO         6934    .ARM.Collect$$rtentry$$0000000A  c_w.l(__rtentry2.o)
    0x08000216   0x08000216   0x00000000   Code   RO         6936    .ARM.Collect$$rtentry$$0000000C  c_w.l(__rtentry2.o)
    0x08000216   0x08000216   0x00000008   Code   RO         6937    .ARM.Collect$$rtentry$$0000000D  c_w.l(__rtentry2.o)
    0x0800021e   0x0800021e   0x00000002   Code   RO         6974    .ARM.Collect$$rtexit$$00000000  c_w.l(rtexit.o)
    0x08000220   0x08000220   0x00000000   Code   RO         6994    .ARM.Collect$$rtexit$$00000002  c_w.l(rtexit2.o)
    0x08000220   0x08000220   0x00000004   Code   RO         6995    .ARM.Collect$$rtexit$$00000003  c_w.l(rtexit2.o)
    0x08000224   0x08000224   0x00000006   Code   RO         6996    .ARM.Collect$$rtexit$$00000004  c_w.l(rtexit2.o)
    0x0800022a   0x0800022a   0x00000002   PAD
    0x0800022c   0x0800022c   0x000000be   Code   RO         2247    .emb_text           port.o
    0x080002ea   0x080002ea   0x00000002   PAD
    0x080002ec   0x080002ec   0x00000040   Code   RO          947    .text               startup_stm32f407xx.o
    0x0800032c   0x0800032c   0x000000ee   Code   RO         6858    .text               c_w.l(lludivv7m.o)
    0x0800041a   0x0800041a   0x00000064   Code   RO         6862    .text               c_w.l(rt_memcpy_w.o)
    0x0800047e   0x0800047e   0x00000044   Code   RO         6866    .text               c_w.l(rt_memclr.o)
    0x080004c2   0x080004c2   0x0000004e   Code   RO         6868    .text               c_w.l(rt_memclr_w.o)
    0x08000510   0x08000510   0x00000006   Code   RO         6870    .text               c_w.l(heapauxi.o)
    0x08000516   0x08000516   0x00000002   PAD
    0x08000518   0x08000518   0x00000024   Code   RO         6877    .text               c_w.l(init_aeabi.o)
    0x0800053c   0x0800053c   0x0000004a   Code   RO         6951    .text               c_w.l(sys_stackheap_outer.o)
    0x08000586   0x08000586   0x00000012   Code   RO         6953    .text               c_w.l(exit.o)
    0x08000598   0x08000598   0x00000008   Code   RO         6971    .text               c_w.l(libspace.o)
    0x080005a0   0x080005a0   0x0000000c   Code   RO         6988    .text               c_w.l(sys_exit.o)
    0x080005ac   0x080005ac   0x00000002   Code   RO         6990    .text               c_w.l(use_no_semi.o)
    0x080005ae   0x080005ae   0x00000000   Code   RO         6992    .text               c_w.l(indicate_semi.o)
    0x080005ae   0x080005ae   0x00000002   Code   RO          580    i.BusFault_Handler  stm32f4xx_it.o
    0x080005b0   0x080005b0   0x0000000c   Code   RO          581    i.CAN1_RX0_IRQHandler  stm32f4xx_it.o
    0x080005bc   0x080005bc   0x0000000c   Code   RO          582    i.CAN2_RX0_IRQHandler  stm32f4xx_it.o
    0x080005c8   0x080005c8   0x0000003a   Code   RO         2396    i.CAN_Enable        can_drv.o
    0x08000602   0x08000602   0x00000002   PAD
    0x08000604   0x08000604   0x0000000c   Code   RO          583    i.DMA1_Stream0_IRQHandler  stm32f4xx_it.o
    0x08000610   0x08000610   0x0000000c   Code   RO          584    i.DMA1_Stream1_IRQHandler  stm32f4xx_it.o
    0x0800061c   0x0800061c   0x0000000c   Code   RO          585    i.DMA1_Stream2_IRQHandler  stm32f4xx_it.o
    0x08000628   0x08000628   0x0000000c   Code   RO          586    i.DMA1_Stream3_IRQHandler  stm32f4xx_it.o
    0x08000634   0x08000634   0x0000000c   Code   RO          587    i.DMA1_Stream4_IRQHandler  stm32f4xx_it.o
    0x08000640   0x08000640   0x0000000c   Code   RO          588    i.DMA1_Stream5_IRQHandler  stm32f4xx_it.o
    0x0800064c   0x0800064c   0x0000000c   Code   RO          589    i.DMA1_Stream7_IRQHandler  stm32f4xx_it.o
    0x08000658   0x08000658   0x0000000c   Code   RO          590    i.DMA2_Stream1_IRQHandler  stm32f4xx_it.o
    0x08000664   0x08000664   0x0000000c   Code   RO          591    i.DMA2_Stream2_IRQHandler  stm32f4xx_it.o
    0x08000670   0x08000670   0x0000000c   Code   RO          592    i.DMA2_Stream6_IRQHandler  stm32f4xx_it.o
    0x0800067c   0x0800067c   0x0000000c   Code   RO          593    i.DMA2_Stream7_IRQHandler  stm32f4xx_it.o
    0x08000688   0x08000688   0x00000028   Code   RO         4454    i.DMA_CalcBaseAndBitshift  stm32f4xx_hal_dma.o
    0x080006b0   0x080006b0   0x00000054   Code   RO         4455    i.DMA_CheckFifoParam  stm32f4xx_hal_dma.o
    0x08000704   0x08000704   0x00000028   Code   RO         4456    i.DMA_SetConfig     stm32f4xx_hal_dma.o
    0x0800072c   0x0800072c   0x00000002   Code   RO          594    i.DebugMon_Handler  stm32f4xx_it.o
    0x0800072e   0x0800072e   0x00000002   PAD
    0x08000730   0x08000730   0x00000088   Code   RO         2439    i.Device_init       dev_drv.o
    0x080007b8   0x080007b8   0x00000016   Code   RO          595    i.EXTI9_5_IRQHandler  stm32f4xx_it.o
    0x080007ce   0x080007ce   0x00000004   Code   RO          327    i.Error_Handler     main.o
    0x080007d2   0x080007d2   0x00000024   Code   RO         3762    i.HAL_CAN_ActivateNotification  stm32f4xx_hal_can.o
    0x080007f6   0x080007f6   0x000000d0   Code   RO         3763    i.HAL_CAN_AddTxMessage  stm32f4xx_hal_can.o
    0x080008c6   0x080008c6   0x00000002   PAD
    0x080008c8   0x080008c8   0x0000010c   Code   RO         3764    i.HAL_CAN_ConfigFilter  stm32f4xx_hal_can.o
    0x080009d4   0x080009d4   0x00000002   Code   RO         3767    i.HAL_CAN_ErrorCallback  stm32f4xx_hal_can.o
    0x080009d6   0x080009d6   0x000000f4   Code   RO         3770    i.HAL_CAN_GetRxMessage  stm32f4xx_hal_can.o
    0x08000aca   0x08000aca   0x000001fc   Code   RO         3774    i.HAL_CAN_IRQHandler  stm32f4xx_hal_can.o
    0x08000cc6   0x08000cc6   0x0000011a   Code   RO         3775    i.HAL_CAN_Init      stm32f4xx_hal_can.o
    0x08000de0   0x08000de0   0x00000104   Code   RO          478    i.HAL_CAN_MspInit   can.o
    0x08000ee4   0x08000ee4   0x00000002   Code   RO         3782    i.HAL_CAN_RxFifo0FullCallback  stm32f4xx_hal_can.o
    0x08000ee6   0x08000ee6   0x00000002   PAD
    0x08000ee8   0x08000ee8   0x00000040   Code   RO         2397    i.HAL_CAN_RxFifo0MsgPendingCallback  can_drv.o
    0x08000f28   0x08000f28   0x00000002   Code   RO         3784    i.HAL_CAN_RxFifo1FullCallback  stm32f4xx_hal_can.o
    0x08000f2a   0x08000f2a   0x00000002   Code   RO         3785    i.HAL_CAN_RxFifo1MsgPendingCallback  stm32f4xx_hal_can.o
    0x08000f2c   0x08000f2c   0x00000002   Code   RO         3786    i.HAL_CAN_SleepCallback  stm32f4xx_hal_can.o
    0x08000f2e   0x08000f2e   0x00000002   PAD
    0x08000f30   0x08000f30   0x00000058   Code   RO         3787    i.HAL_CAN_Start     stm32f4xx_hal_can.o
    0x08000f88   0x08000f88   0x00000002   Code   RO         3789    i.HAL_CAN_TxMailbox0AbortCallback  stm32f4xx_hal_can.o
    0x08000f8a   0x08000f8a   0x00000002   Code   RO         3790    i.HAL_CAN_TxMailbox0CompleteCallback  stm32f4xx_hal_can.o
    0x08000f8c   0x08000f8c   0x00000002   Code   RO         3791    i.HAL_CAN_TxMailbox1AbortCallback  stm32f4xx_hal_can.o
    0x08000f8e   0x08000f8e   0x00000002   Code   RO         3792    i.HAL_CAN_TxMailbox1CompleteCallback  stm32f4xx_hal_can.o
    0x08000f90   0x08000f90   0x00000002   Code   RO         3793    i.HAL_CAN_TxMailbox2AbortCallback  stm32f4xx_hal_can.o
    0x08000f92   0x08000f92   0x00000002   Code   RO         3794    i.HAL_CAN_TxMailbox2CompleteCallback  stm32f4xx_hal_can.o
    0x08000f94   0x08000f94   0x00000002   Code   RO         3796    i.HAL_CAN_WakeUpFromRxMsgCallback  stm32f4xx_hal_can.o
    0x08000f96   0x08000f96   0x00000092   Code   RO         4457    i.HAL_DMA_Abort     stm32f4xx_hal_dma.o
    0x08001028   0x08001028   0x00000024   Code   RO         4458    i.HAL_DMA_Abort_IT  stm32f4xx_hal_dma.o
    0x0800104c   0x0800104c   0x000001a0   Code   RO         4462    i.HAL_DMA_IRQHandler  stm32f4xx_hal_dma.o
    0x080011ec   0x080011ec   0x000000d4   Code   RO         4463    i.HAL_DMA_Init      stm32f4xx_hal_dma.o
    0x080012c0   0x080012c0   0x00000046   Code   RO         4466    i.HAL_DMA_Start     stm32f4xx_hal_dma.o
    0x08001306   0x08001306   0x0000006e   Code   RO         4467    i.HAL_DMA_Start_IT  stm32f4xx_hal_dma.o
    0x08001374   0x08001374   0x00000002   Code   RO            6    i.HAL_GPIO_EXTI_Callback  user_handler.o
    0x08001376   0x08001376   0x00000002   PAD
    0x08001378   0x08001378   0x00000018   Code   RO         4349    i.HAL_GPIO_EXTI_IRQHandler  stm32f4xx_hal_gpio.o
    0x08001390   0x08001390   0x000001f0   Code   RO         4350    i.HAL_GPIO_Init     stm32f4xx_hal_gpio.o
    0x08001580   0x08001580   0x0000000a   Code   RO         4354    i.HAL_GPIO_WritePin  stm32f4xx_hal_gpio.o
    0x0800158a   0x0800158a   0x00000002   PAD
    0x0800158c   0x0800158c   0x0000000c   Code   RO         4888    i.HAL_GetTick       stm32f4xx_hal.o
    0x08001598   0x08001598   0x0000005a   Code   RO         5133    i.HAL_IWDG_Init     stm32f4xx_hal_iwdg.o
    0x080015f2   0x080015f2   0x0000000c   Code   RO         5134    i.HAL_IWDG_Refresh  stm32f4xx_hal_iwdg.o
    0x080015fe   0x080015fe   0x00000002   PAD
    0x08001600   0x08001600   0x00000010   Code   RO         4894    i.HAL_IncTick       stm32f4xx_hal.o
    0x08001610   0x08001610   0x00000034   Code   RO         4895    i.HAL_Init          stm32f4xx_hal.o
    0x08001644   0x08001644   0x00000098   Code   RO          908    i.HAL_InitTick      stm32f4xx_hal_timebase_tim.o
    0x080016dc   0x080016dc   0x00000038   Code   RO          884    i.HAL_MspInit       stm32f4xx_hal_msp.o
    0x08001714   0x08001714   0x0000001a   Code   RO         4740    i.HAL_NVIC_EnableIRQ  stm32f4xx_hal_cortex.o
    0x0800172e   0x0800172e   0x00000002   PAD
    0x08001730   0x08001730   0x00000040   Code   RO         4746    i.HAL_NVIC_SetPriority  stm32f4xx_hal_cortex.o
    0x08001770   0x08001770   0x00000024   Code   RO         4747    i.HAL_NVIC_SetPriorityGrouping  stm32f4xx_hal_cortex.o
    0x08001794   0x08001794   0x00000134   Code   RO         3996    i.HAL_RCC_ClockConfig  stm32f4xx_hal_rcc.o
    0x080018c8   0x080018c8   0x00000040   Code   RO         4000    i.HAL_RCC_GetClockConfig  stm32f4xx_hal_rcc.o
    0x08001908   0x08001908   0x00000020   Code   RO         4003    i.HAL_RCC_GetPCLK1Freq  stm32f4xx_hal_rcc.o
    0x08001928   0x08001928   0x00000020   Code   RO         4004    i.HAL_RCC_GetPCLK2Freq  stm32f4xx_hal_rcc.o
    0x08001948   0x08001948   0x00000064   Code   RO         4005    i.HAL_RCC_GetSysClockFreq  stm32f4xx_hal_rcc.o
    0x080019ac   0x080019ac   0x0000036c   Code   RO         4008    i.HAL_RCC_OscConfig  stm32f4xx_hal_rcc.o
    0x08001d18   0x08001d18   0x000000bc   Code   RO         5174    i.HAL_SPI_Init      stm32f4xx_hal_spi.o
    0x08001dd4   0x08001dd4   0x000000b0   Code   RO          765    i.HAL_SPI_MspInit   spi.o
    0x08001e84   0x08001e84   0x00000156   Code   RO         5177    i.HAL_SPI_Receive   stm32f4xx_hal_spi.o
    0x08001fda   0x08001fda   0x0000016e   Code   RO         5182    i.HAL_SPI_Transmit  stm32f4xx_hal_spi.o
    0x08002148   0x08002148   0x000001ee   Code   RO         5183    i.HAL_SPI_TransmitReceive  stm32f4xx_hal_spi.o
    0x08002336   0x08002336   0x00000002   Code   RO         6191    i.HAL_TIMEx_BreakCallback  stm32f4xx_hal_tim_ex.o
    0x08002338   0x08002338   0x00000002   Code   RO         6192    i.HAL_TIMEx_CommutCallback  stm32f4xx_hal_tim_ex.o
    0x0800233a   0x0800233a   0x0000005a   Code   RO         5487    i.HAL_TIM_Base_Init  stm32f4xx_hal_tim.o
    0x08002394   0x08002394   0x00000002   Code   RO         5489    i.HAL_TIM_Base_MspInit  stm32f4xx_hal_tim.o
    0x08002396   0x08002396   0x00000002   PAD
    0x08002398   0x08002398   0x00000080   Code   RO         5492    i.HAL_TIM_Base_Start_IT  stm32f4xx_hal_tim.o
    0x08002418   0x08002418   0x00000002   Code   RO         5521    i.HAL_TIM_IC_CaptureCallback  stm32f4xx_hal_tim.o
    0x0800241a   0x0800241a   0x00000130   Code   RO         5535    i.HAL_TIM_IRQHandler  stm32f4xx_hal_tim.o
    0x0800254a   0x0800254a   0x00000002   Code   RO         5538    i.HAL_TIM_OC_DelayElapsedCallback  stm32f4xx_hal_tim.o
    0x0800254c   0x0800254c   0x00000002   Code   RO         5565    i.HAL_TIM_PWM_PulseFinishedCallback  stm32f4xx_hal_tim.o
    0x0800254e   0x0800254e   0x0000000e   Code   RO          328    i.HAL_TIM_PeriodElapsedCallback  main.o
    0x0800255c   0x0800255c   0x00000002   Code   RO         5578    i.HAL_TIM_TriggerCallback  stm32f4xx_hal_tim.o
    0x0800255e   0x0800255e   0x00000002   Code   RO         6470    i.HAL_UARTEx_RxEventCallback  stm32f4xx_hal_uart.o
    0x08002560   0x08002560   0x00000002   Code   RO         6484    i.HAL_UART_ErrorCallback  stm32f4xx_hal_uart.o
    0x08002562   0x08002562   0x00000002   PAD
    0x08002564   0x08002564   0x00000270   Code   RO         6487    i.HAL_UART_IRQHandler  stm32f4xx_hal_uart.o
    0x080027d4   0x080027d4   0x00000064   Code   RO         6488    i.HAL_UART_Init     stm32f4xx_hal_uart.o
    0x08002838   0x08002838   0x000004c0   Code   RO          813    i.HAL_UART_MspInit  usart.o
    0x08002cf8   0x08002cf8   0x00000002   Code   RO         6494    i.HAL_UART_RxCpltCallback  stm32f4xx_hal_uart.o
    0x08002cfa   0x08002cfa   0x00000002   PAD
    0x08002cfc   0x08002cfc   0x00000078   Code   RO         6497    i.HAL_UART_Transmit_DMA  stm32f4xx_hal_uart.o
    0x08002d74   0x08002d74   0x00000002   Code   RO         6499    i.HAL_UART_TxCpltCallback  stm32f4xx_hal_uart.o
    0x08002d76   0x08002d76   0x00000002   Code   RO         6500    i.HAL_UART_TxHalfCpltCallback  stm32f4xx_hal_uart.o
    0x08002d78   0x08002d78   0x00000002   Code   RO          596    i.HardFault_Handler  stm32f4xx_it.o
    0x08002d7a   0x08002d7a   0x00000002   PAD
    0x08002d7c   0x08002d7c   0x00000010   Code   RO         2469    i.LED_B             gpio_drv.o
    0x08002d8c   0x08002d8c   0x00000010   Code   RO         2470    i.LED_G             gpio_drv.o
    0x08002d9c   0x08002d9c   0x00000010   Code   RO         2471    i.LED_R             gpio_drv.o
    0x08002dac   0x08002dac   0x00000048   Code   RO          479    i.MX_CAN1_Init      can.o
    0x08002df4   0x08002df4   0x00000048   Code   RO          480    i.MX_CAN2_Init      can.o
    0x08002e3c   0x08002e3c   0x000000dc   Code   RO          526    i.MX_DMA_Init       dma.o
    0x08002f18   0x08002f18   0x0000002c   Code   RO          420    i.MX_FREERTOS_Init  freertos.o
    0x08002f44   0x08002f44   0x00000194   Code   RO          396    i.MX_GPIO_Init      gpio.o
    0x080030d8   0x080030d8   0x0000002c   Code   RO          550    i.MX_IWDG_Init      iwdg.o
    0x08003104   0x08003104   0x00000044   Code   RO          766    i.MX_SPI1_Init      spi.o
    0x08003148   0x08003148   0x00000048   Code   RO          767    i.MX_SPI2_Init      spi.o
    0x08003190   0x08003190   0x00000038   Code   RO          814    i.MX_UART4_Init     usart.o
    0x080031c8   0x080031c8   0x00000038   Code   RO          815    i.MX_UART5_Init     usart.o
    0x08003200   0x08003200   0x00000038   Code   RO          816    i.MX_USART1_UART_Init  usart.o
    0x08003238   0x08003238   0x0000003c   Code   RO          817    i.MX_USART2_UART_Init  usart.o
    0x08003274   0x08003274   0x00000038   Code   RO          818    i.MX_USART3_UART_Init  usart.o
    0x080032ac   0x080032ac   0x00000038   Code   RO          819    i.MX_USART6_UART_Init  usart.o
    0x080032e4   0x080032e4   0x00000002   Code   RO          597    i.MemManage_Handler  stm32f4xx_it.o
    0x080032e6   0x080032e6   0x00000002   Code   RO          598    i.NMI_Handler       stm32f4xx_it.o
    0x080032e8   0x080032e8   0x00000010   Code   RO         2473    i.SPI2_CS           gpio_drv.o
    0x080032f8   0x080032f8   0x00000014   Code   RO         2519    i.SPI2_RX           spi_drv.o
    0x0800330c   0x0800330c   0x00000014   Code   RO         2520    i.SPI2_TX           spi_drv.o
    0x08003320   0x08003320   0x0000005c   Code   RO         5211    i.SPI_EndRxTransaction  stm32f4xx_hal_spi.o
    0x0800337c   0x0800337c   0x0000006c   Code   RO         5212    i.SPI_EndRxTxTransaction  stm32f4xx_hal_spi.o
    0x080033e8   0x080033e8   0x000000b8   Code   RO         5217    i.SPI_WaitFlagStateUntilTimeout  stm32f4xx_hal_spi.o
    0x080034a0   0x080034a0   0x0000000c   Code   RO         2398    i.Set_tx_ID         can_drv.o
    0x080034ac   0x080034ac   0x00000008   Code   RO          421    i.StartDefaultTask  freertos.o
    0x080034b4   0x080034b4   0x0000002c   Code   RO         2248    i.SysTick_Handler   port.o
    0x080034e0   0x080034e0   0x00000098   Code   RO          329    i.SystemClock_Config  main.o
    0x08003578   0x08003578   0x00000010   Code   RO         6822    i.SystemInit        system_stm32f4xx.o
    0x08003588   0x08003588   0x0000000c   Code   RO          599    i.TIM2_IRQHandler   stm32f4xx_it.o
    0x08003594   0x08003594   0x000000d8   Code   RO         5580    i.TIM_Base_SetConfig  stm32f4xx_hal_tim.o
    0x0800366c   0x0800366c   0x00000100   Code   RO          190    i.Test_Task         user_task.o
    0x0800376c   0x0800376c   0x00000018   Code   RO          600    i.UART4_IRQHandler  stm32f4xx_it.o
    0x08003784   0x08003784   0x00000018   Code   RO          601    i.UART5_IRQHandler  stm32f4xx_it.o
    0x0800379c   0x0800379c   0x00000010   Code   RO         6501    i.UART_DMAAbortOnError  stm32f4xx_hal_uart.o
    0x080037ac   0x080037ac   0x0000004a   Code   RO         6502    i.UART_DMAError     stm32f4xx_hal_uart.o
    0x080037f6   0x080037f6   0x00000042   Code   RO         6507    i.UART_DMATransmitCplt  stm32f4xx_hal_uart.o
    0x08003838   0x08003838   0x0000000a   Code   RO         6509    i.UART_DMATxHalfCplt  stm32f4xx_hal_uart.o
    0x08003842   0x08003842   0x00000034   Code   RO         2589    i.UART_Enable       uart_drv.o
    0x08003876   0x08003876   0x0000004e   Code   RO         6511    i.UART_EndRxTransfer  stm32f4xx_hal_uart.o
    0x080038c4   0x080038c4   0x0000001c   Code   RO         6512    i.UART_EndTxTransfer  stm32f4xx_hal_uart.o
    0x080038e0   0x080038e0   0x000000dc   Code   RO         2590    i.UART_IRQHandler   uart_drv.o
    0x080039bc   0x080039bc   0x000000c2   Code   RO         6513    i.UART_Receive_IT   stm32f4xx_hal_uart.o
    0x08003a7e   0x08003a7e   0x00000002   PAD
    0x08003a80   0x08003a80   0x0000010c   Code   RO         6514    i.UART_SetConfig    stm32f4xx_hal_uart.o
    0x08003b8c   0x08003b8c   0x00000018   Code   RO          602    i.USART1_IRQHandler  stm32f4xx_it.o
    0x08003ba4   0x08003ba4   0x00000018   Code   RO          603    i.USART2_IRQHandler  stm32f4xx_it.o
    0x08003bbc   0x08003bbc   0x00000018   Code   RO          604    i.USART3_IRQHandler  stm32f4xx_it.o
    0x08003bd4   0x08003bd4   0x00000018   Code   RO          605    i.USART6_IRQHandler  stm32f4xx_it.o
    0x08003bec   0x08003bec   0x00000002   Code   RO          606    i.UsageFault_Handler  stm32f4xx_it.o
    0x08003bee   0x08003bee   0x00000002   PAD
    0x08003bf0   0x08003bf0   0x00000028   Code   RO          192    i.User_Task_Init    user_task.o
    0x08003c18   0x08003c18   0x00000020   Code   RO         4753    i.__NVIC_SetPriority  stm32f4xx_hal_cortex.o
    0x08003c38   0x08003c38   0x0000002c   Code   RO          955    i.__armlib_thread_safety_init  armlib_lock_glue.o
    0x08003c64   0x08003c64   0x00000038   Code   RO          956    i._mutex_acquire    armlib_lock_glue.o
    0x08003c9c   0x08003c9c   0x00000038   Code   RO          957    i._mutex_free       armlib_lock_glue.o
    0x08003cd4   0x08003cd4   0x00000064   Code   RO          958    i._mutex_initialize  armlib_lock_glue.o
    0x08003d38   0x08003d38   0x00000038   Code   RO          959    i._mutex_release    armlib_lock_glue.o
    0x08003d70   0x08003d70   0x000000a0   Code   RO         2327    i.bmi270_get_data   bmi_drv.o
    0x08003e10   0x08003e10   0x00000082   Code   RO         3520    i.bmi270_get_sensor_config  bmi270.o
    0x08003e92   0x08003e92   0x00000002   PAD
    0x08003e94   0x08003e94   0x00000074   Code   RO         3521    i.bmi270_init       bmi270.o
    0x08003f08   0x08003f08   0x0000007e   Code   RO         3525    i.bmi270_sensor_enable  bmi270.o
    0x08003f86   0x08003f86   0x0000007e   Code   RO         3526    i.bmi270_set_sensor_config  bmi270.o
    0x08004004   0x08004004   0x00000024   Code   RO         2328    i.bmi2_1us          bmi_drv.o
    0x08004028   0x08004028   0x00000018   Code   RO         2330    i.bmi2_delay_us     bmi_drv.o
    0x08004040   0x08004040   0x00000036   Code   RO         2628    i.bmi2_extract_input_feat_config  bmi2.o
    0x08004076   0x08004076   0x000000a0   Code   RO         2635    i.bmi2_get_feat_config  bmi2.o
    0x08004116   0x08004116   0x00000084   Code   RO         2636    i.bmi2_get_feature_data  bmi2.o
    0x0800419a   0x0800419a   0x00000040   Code   RO         2643    i.bmi2_get_gyro_cross_sense  bmi2.o
    0x080041da   0x080041da   0x00000030   Code   RO         2651    i.bmi2_get_internal_status  bmi2.o
    0x0800420a   0x0800420a   0x0000007e   Code   RO         2652    i.bmi2_get_regs     bmi2.o
    0x08004288   0x08004288   0x00000114   Code   RO         2655    i.bmi2_get_sensor_config  bmi2.o
    0x0800439c   0x0800439c   0x00000026   Code   RO         2660    i.bmi2_get_status   bmi2.o
    0x080043c2   0x080043c2   0x00000076   Code   RO         2662    i.bmi2_map_data_int  bmi2.o
    0x08004438   0x08004438   0x00000078   Code   RO         2672    i.bmi2_sec_init     bmi2.o
    0x080044b0   0x080044b0   0x00000054   Code   RO         2676    i.bmi2_set_adv_power_save  bmi2.o
    0x08004504   0x08004504   0x0000009c   Code   RO         2692    i.bmi2_set_regs     bmi2.o
    0x080045a0   0x080045a0   0x000000a6   Code   RO         2694    i.bmi2_set_sensor_config  bmi2.o
    0x08004646   0x08004646   0x00000060   Code   RO         2698    i.bmi2_soft_reset   bmi2.o
    0x080046a6   0x080046a6   0x0000003a   Code   RO         2331    i.bmi2_spi_read     bmi_drv.o
    0x080046e0   0x080046e0   0x0000003a   Code   RO         2332    i.bmi2_spi_write    bmi_drv.o
    0x0800471a   0x0800471a   0x0000006a   Code   RO         2700    i.bmi2_write_config_file  bmi2.o
    0x08004784   0x08004784   0x0000003e   Code   RO         2703    i.cfg_error_status  bmi2.o
    0x080047c2   0x080047c2   0x00000030   Code   RO         2704    i.check_boundary_val  bmi2.o
    0x080047f2   0x080047f2   0x000000dc   Code   RO         2708    i.config_aux_interface  bmi2.o
    0x080048ce   0x080048ce   0x00000076   Code   RO         3530    i.enable_main_sensors  bmi270.o
    0x08004944   0x08004944   0x0000008c   Code   RO         3531    i.enable_sensor_features  bmi270.o
    0x080049d0   0x080049d0   0x00000036   Code   RO         2718    i.extract_output_feat_config  bmi2.o
    0x08004a06   0x08004a06   0x0000004e   Code   RO         2720    i.get_accel_config  bmi2.o
    0x08004a54   0x08004a54   0x0000007e   Code   RO         3533    i.get_any_motion_config  bmi270.o
    0x08004ad2   0x08004ad2   0x0000005a   Code   RO         2721    i.get_aux_interface_config  bmi2.o
    0x08004b2c   0x08004b2c   0x000000da   Code   RO         3534    i.get_feat_config   bmi270.o
    0x08004c06   0x08004c06   0x0000005e   Code   RO         2723    i.get_gyro_config   bmi2.o
    0x08004c64   0x08004c64   0x00000072   Code   RO         2724    i.get_gyro_cross_sense  bmi2.o
    0x08004cd6   0x08004cd6   0x0000008a   Code   RO         2725    i.get_gyro_gain_update_config  bmi2.o
    0x08004d60   0x08004d60   0x00000068   Code   RO         2726    i.get_gyro_gain_update_status  bmi2.o
    0x08004dc8   0x08004dc8   0x0000007e   Code   RO         3535    i.get_no_motion_config  bmi270.o
    0x08004e46   0x08004e46   0x0000005a   Code   RO         3537    i.get_step_config   bmi270.o
    0x08004ea0   0x08004ea0   0x000000aa   Code   RO         3538    i.get_step_count_params_config  bmi270.o
    0x08004f4a   0x08004f4a   0x00000068   Code   RO         3541    i.get_wrist_gest_config  bmi270.o
    0x08004fb2   0x08004fb2   0x0000007c   Code   RO         3542    i.get_wrist_wear_wake_up_config  bmi270.o
    0x0800502e   0x0800502e   0x00000002   PAD
    0x08005030   0x08005030   0x00000068   Code   RO         2333    i.imu_init          bmi_drv.o
    0x08005098   0x08005098   0x0000004a   Code   RO          330    i.main              main.o
    0x080050e2   0x080050e2   0x0000000c   Code   RO         1822    i.makeFreeRtosPriority  cmsis_os.o
    0x080050ee   0x080050ee   0x00000018   Code   RO         2734    i.null_ptr_check    bmi2.o
    0x08005106   0x08005106   0x00000018   Code   RO         3543    i.null_ptr_check    bmi270.o
    0x0800511e   0x0800511e   0x0000000e   Code   RO         1824    i.osDelay           cmsis_os.o
    0x0800512c   0x0800512c   0x0000000a   Code   RO         1827    i.osKernelStart     cmsis_os.o
    0x08005136   0x08005136   0x00000054   Code   RO         1861    i.osThreadCreate    cmsis_os.o
    0x0800518a   0x0800518a   0x00000002   PAD
    0x0800518c   0x0800518c   0x00000070   Code   RO         1504    i.prvAddCurrentTaskToDelayedList  tasks.o
    0x080051fc   0x080051fc   0x000000d0   Code   RO         1505    i.prvAddNewTaskToReadyList  tasks.o
    0x080052cc   0x080052cc   0x00000034   Code   RO         1506    i.prvDeleteTCB      tasks.o
    0x08005300   0x08005300   0x0000004c   Code   RO         2180    i.prvHeapInit       heap_4.o
    0x0800534c   0x0800534c   0x00000060   Code   RO         1507    i.prvIdleTask       tasks.o
    0x080053ac   0x080053ac   0x00000098   Code   RO         1508    i.prvInitialiseNewTask  tasks.o
    0x08005444   0x08005444   0x0000004c   Code   RO         2181    i.prvInsertBlockIntoFreeList  heap_4.o
    0x08005490   0x08005490   0x00000020   Code   RO         1509    i.prvResetNextTaskUnblockTime  tasks.o
    0x080054b0   0x080054b0   0x00000028   Code   RO         2249    i.prvTaskExitError  port.o
    0x080054d8   0x080054d8   0x000000dc   Code   RO         2182    i.pvPortMalloc      heap_4.o
    0x080055b4   0x080055b4   0x0000002c   Code   RO         2250    i.pxPortInitialiseStack  port.o
    0x080055e0   0x080055e0   0x000000c0   Code   RO         3544    i.select_sensor     bmi270.o
    0x080056a0   0x080056a0   0x00000098   Code   RO         2752    i.set_accel_config  bmi2.o
    0x08005738   0x08005738   0x0000005e   Code   RO         2334    i.set_accel_gyro_config  bmi_drv.o
    0x08005796   0x08005796   0x00000070   Code   RO         3545    i.set_any_motion    bmi270.o
    0x08005806   0x08005806   0x000000ae   Code   RO         3546    i.set_any_motion_config  bmi270.o
    0x080058b4   0x080058b4   0x00000090   Code   RO         2753    i.set_aux_config    bmi2.o
    0x08005944   0x08005944   0x00000036   Code   RO         2754    i.set_config_load   bmi2.o
    0x0800597a   0x0800597a   0x00000084   Code   RO         3547    i.set_feat_config   bmi270.o
    0x080059fe   0x080059fe   0x000000ac   Code   RO         2755    i.set_gyro_config   bmi2.o
    0x08005aaa   0x08005aaa   0x0000006c   Code   RO         3548    i.set_gyro_self_offset_corr  bmi270.o
    0x08005b16   0x08005b16   0x00000070   Code   RO         3549    i.set_gyro_user_gain  bmi270.o
    0x08005b86   0x08005b86   0x000000a2   Code   RO         2756    i.set_gyro_user_gain_config  bmi2.o
    0x08005c28   0x08005c28   0x00000070   Code   RO         3550    i.set_no_motion     bmi270.o
    0x08005c98   0x08005c98   0x000000ae   Code   RO         3551    i.set_no_motion_config  bmi270.o
    0x08005d46   0x08005d46   0x00000070   Code   RO         3552    i.set_sig_motion    bmi270.o
    0x08005db6   0x08005db6   0x00000076   Code   RO         3553    i.set_sig_motion_config  bmi270.o
    0x08005e2c   0x08005e2c   0x00000070   Code   RO         3554    i.set_step_activity  bmi270.o
    0x08005e9c   0x08005e9c   0x0000008a   Code   RO         3555    i.set_step_config   bmi270.o
    0x08005f26   0x08005f26   0x000000d4   Code   RO         3556    i.set_step_count_params_config  bmi270.o
    0x08005ffa   0x08005ffa   0x00000070   Code   RO         3557    i.set_step_counter  bmi270.o
    0x0800606a   0x0800606a   0x00000070   Code   RO         3558    i.set_step_detector  bmi270.o
    0x080060da   0x080060da   0x0000009c   Code   RO         3559    i.set_wrist_gest_config  bmi270.o
    0x08006176   0x08006176   0x0000006c   Code   RO         3560    i.set_wrist_gesture  bmi270.o
    0x080061e2   0x080061e2   0x0000006c   Code   RO         3561    i.set_wrist_wear_wake_up  bmi270.o
    0x0800624e   0x0800624e   0x000000ac   Code   RO         3562    i.set_wrist_wear_wake_up_config  bmi270.o
    0x080062fa   0x080062fa   0x00000036   Code   RO          960    i.stm32_lock_acquire  armlib_lock_glue.o
    0x08006330   0x08006330   0x0000002a   Code   RO          961    i.stm32_lock_release  armlib_lock_glue.o
    0x0800635a   0x0800635a   0x00000040   Code   RO         2773    i.upload_file       bmi2.o
    0x0800639a   0x0800639a   0x00000026   Code   RO         1140    i.uxListRemove      list.o
    0x080063c0   0x080063c0   0x00000014   Code   RO          422    i.vApplicationGetIdleTaskMemory  freertos.o
    0x080063d4   0x080063d4   0x00000016   Code   RO         1141    i.vListInitialise   list.o
    0x080063ea   0x080063ea   0x00000006   Code   RO         1142    i.vListInitialiseItem  list.o
    0x080063f0   0x080063f0   0x00000030   Code   RO         1143    i.vListInsert       list.o
    0x08006420   0x08006420   0x00000018   Code   RO         1144    i.vListInsertEnd    list.o
    0x08006438   0x08006438   0x00000040   Code   RO         2252    i.vPortEnterCritical  port.o
    0x08006478   0x08006478   0x00000028   Code   RO         2253    i.vPortExitCritical  port.o
    0x080064a0   0x080064a0   0x00000064   Code   RO         2183    i.vPortFree         heap_4.o
    0x08006504   0x08006504   0x00000024   Code   RO         2254    i.vPortSetupTimerInterrupt  port.o
    0x08006528   0x08006528   0x0000004c   Code   RO         1518    i.vTaskDelay        tasks.o
    0x08006574   0x08006574   0x0000006c   Code   RO         1531    i.vTaskStartScheduler  tasks.o
    0x080065e0   0x080065e0   0x00000010   Code   RO         1533    i.vTaskSuspendAll   tasks.o
    0x080065f0   0x080065f0   0x0000005c   Code   RO         1534    i.vTaskSwitchContext  tasks.o
    0x0800664c   0x0800664c   0x000000ba   Code   RO         2778    i.write_config_file  bmi2.o
    0x08006706   0x08006706   0x00000002   PAD
    0x08006708   0x08006708   0x000000f4   Code   RO         2256    i.xPortStartScheduler  port.o
    0x080067fc   0x080067fc   0x0000005a   Code   RO         1537    i.xTaskCreate       tasks.o
    0x08006856   0x08006856   0x00000056   Code   RO         1538    i.xTaskCreateStatic  tasks.o
    0x080068ac   0x080068ac   0x000000cc   Code   RO         1545    i.xTaskIncrementTick  tasks.o
    0x08006978   0x08006978   0x000000c4   Code   RO         1551    i.xTaskResumeAll    tasks.o
    0x08006a3c   0x08006a3c   0x0000000a   Code   RO         6949    x$fpl$fpinit        fz_wm.l(fpinit.o)
    0x08006a46   0x08006a46   0x00000002   PAD
    0x08006a48   0x08006a48   0x0000001c   Data   RO          194    .constdata          user_task.o
    0x08006a64   0x08006a64   0x0000001c   Data   RO          424    .constdata          freertos.o
    0x08006a80   0x08006a80   0x00000006   Data   RO         2780    .constdata          bmi2.o
    0x08006a86   0x08006a86   0x00002048   Data   RO         3563    .constdata          bmi270.o
    0x08008ace   0x08008ace   0x00000008   Data   RO         4469    .constdata          stm32f4xx_hal_dma.o
    0x08008ad6   0x08008ad6   0x00000010   Data   RO         6823    .constdata          system_stm32f4xx.o
    0x08008ae6   0x08008ae6   0x00000008   Data   RO         6824    .constdata          system_stm32f4xx.o
    0x08008aee   0x08008aee   0x00000002   PAD
    0x08008af0   0x08008af0   0x00000006   Data   RO          195    .conststring        user_task.o
    0x08008af6   0x08008af6   0x00000002   PAD
    0x08008af8   0x08008af8   0x0000000c   Data   RO          425    .conststring        freertos.o
    0x08008b04   0x08008b04   0x00000020   Data   RO         7045    Region$$Table       anon$$obj.o
    0x08008b24   0x08008b24   0x00000004   Data   RO          963    .init_array         armlib_lock_glue.o
    0x08008b28   0x08008b24   0x00000000   Data   RO         6875    .init_array         c_w.l(init_aeabi.o)


    Execution Region RW_IRAM1 (Exec base: 0x20000000, Load base: 0x08008b28, Size: 0x0000b858, Max: 0x0001c000, ABSOLUTE)

    Exec Addr    Load Addr    Size         Type   Attr      Idx    E Section Name        Object

    0x20000000   0x08008b28   0x0000001c   Data   RW          196    .data               user_task.o
    0x2000001c   0x08008b44   0x00000004   Data   RW          426    .data               freertos.o
    0x20000020   0x08008b48   0x00000004   Data   RW          482    .data               can.o
    0x20000024   0x08008b4c   0x0000003c   Data   RW         1554    .data               tasks.o
    0x20000060   0x08008b88   0x00000020   Data   RW         2189    .data               heap_4.o
    0x20000080   0x08008ba8   0x0000000c   Data   RW         2257    .data               port.o
    0x2000008c   0x08008bb4   0x00000008   Data   RW         2336    .data               bmi_drv.o
    0x20000094   0x08008bbc   0x00000018   Data   RW         2400    .data               can_drv.o
    0x200000ac   0x08008bd4   0x00000010   Data   RW         3564    .data               bmi270.o
    0x200000bc   0x08008be4   0x0000000c   Data   RW         4902    .data               stm32f4xx_hal.o
    0x200000c8   0x08008bf0   0x00000004   Data   RW         6825    .data               system_stm32f4xx.o
    0x200000cc        -       0x00000254   Zero   RW          423    .bss                freertos.o
    0x20000320        -       0x00000050   Zero   RW          481    .bss                can.o
    0x20000370        -       0x0000000c   Zero   RW          551    .bss                iwdg.o
    0x2000037c        -       0x000000b0   Zero   RW          768    .bss                spi.o
    0x2000042c        -       0x000005d0   Zero   RW          820    .bss                usart.o
    0x200009fc        -       0x00000048   Zero   RW          911    .bss                stm32f4xx_hal_timebase_tim.o
    0x20000a44        -       0x0000008c   Zero   RW          962    .bss                armlib_lock_glue.o
    0x20000ad0        -       0x000000f0   Zero   RW         1553    .bss                tasks.o
    0x20000bc0        -       0x0000a000   Zero   RW         2188    .bss                heap_4.o
    0x2000abc0        -       0x0000000e   Zero   RW         2335    .bss                bmi_drv.o
    0x2000abce   0x08008bf4   0x00000002   PAD
    0x2000abd0        -       0x00000024   Zero   RW         2399    .bss                can_drv.o
    0x2000abf4        -       0x00000300   Zero   RW         2440    .bss                dev_drv.o
    0x2000aef4        -       0x00000300   Zero   RW         2591    .bss                uart_drv.o
    0x2000b1f4        -       0x00000060   Zero   RW         6972    .bss                c_w.l(libspace.o)
    0x2000b254   0x08008bf4   0x00000004   PAD
    0x2000b258        -       0x00000200   Zero   RW          945    HEAP                startup_stm32f407xx.o
    0x2000b458        -       0x00000400   Zero   RW          944    STACK               startup_stm32f407xx.o


    Execution Region RW_IRAM2 (Exec base: 0x2001c000, Load base: 0x08008bf4, Size: 0x00000000, Max: 0x00004000, ABSOLUTE)

    **** No section assigned to this execution region ****


==============================================================================

Image component sizes


      Code (inc. data)   RO Data    RW Data    ZI Data      Debug   Object Name

       408         26          4          0        140      13074   armlib_lock_glue.o
      3704          6          6          0          0      38745   bmi2.o
      4314         22       8264         16          0      37158   bmi270.o
       534         32          0          8         14       6084   bmi_drv.o
       404         42          0          4         80       2878   can.o
       134         18          0         24         36       3151   can_drv.o
       120          0          0          0          0      18217   cmsis_os.o
       136         44          0          0        768       1814   dev_drv.o
       220          4          0          0          0       1046   dma.o
         0          0          0          0          0      17236   event_groups.o
        72         14         40          4        596       7462   freertos.o
       404         24          0          0          0       1303   gpio.o
        64         16          0          0          0       2262   gpio_drv.o
       472         24          0         32      40960       7967   heap_4.o
        44          8          0          0         12        879   iwdg.o
       138          0          0          0          0       4018   list.o
       244          8          0          0          0       3128   main.o
       702         72          0         12          0      11832   port.o
       316         40          0          0        176       2774   spi.o
        40         12          0          0          0       1608   spi_drv.o
        64         26        392          0       1536        888   startup_stm32f407xx.o
        80         14          0         12          0       8546   stm32f4xx_hal.o
      1658          6          0          0          0      15855   stm32f4xx_hal_can.o
       158         14          0          0          0      33430   stm32f4xx_hal_cortex.o
      1154         16          8          0          0       8982   stm32f4xx_hal_dma.o
       530         52          0          0          0       3123   stm32f4xx_hal_gpio.o
       102          0          0          0          0       2115   stm32f4xx_hal_iwdg.o
        56          4          0          0          0       1022   stm32f4xx_hal_msp.o
      1412         86          0          0          0       6433   stm32f4xx_hal_rcc.o
      1774         14          0          0          0       9174   stm32f4xx_hal_spi.o
       748         74          0          0          0       8280   stm32f4xx_hal_tim.o
         4          0          0          0          0       1861   stm32f4xx_hal_tim_ex.o
       152         18          0          0         72       1711   stm32f4xx_hal_timebase_tim.o
      1588         30          0          0          0      13514   stm32f4xx_hal_uart.o
       346        120          0          0          0      15168   stm32f4xx_it.o
         0          0          0          0          0        416   stream_buffer.o
        16          4         24          4          0       1355   system_stm32f4xx.o
      1520        112          0         60        240      20806   tasks.o
       272         36          0          0        768       2272   uart_drv.o
      1556        134          0          0       1488       6952   usart.o
         2          0          0          0          0     711777   user_handler.o
       296         56         34         28          0      80041   user_task.o

    ----------------------------------------------------------------------
     25998       1228       8808        204      46888    1136357   Object Totals
         0          0         32          0          0          0   (incl. Generated)
        40          0          4          0          2          0   (incl. Padding)

    ----------------------------------------------------------------------

      Code (inc. data)   RO Data    RW Data    ZI Data      Debug   Library Member Name

         8          0          0          0          0         68   __main.o
         0          0          0          0          0          0   __rtentry.o
        12          0          0          0          0          0   __rtentry2.o
         6          0          0          0          0          0   __rtentry4.o
        52          8          0          0          0          0   __scatter.o
        26          0          0          0          0          0   __scatter_copy.o
        28          0          0          0          0          0   __scatter_zi.o
        18          0          0          0          0         80   exit.o
         6          0          0          0          0        152   heapauxi.o
         0          0          0          0          0          0   indicate_semi.o
        36         10          0          0          0         80   init_aeabi.o
         2          0          0          0          0          0   libinit.o
        10          0          0          0          0          0   libinit2.o
         2          0          0          0          0          0   libshutdown.o
         2          0          0          0          0          0   libshutdown2.o
         8          4          0          0         96         68   libspace.o
       238          0          0          0          0        100   lludivv7m.o
        68          0          0          0          0         68   rt_memclr.o
        78          0          0          0          0         80   rt_memclr_w.o
       100          0          0          0          0         80   rt_memcpy_w.o
         2          0          0          0          0          0   rtexit.o
        10          0          0          0          0          0   rtexit2.o
        12          4          0          0          0         68   sys_exit.o
        74          0          0          0          0         80   sys_stackheap_outer.o
         2          0          0          0          0         68   use_no_semi.o
        10          0          0          0          0        116   fpinit.o

    ----------------------------------------------------------------------
       818         26          0          0        100       1108   Library Totals
         8          0          0          0          4          0   (incl. Padding)

    ----------------------------------------------------------------------

      Code (inc. data)   RO Data    RW Data    ZI Data      Debug   Library Name

       800         26          0          0         96        992   c_w.l
        10          0          0          0          0        116   fz_wm.l

    ----------------------------------------------------------------------
       818         26          0          0        100       1108   Library Totals

    ----------------------------------------------------------------------

==============================================================================


      Code (inc. data)   RO Data    RW Data    ZI Data      Debug   

     26816       1254       8808        204      46988    1111449   Grand Totals
     26816       1254       8808        204      46988    1111449   ELF Image Totals
     26816       1254       8808        204          0          0   ROM Totals

==============================================================================

    Total RO  Size (Code + RO Data)                35624 (  34.79kB)
    Total RW  Size (RW Data + ZI Data)             47192 (  46.09kB)
    Total ROM Size (Code + RO Data + RW Data)      35828 (  34.99kB)

==============================================================================

